<!doctype html public "-//w3c//dtd html 4.0 transitional//en">
<html><head>
<title>Static Call Graph - [.\output\X-9700H_2.4G_BT_V1_0]</title></head>
<body><HR>
<H1>Static Call Graph for image .\output\X-9700H_2.4G_BT_V1_0</H1><HR>
<BR><P>#&#060CALLGRAPH&#062# ARM Linker, 5060422: Last Updated: Fri Nov 09 08:53:56 2018
<BR><P>
<H3>Maximum Stack Usage =        336 bytes + Unknown(Cycles, Untraceable Function Pointers)</H3><H3>
Call chain for Maximum Stack Depth:</H3>
main &rArr; xxxxxtest &rArr; BSPWirelessWriteBytes &rArr; Wireless_Main &rArr; RF_HostTxFunc &rArr; RF_HostTxDatas &rArr; SendData2_4G &rArr; rf_transceiver &rArr; xn297l_transceive &rArr; xn297l_goto_wakeup &rArr; delay_1ms &rArr; BSPTimerDelay &rArr; __aeabi_ui2d &rArr; _double_epilogue &rArr; _double_round
<P>
<H3>
Mutually Recursive functions
</H3> <LI><a href="#[3d]">ADC1_2_IRQHandler</a>&nbsp;&nbsp;&nbsp;&rArr;&nbsp;&nbsp;&nbsp;<a href="#[3d]">ADC1_2_IRQHandler</a><BR>
</UL>
<P>
<H3>
Function Pointers
</H3><UL>
 <LI><a href="#[3d]">ADC1_2_IRQHandler</a> from startup_mm32f103.o(.text) referenced from startup_mm32f103.o(RESET)
 <LI><a href="#[60]">BSPKeyRoutine</a> from bspkey.o(.text) referenced from main.o(.text)
 <LI><a href="#[5e]">BT_Timer</a> from bluetooth.o(.text) referenced from bspwireless.o(.text)
 <LI><a href="#[25]">BusFault_Handler</a> from mm32f10x_it.o(.text) referenced from startup_mm32f103.o(RESET)
 <LI><a href="#[40]">CAN1_RX1_IRQHandler</a> from startup_mm32f103.o(.text) referenced from startup_mm32f103.o(RESET)
 <LI><a href="#[41]">CAN1_SCE_IRQHandler</a> from startup_mm32f103.o(.text) referenced from startup_mm32f103.o(RESET)
 <LI><a href="#[a]">CustomHID_Data_Setup</a> from usb_prop.o(.text) referenced 2 times from usb_prop.o(.data)
 <LI><a href="#[e]">CustomHID_GetConfigDescriptor</a> from usb_prop.o(.text) referenced 2 times from usb_prop.o(.data)
 <LI><a href="#[d]">CustomHID_GetDeviceDescriptor</a> from usb_prop.o(.text) referenced 2 times from usb_prop.o(.data)
 <LI><a href="#[ce]">CustomHID_GetHIDDescriptor</a> from usb_prop.o(.text) referenced from usb_prop.o(.text)
 <LI><a href="#[d3]">CustomHID_GetIdleValue</a> from usb_prop.o(.text) referenced from usb_prop.o(.text)
 <LI><a href="#[d1]">CustomHID_GetProtocolValue</a> from usb_prop.o(.text) referenced from usb_prop.o(.text)
 <LI><a href="#[cd]">CustomHID_GetReport</a> from usb_prop.o(.text) referenced from usb_prop.o(.text)
 <LI><a href="#[d0]">CustomHID_GetReportDescriptor</a> from usb_prop.o(.text) referenced from usb_prop.o(.text)
 <LI><a href="#[f]">CustomHID_GetStringDescriptor</a> from usb_prop.o(.text) referenced 2 times from usb_prop.o(.data)
 <LI><a href="#[c]">CustomHID_Get_Interface_Setting</a> from usb_prop.o(.text) referenced 2 times from usb_prop.o(.data)
 <LI><a href="#[b]">CustomHID_NoData_Setup</a> from usb_prop.o(.text) referenced 2 times from usb_prop.o(.data)
 <LI><a href="#[7]">CustomHID_Reset</a> from usb_prop.o(.text) referenced 2 times from usb_prop.o(.data)
 <LI><a href="#[1a]">CustomHID_SetConfiguration</a> from usb_prop.o(.text) referenced 2 times from usb_prop.o(.data)
 <LI><a href="#[1b]">CustomHID_SetDeviceAddress</a> from usb_prop.o(.text) referenced 2 times from usb_prop.o(.data)
 <LI><a href="#[d2]">CustomHID_SetReport</a> from usb_prop.o(.text) referenced from usb_prop.o(.text)
 <LI><a href="#[8]">CustomHID_Status_In</a> from usb_prop.o(.text) referenced 2 times from usb_prop.o(.data)
 <LI><a href="#[9]">CustomHID_Status_Out</a> from usb_prop.o(.text) referenced 2 times from usb_prop.o(.data)
 <LI><a href="#[6]">CustomHID_init</a> from usb_prop.o(.text) referenced 2 times from usb_prop.o(.data)
 <LI><a href="#[36]">DMA1_Channel1_IRQHandler</a> from startup_mm32f103.o(.text) referenced from startup_mm32f103.o(RESET)
 <LI><a href="#[37]">DMA1_Channel2_IRQHandler</a> from startup_mm32f103.o(.text) referenced from startup_mm32f103.o(RESET)
 <LI><a href="#[38]">DMA1_Channel3_IRQHandler</a> from startup_mm32f103.o(.text) referenced from startup_mm32f103.o(RESET)
 <LI><a href="#[39]">DMA1_Channel4_IRQHandler</a> from startup_mm32f103.o(.text) referenced from startup_mm32f103.o(RESET)
 <LI><a href="#[3a]">DMA1_Channel5_IRQHandler</a> from startup_mm32f103.o(.text) referenced from startup_mm32f103.o(RESET)
 <LI><a href="#[3b]">DMA1_Channel6_IRQHandler</a> from startup_mm32f103.o(.text) referenced from startup_mm32f103.o(RESET)
 <LI><a href="#[3c]">DMA1_Channel7_IRQHandler</a> from startup_mm32f103.o(.text) referenced from startup_mm32f103.o(RESET)
 <LI><a href="#[28]">DebugMon_Handler</a> from mm32f10x_it.o(.text) referenced from startup_mm32f103.o(RESET)
 <LI><a href="#[1]">EP1_IN_Callback</a> from usb_endp.o(.text) referenced 2 times from usb_istr.o(.data)
 <LI><a href="#[2]">EP2_IN_Callback</a> from usb_endp.o(.text) referenced 2 times from usb_istr.o(.data)
 <LI><a href="#[4]">EP2_OUT_Callback</a> from usb_endp.o(.text) referenced 2 times from usb_istr.o(.data)
 <LI><a href="#[5]">EP3_OUT_Callback</a> from usb_endp.o(.text) referenced 2 times from usb_istr.o(.data)
 <LI><a href="#[31]">EXTI0_IRQHandler</a> from startup_mm32f103.o(.text) referenced from startup_mm32f103.o(RESET)
 <LI><a href="#[53]">EXTI15_10_IRQHandler</a> from startup_mm32f103.o(.text) referenced from startup_mm32f103.o(RESET)
 <LI><a href="#[32]">EXTI1_IRQHandler</a> from startup_mm32f103.o(.text) referenced from startup_mm32f103.o(RESET)
 <LI><a href="#[33]">EXTI2_IRQHandler</a> from startup_mm32f103.o(.text) referenced from startup_mm32f103.o(RESET)
 <LI><a href="#[34]">EXTI3_IRQHandler</a> from startup_mm32f103.o(.text) referenced from startup_mm32f103.o(RESET)
 <LI><a href="#[35]">EXTI4_IRQHandler</a> from startup_mm32f103.o(.text) referenced from startup_mm32f103.o(RESET)
 <LI><a href="#[42]">EXTI9_5_IRQHandler</a> from startup_mm32f103.o(.text) referenced from startup_mm32f103.o(RESET)
 <LI><a href="#[2f]">FLASH_IRQHandler</a> from startup_mm32f103.o(.text) referenced from startup_mm32f103.o(RESET)
 <LI><a href="#[5a]">GetBTData</a> from bluetooth.o(.text) referenced from bluetooth.o(.text)
 <LI><a href="#[23]">HardFault_Handler</a> from mm32f10x_it.o(.text) referenced from startup_mm32f103.o(RESET)
 <LI><a href="#[4b]">I2C1_ER_IRQHandler</a> from startup_mm32f103.o(.text) referenced from startup_mm32f103.o(RESET)
 <LI><a href="#[4a]">I2C1_EV_IRQHandler</a> from startup_mm32f103.o(.text) referenced from startup_mm32f103.o(RESET)
 <LI><a href="#[4d]">I2C2_ER_IRQHandler</a> from startup_mm32f103.o(.text) referenced from startup_mm32f103.o(RESET)
 <LI><a href="#[4c]">I2C2_EV_IRQHandler</a> from startup_mm32f103.o(.text) referenced from startup_mm32f103.o(RESET)
 <LI><a href="#[5f]">LedFlash</a> from main.o(.text) referenced from main.o(.text)
 <LI><a href="#[24]">MemManage_Handler</a> from mm32f10x_it.o(.text) referenced from startup_mm32f103.o(RESET)
 <LI><a href="#[22]">NMI_Handler</a> from mm32f10x_it.o(.text) referenced from startup_mm32f103.o(RESET)
 <LI><a href="#[3]">NOP_Process</a> from usb_core.o(.text) referenced 48 times from usb_istr.o(.data)
 <LI><a href="#[1e]">Null</a> from uart1.o(.text) referenced 84 times from uart1.o(.data)
 <LI><a href="#[20]">Null</a> from bsptimer.o(.text) referenced from bsptimer.o(.text)
 <LI><a href="#[2c]">PVD_IRQHandler</a> from startup_mm32f103.o(.text) referenced from startup_mm32f103.o(RESET)
 <LI><a href="#[29]">PendSV_Handler</a> from mm32f10x_it.o(.text) referenced from startup_mm32f103.o(RESET)
 <LI><a href="#[30]">RCC_IRQHandler</a> from startup_mm32f103.o(.text) referenced from startup_mm32f103.o(RESET)
 <LI><a href="#[5d]">RF_Timer</a> from rf_main.o(.text) referenced from bspwireless.o(.text)
 <LI><a href="#[54]">RTCAlarm_IRQHandler</a> from startup_mm32f103.o(.text) referenced from startup_mm32f103.o(RESET)
 <LI><a href="#[2e]">RTC_IRQHandler</a> from startup_mm32f103.o(.text) referenced from startup_mm32f103.o(RESET)
 <LI><a href="#[21]">Reset_Handler</a> from startup_mm32f103.o(.text) referenced from startup_mm32f103.o(RESET)
 <LI><a href="#[4e]">SPI1_IRQHandler</a> from startup_mm32f103.o(.text) referenced from startup_mm32f103.o(RESET)
 <LI><a href="#[4f]">SPI2_IRQHandler</a> from startup_mm32f103.o(.text) referenced from startup_mm32f103.o(RESET)
 <LI><a href="#[27]">SVC_Handler</a> from mm32f10x_it.o(.text) referenced from startup_mm32f103.o(RESET)
 <LI><a href="#[9c]">Standard_GetConfiguration</a> from usb_core.o(.text) referenced from usb_core.o(.text)
 <LI><a href="#[9d]">Standard_GetInterface</a> from usb_core.o(.text) referenced from usb_core.o(.text)
 <LI><a href="#[9b]">Standard_GetStatus</a> from usb_core.o(.text) referenced 3 times from usb_core.o(.text)
 <LI><a href="#[2a]">SysTick_Handler</a> from bsptimer.o(.text) referenced from startup_mm32f103.o(RESET)
 <LI><a href="#[57]">SystemInit</a> from system_mm32f103.o(.text) referenced from startup_mm32f103.o(.text)
 <LI><a href="#[2d]">TAMPER_IRQHandler</a> from startup_mm32f103.o(.text) referenced from startup_mm32f103.o(RESET)
 <LI><a href="#[43]">TIM1_BRK_IRQHandler</a> from startup_mm32f103.o(.text) referenced from startup_mm32f103.o(RESET)
 <LI><a href="#[46]">TIM1_CC_IRQHandler</a> from startup_mm32f103.o(.text) referenced from startup_mm32f103.o(RESET)
 <LI><a href="#[45]">TIM1_TRG_COM_IRQHandler</a> from startup_mm32f103.o(.text) referenced from startup_mm32f103.o(RESET)
 <LI><a href="#[44]">TIM1_UP_IRQHandler</a> from startup_mm32f103.o(.text) referenced from startup_mm32f103.o(RESET)
 <LI><a href="#[47]">TIM2_IRQHandler</a> from bspsound.o(.text) referenced from startup_mm32f103.o(RESET)
 <LI><a href="#[48]">TIM3_IRQHandler</a> from startup_mm32f103.o(.text) referenced from startup_mm32f103.o(RESET)
 <LI><a href="#[49]">TIM4_IRQHandler</a> from startup_mm32f103.o(.text) referenced from startup_mm32f103.o(RESET)
 <LI><a href="#[61]">Timer</a> from main.o(.text) referenced from main.o(.text)
 <LI><a href="#[50]">UART1_IRQHandler</a> from uart1.o(.text) referenced from startup_mm32f103.o(RESET)
 <LI><a href="#[51]">UART2_IRQHandler</a> from uart2.o(.text) referenced from startup_mm32f103.o(RESET)
 <LI><a href="#[52]">UART3_IRQHandler</a> from startup_mm32f103.o(.text) referenced from startup_mm32f103.o(RESET)
 <LI><a href="#[55]">USBWakeUp_IRQHandler</a> from startup_mm32f103.o(.text) referenced from startup_mm32f103.o(RESET)
 <LI><a href="#[3e]">USB_HP_CAN1_TX_IRQHandler</a> from bsphid.o(.text) referenced from startup_mm32f103.o(RESET)
 <LI><a href="#[3f]">USB_LP_CAN1_RX0_IRQHandler</a> from startup_mm32f103.o(.text) referenced from startup_mm32f103.o(RESET)
 <LI><a href="#[26]">UsageFault_Handler</a> from mm32f10x_it.o(.text) referenced from startup_mm32f103.o(RESET)
 <LI><a href="#[14]">Virtual_Com_Port_Data_Setup</a> from usb_prop.o(.text) referenced 2 times from usb_prop.o(.data)
 <LI><a href="#[18]">Virtual_Com_Port_GetConfigDescriptor</a> from usb_prop.o(.text) referenced 2 times from usb_prop.o(.data)
 <LI><a href="#[17]">Virtual_Com_Port_GetDeviceDescriptor</a> from usb_prop.o(.text) referenced 2 times from usb_prop.o(.data)
 <LI><a href="#[d6]">Virtual_Com_Port_GetLineCoding</a> from usb_prop.o(.text) referenced from usb_prop.o(.text)
 <LI><a href="#[19]">Virtual_Com_Port_GetStringDescriptor</a> from usb_prop.o(.text) referenced 2 times from usb_prop.o(.data)
 <LI><a href="#[16]">Virtual_Com_Port_Get_Interface_Setting</a> from usb_prop.o(.text) referenced 2 times from usb_prop.o(.data)
 <LI><a href="#[15]">Virtual_Com_Port_NoData_Setup</a> from usb_prop.o(.text) referenced 2 times from usb_prop.o(.data)
 <LI><a href="#[11]">Virtual_Com_Port_Reset</a> from usb_prop.o(.text) referenced 2 times from usb_prop.o(.data)
 <LI><a href="#[1c]">Virtual_Com_Port_SetConfiguration</a> from usb_prop.o(.text) referenced 2 times from usb_prop.o(.data)
 <LI><a href="#[1d]">Virtual_Com_Port_SetDeviceAddress</a> from usb_prop.o(.text) referenced 2 times from usb_prop.o(.data)
 <LI><a href="#[d7]">Virtual_Com_Port_SetLineCoding</a> from usb_prop.o(.text) referenced from usb_prop.o(.text)
 <LI><a href="#[12]">Virtual_Com_Port_Status_In</a> from usb_prop.o(.text) referenced 2 times from usb_prop.o(.data)
 <LI><a href="#[13]">Virtual_Com_Port_Status_Out</a> from usb_prop.o(.text) referenced 2 times from usb_prop.o(.data)
 <LI><a href="#[10]">Virtual_Com_Port_init</a> from usb_prop.o(.text) referenced 2 times from usb_prop.o(.data)
 <LI><a href="#[2b]">WWDG_IRQHandler</a> from startup_mm32f103.o(.text) referenced from startup_mm32f103.o(RESET)
 <LI><a href="#[59]">WriteData</a> from uart1.o(.text) referenced 3 times from uart1.o(.text)
 <LI><a href="#[58]">__main</a> from entry.o(.ARM.Collect$$$$00000000) referenced from startup_mm32f103.o(.text)
 <LI><a href="#[62]">_sputc</a> from printf2.o(i._sputc) referenced from printf2.o(i.__0sprintf$2)
 <LI><a href="#[56]">main</a> from main.o(.text) referenced from entry9a.o(.ARM.Collect$$$$0000000B)
</UL>
<P>
<H3>
Global Symbols
</H3>
<P><STRONG><a name="[58]"></a>__main</STRONG> (Thumb, 0 bytes, Stack size unknown bytes, entry.o(.ARM.Collect$$$$00000000))
<BR>[Address Reference Count : 1]<UL><LI> startup_mm32f103.o(.text)
</UL>
<P><STRONG><a name="[1f0]"></a>_main_stk</STRONG> (Thumb, 0 bytes, Stack size unknown bytes, entry2.o(.ARM.Collect$$$$00000001))

<P><STRONG><a name="[63]"></a>_main_scatterload</STRONG> (Thumb, 0 bytes, Stack size unknown bytes, entry5.o(.ARM.Collect$$$$00000004))
<BR><BR>[Calls]<UL><LI><a href="#[64]">&gt;&gt;</a>&nbsp;&nbsp;&nbsp;__scatterload
</UL>

<P><STRONG><a name="[1eb]"></a>__main_after_scatterload</STRONG> (Thumb, 0 bytes, Stack size unknown bytes, entry5.o(.ARM.Collect$$$$00000004))
<BR><BR>[Called By]<UL><LI><a href="#[64]">&gt;&gt;</a>&nbsp;&nbsp;&nbsp;__scatterload
</UL>

<P><STRONG><a name="[1f1]"></a>_main_clock</STRONG> (Thumb, 0 bytes, Stack size unknown bytes, entry7b.o(.ARM.Collect$$$$00000008))

<P><STRONG><a name="[1f2]"></a>_main_cpp_init</STRONG> (Thumb, 0 bytes, Stack size unknown bytes, entry8b.o(.ARM.Collect$$$$0000000A))

<P><STRONG><a name="[1f3]"></a>_main_init</STRONG> (Thumb, 0 bytes, Stack size unknown bytes, entry9a.o(.ARM.Collect$$$$0000000B))

<P><STRONG><a name="[1f4]"></a>__rt_final_cpp</STRONG> (Thumb, 0 bytes, Stack size unknown bytes, entry10a.o(.ARM.Collect$$$$0000000D))

<P><STRONG><a name="[1f5]"></a>__rt_final_exit</STRONG> (Thumb, 0 bytes, Stack size unknown bytes, entry11a.o(.ARM.Collect$$$$0000000F))

<P><STRONG><a name="[21]"></a>Reset_Handler</STRONG> (Thumb, 8 bytes, Stack size 0 bytes, startup_mm32f103.o(.text))
<BR>[Address Reference Count : 1]<UL><LI> startup_mm32f103.o(RESET)
</UL>
<P><STRONG><a name="[3d]"></a>ADC1_2_IRQHandler</STRONG> (Thumb, 0 bytes, Stack size 0 bytes, startup_mm32f103.o(.text))
<BR><BR>[Calls]<UL><LI><a href="#[3d]">&gt;&gt;</a>&nbsp;&nbsp;&nbsp;ADC1_2_IRQHandler
</UL>
<BR>[Called By]<UL><LI><a href="#[3d]">&gt;&gt;</a>&nbsp;&nbsp;&nbsp;ADC1_2_IRQHandler
</UL>
<BR>[Address Reference Count : 1]<UL><LI> startup_mm32f103.o(RESET)
</UL>
<P><STRONG><a name="[40]"></a>CAN1_RX1_IRQHandler</STRONG> (Thumb, 0 bytes, Stack size 0 bytes, startup_mm32f103.o(.text))
<BR>[Address Reference Count : 1]<UL><LI> startup_mm32f103.o(RESET)
</UL>
<P><STRONG><a name="[41]"></a>CAN1_SCE_IRQHandler</STRONG> (Thumb, 0 bytes, Stack size 0 bytes, startup_mm32f103.o(.text))
<BR>[Address Reference Count : 1]<UL><LI> startup_mm32f103.o(RESET)
</UL>
<P><STRONG><a name="[36]"></a>DMA1_Channel1_IRQHandler</STRONG> (Thumb, 0 bytes, Stack size 0 bytes, startup_mm32f103.o(.text))
<BR>[Address Reference Count : 1]<UL><LI> startup_mm32f103.o(RESET)
</UL>
<P><STRONG><a name="[37]"></a>DMA1_Channel2_IRQHandler</STRONG> (Thumb, 0 bytes, Stack size 0 bytes, startup_mm32f103.o(.text))
<BR>[Address Reference Count : 1]<UL><LI> startup_mm32f103.o(RESET)
</UL>
<P><STRONG><a name="[38]"></a>DMA1_Channel3_IRQHandler</STRONG> (Thumb, 0 bytes, Stack size 0 bytes, startup_mm32f103.o(.text))
<BR>[Address Reference Count : 1]<UL><LI> startup_mm32f103.o(RESET)
</UL>
<P><STRONG><a name="[39]"></a>DMA1_Channel4_IRQHandler</STRONG> (Thumb, 0 bytes, Stack size 0 bytes, startup_mm32f103.o(.text))
<BR>[Address Reference Count : 1]<UL><LI> startup_mm32f103.o(RESET)
</UL>
<P><STRONG><a name="[3a]"></a>DMA1_Channel5_IRQHandler</STRONG> (Thumb, 0 bytes, Stack size 0 bytes, startup_mm32f103.o(.text))
<BR>[Address Reference Count : 1]<UL><LI> startup_mm32f103.o(RESET)
</UL>
<P><STRONG><a name="[3b]"></a>DMA1_Channel6_IRQHandler</STRONG> (Thumb, 0 bytes, Stack size 0 bytes, startup_mm32f103.o(.text))
<BR>[Address Reference Count : 1]<UL><LI> startup_mm32f103.o(RESET)
</UL>
<P><STRONG><a name="[3c]"></a>DMA1_Channel7_IRQHandler</STRONG> (Thumb, 0 bytes, Stack size 0 bytes, startup_mm32f103.o(.text))
<BR>[Address Reference Count : 1]<UL><LI> startup_mm32f103.o(RESET)
</UL>
<P><STRONG><a name="[31]"></a>EXTI0_IRQHandler</STRONG> (Thumb, 0 bytes, Stack size 0 bytes, startup_mm32f103.o(.text))
<BR>[Address Reference Count : 1]<UL><LI> startup_mm32f103.o(RESET)
</UL>
<P><STRONG><a name="[53]"></a>EXTI15_10_IRQHandler</STRONG> (Thumb, 0 bytes, Stack size 0 bytes, startup_mm32f103.o(.text))
<BR>[Address Reference Count : 1]<UL><LI> startup_mm32f103.o(RESET)
</UL>
<P><STRONG><a name="[32]"></a>EXTI1_IRQHandler</STRONG> (Thumb, 0 bytes, Stack size 0 bytes, startup_mm32f103.o(.text))
<BR>[Address Reference Count : 1]<UL><LI> startup_mm32f103.o(RESET)
</UL>
<P><STRONG><a name="[33]"></a>EXTI2_IRQHandler</STRONG> (Thumb, 0 bytes, Stack size 0 bytes, startup_mm32f103.o(.text))
<BR>[Address Reference Count : 1]<UL><LI> startup_mm32f103.o(RESET)
</UL>
<P><STRONG><a name="[34]"></a>EXTI3_IRQHandler</STRONG> (Thumb, 0 bytes, Stack size 0 bytes, startup_mm32f103.o(.text))
<BR>[Address Reference Count : 1]<UL><LI> startup_mm32f103.o(RESET)
</UL>
<P><STRONG><a name="[35]"></a>EXTI4_IRQHandler</STRONG> (Thumb, 0 bytes, Stack size 0 bytes, startup_mm32f103.o(.text))
<BR>[Address Reference Count : 1]<UL><LI> startup_mm32f103.o(RESET)
</UL>
<P><STRONG><a name="[42]"></a>EXTI9_5_IRQHandler</STRONG> (Thumb, 0 bytes, Stack size 0 bytes, startup_mm32f103.o(.text))
<BR>[Address Reference Count : 1]<UL><LI> startup_mm32f103.o(RESET)
</UL>
<P><STRONG><a name="[2f]"></a>FLASH_IRQHandler</STRONG> (Thumb, 0 bytes, Stack size 0 bytes, startup_mm32f103.o(.text))
<BR>[Address Reference Count : 1]<UL><LI> startup_mm32f103.o(RESET)
</UL>
<P><STRONG><a name="[4b]"></a>I2C1_ER_IRQHandler</STRONG> (Thumb, 0 bytes, Stack size 0 bytes, startup_mm32f103.o(.text))
<BR>[Address Reference Count : 1]<UL><LI> startup_mm32f103.o(RESET)
</UL>
<P><STRONG><a name="[4a]"></a>I2C1_EV_IRQHandler</STRONG> (Thumb, 0 bytes, Stack size 0 bytes, startup_mm32f103.o(.text))
<BR>[Address Reference Count : 1]<UL><LI> startup_mm32f103.o(RESET)
</UL>
<P><STRONG><a name="[4d]"></a>I2C2_ER_IRQHandler</STRONG> (Thumb, 0 bytes, Stack size 0 bytes, startup_mm32f103.o(.text))
<BR>[Address Reference Count : 1]<UL><LI> startup_mm32f103.o(RESET)
</UL>
<P><STRONG><a name="[4c]"></a>I2C2_EV_IRQHandler</STRONG> (Thumb, 0 bytes, Stack size 0 bytes, startup_mm32f103.o(.text))
<BR>[Address Reference Count : 1]<UL><LI> startup_mm32f103.o(RESET)
</UL>
<P><STRONG><a name="[2c]"></a>PVD_IRQHandler</STRONG> (Thumb, 0 bytes, Stack size 0 bytes, startup_mm32f103.o(.text))
<BR>[Address Reference Count : 1]<UL><LI> startup_mm32f103.o(RESET)
</UL>
<P><STRONG><a name="[30]"></a>RCC_IRQHandler</STRONG> (Thumb, 0 bytes, Stack size 0 bytes, startup_mm32f103.o(.text))
<BR>[Address Reference Count : 1]<UL><LI> startup_mm32f103.o(RESET)
</UL>
<P><STRONG><a name="[54]"></a>RTCAlarm_IRQHandler</STRONG> (Thumb, 0 bytes, Stack size 0 bytes, startup_mm32f103.o(.text))
<BR>[Address Reference Count : 1]<UL><LI> startup_mm32f103.o(RESET)
</UL>
<P><STRONG><a name="[2e]"></a>RTC_IRQHandler</STRONG> (Thumb, 0 bytes, Stack size 0 bytes, startup_mm32f103.o(.text))
<BR>[Address Reference Count : 1]<UL><LI> startup_mm32f103.o(RESET)
</UL>
<P><STRONG><a name="[4e]"></a>SPI1_IRQHandler</STRONG> (Thumb, 0 bytes, Stack size 0 bytes, startup_mm32f103.o(.text))
<BR>[Address Reference Count : 1]<UL><LI> startup_mm32f103.o(RESET)
</UL>
<P><STRONG><a name="[4f]"></a>SPI2_IRQHandler</STRONG> (Thumb, 0 bytes, Stack size 0 bytes, startup_mm32f103.o(.text))
<BR>[Address Reference Count : 1]<UL><LI> startup_mm32f103.o(RESET)
</UL>
<P><STRONG><a name="[2d]"></a>TAMPER_IRQHandler</STRONG> (Thumb, 0 bytes, Stack size 0 bytes, startup_mm32f103.o(.text))
<BR>[Address Reference Count : 1]<UL><LI> startup_mm32f103.o(RESET)
</UL>
<P><STRONG><a name="[43]"></a>TIM1_BRK_IRQHandler</STRONG> (Thumb, 0 bytes, Stack size 0 bytes, startup_mm32f103.o(.text))
<BR>[Address Reference Count : 1]<UL><LI> startup_mm32f103.o(RESET)
</UL>
<P><STRONG><a name="[46]"></a>TIM1_CC_IRQHandler</STRONG> (Thumb, 0 bytes, Stack size 0 bytes, startup_mm32f103.o(.text))
<BR>[Address Reference Count : 1]<UL><LI> startup_mm32f103.o(RESET)
</UL>
<P><STRONG><a name="[45]"></a>TIM1_TRG_COM_IRQHandler</STRONG> (Thumb, 0 bytes, Stack size 0 bytes, startup_mm32f103.o(.text))
<BR>[Address Reference Count : 1]<UL><LI> startup_mm32f103.o(RESET)
</UL>
<P><STRONG><a name="[44]"></a>TIM1_UP_IRQHandler</STRONG> (Thumb, 0 bytes, Stack size 0 bytes, startup_mm32f103.o(.text))
<BR>[Address Reference Count : 1]<UL><LI> startup_mm32f103.o(RESET)
</UL>
<P><STRONG><a name="[48]"></a>TIM3_IRQHandler</STRONG> (Thumb, 0 bytes, Stack size 0 bytes, startup_mm32f103.o(.text))
<BR>[Address Reference Count : 1]<UL><LI> startup_mm32f103.o(RESET)
</UL>
<P><STRONG><a name="[49]"></a>TIM4_IRQHandler</STRONG> (Thumb, 0 bytes, Stack size 0 bytes, startup_mm32f103.o(.text))
<BR>[Address Reference Count : 1]<UL><LI> startup_mm32f103.o(RESET)
</UL>
<P><STRONG><a name="[52]"></a>UART3_IRQHandler</STRONG> (Thumb, 0 bytes, Stack size 0 bytes, startup_mm32f103.o(.text))
<BR>[Address Reference Count : 1]<UL><LI> startup_mm32f103.o(RESET)
</UL>
<P><STRONG><a name="[55]"></a>USBWakeUp_IRQHandler</STRONG> (Thumb, 0 bytes, Stack size 0 bytes, startup_mm32f103.o(.text))
<BR>[Address Reference Count : 1]<UL><LI> startup_mm32f103.o(RESET)
</UL>
<P><STRONG><a name="[3f]"></a>USB_LP_CAN1_RX0_IRQHandler</STRONG> (Thumb, 0 bytes, Stack size 0 bytes, startup_mm32f103.o(.text))
<BR>[Address Reference Count : 1]<UL><LI> startup_mm32f103.o(RESET)
</UL>
<P><STRONG><a name="[2b]"></a>WWDG_IRQHandler</STRONG> (Thumb, 0 bytes, Stack size 0 bytes, startup_mm32f103.o(.text))
<BR>[Address Reference Count : 1]<UL><LI> startup_mm32f103.o(RESET)
</UL>
<P><STRONG><a name="[57]"></a>SystemInit</STRONG> (Thumb, 88 bytes, Stack size 8 bytes, system_mm32f103.o(.text))
<BR><BR>[Stack]<UL><LI>Max Depth = 28<LI>Call Chain = SystemInit &rArr; SetSysClock &rArr; SetSysClockTo96
</UL>
<BR>[Calls]<UL><LI><a href="#[65]">&gt;&gt;</a>&nbsp;&nbsp;&nbsp;SetSysClock
</UL>
<BR>[Address Reference Count : 1]<UL><LI> startup_mm32f103.o(.text)
</UL>
<P><STRONG><a name="[67]"></a>DAC_DeInit</STRONG> (Thumb, 22 bytes, Stack size 8 bytes, hal_dac.o(.text))
<BR><BR>[Stack]<UL><LI>Max Depth = 8<LI>Call Chain = DAC_DeInit
</UL>
<BR>[Calls]<UL><LI><a href="#[68]">&gt;&gt;</a>&nbsp;&nbsp;&nbsp;RCC_APB1PeriphResetCmd
</UL>
<BR>[Called By]<UL><LI><a href="#[1be]">&gt;&gt;</a>&nbsp;&nbsp;&nbsp;BSPSoundInit
</UL>

<P><STRONG><a name="[1bf]"></a>DAC_Init</STRONG> (Thumb, 46 bytes, Stack size 12 bytes, hal_dac.o(.text))
<BR><BR>[Stack]<UL><LI>Max Depth = 12<LI>Call Chain = DAC_Init
</UL>
<BR>[Called By]<UL><LI><a href="#[1be]">&gt;&gt;</a>&nbsp;&nbsp;&nbsp;BSPSoundInit
</UL>

<P><STRONG><a name="[1f6]"></a>DAC_StructInit</STRONG> (Thumb, 12 bytes, Stack size 0 bytes, hal_dac.o(.text), UNUSED)

<P><STRONG><a name="[1c0]"></a>DAC_Cmd</STRONG> (Thumb, 34 bytes, Stack size 0 bytes, hal_dac.o(.text))
<BR><BR>[Called By]<UL><LI><a href="#[1be]">&gt;&gt;</a>&nbsp;&nbsp;&nbsp;BSPSoundInit
</UL>

<P><STRONG><a name="[1f7]"></a>DAC_DMACmd</STRONG> (Thumb, 38 bytes, Stack size 0 bytes, hal_dac.o(.text), UNUSED)

<P><STRONG><a name="[1c8]"></a>DAC_SoftwareTriggerCmd</STRONG> (Thumb, 48 bytes, Stack size 8 bytes, hal_dac.o(.text))
<BR><BR>[Stack]<UL><LI>Max Depth = 8<LI>Call Chain = DAC_SoftwareTriggerCmd
</UL>
<BR>[Called By]<UL><LI><a href="#[47]">&gt;&gt;</a>&nbsp;&nbsp;&nbsp;TIM2_IRQHandler
<LI><a href="#[1cd]">&gt;&gt;</a>&nbsp;&nbsp;&nbsp;BSPSoundStop
<LI><a href="#[1be]">&gt;&gt;</a>&nbsp;&nbsp;&nbsp;BSPSoundInit
</UL>

<P><STRONG><a name="[1f8]"></a>DAC_DualSoftwareTriggerCmd</STRONG> (Thumb, 38 bytes, Stack size 0 bytes, hal_dac.o(.text), UNUSED)

<P><STRONG><a name="[1f9]"></a>DAC_WaveGenerationCmd</STRONG> (Thumb, 36 bytes, Stack size 8 bytes, hal_dac.o(.text), UNUSED)

<P><STRONG><a name="[1c7]"></a>DAC_SetChannel1Data</STRONG> (Thumb, 10 bytes, Stack size 0 bytes, hal_dac.o(.text))
<BR><BR>[Called By]<UL><LI><a href="#[47]">&gt;&gt;</a>&nbsp;&nbsp;&nbsp;TIM2_IRQHandler
<LI><a href="#[1cd]">&gt;&gt;</a>&nbsp;&nbsp;&nbsp;BSPSoundStop
<LI><a href="#[1be]">&gt;&gt;</a>&nbsp;&nbsp;&nbsp;BSPSoundInit
</UL>

<P><STRONG><a name="[1fa]"></a>DAC_SetChannel2Data</STRONG> (Thumb, 10 bytes, Stack size 0 bytes, hal_dac.o(.text), UNUSED)

<P><STRONG><a name="[1fb]"></a>DAC_SetDualChannelData</STRONG> (Thumb, 28 bytes, Stack size 8 bytes, hal_dac.o(.text), UNUSED)

<P><STRONG><a name="[1fc]"></a>DAC_GetDataOutputValue</STRONG> (Thumb, 16 bytes, Stack size 0 bytes, hal_dac.o(.text), UNUSED)

<P><STRONG><a name="[1fd]"></a>FLASH_SetLatency</STRONG> (Thumb, 18 bytes, Stack size 0 bytes, hal_flash.o(.text), UNUSED)

<P><STRONG><a name="[1fe]"></a>FLASH_HalfCycleAccessCmd</STRONG> (Thumb, 22 bytes, Stack size 0 bytes, hal_flash.o(.text), UNUSED)

<P><STRONG><a name="[1ff]"></a>FLASH_PrefetchBufferCmd</STRONG> (Thumb, 22 bytes, Stack size 0 bytes, hal_flash.o(.text), UNUSED)

<P><STRONG><a name="[1d2]"></a>FLASH_Unlock</STRONG> (Thumb, 12 bytes, Stack size 0 bytes, hal_flash.o(.text), UNUSED)
<BR><BR>[Called By]<UL><LI><a href="#[1d8]">&gt;&gt;</a>&nbsp;&nbsp;&nbsp;BSPEEPROMDelete
<LI><a href="#[1d7]">&gt;&gt;</a>&nbsp;&nbsp;&nbsp;BSPEEPROMFormat
<LI><a href="#[1d1]">&gt;&gt;</a>&nbsp;&nbsp;&nbsp;FLASHErase
<LI><a href="#[1b3]">&gt;&gt;</a>&nbsp;&nbsp;&nbsp;BSPEEPROMWrite
</UL>

<P><STRONG><a name="[1d4]"></a>FLASH_Lock</STRONG> (Thumb, 14 bytes, Stack size 0 bytes, hal_flash.o(.text), UNUSED)
<BR><BR>[Called By]<UL><LI><a href="#[1d8]">&gt;&gt;</a>&nbsp;&nbsp;&nbsp;BSPEEPROMDelete
<LI><a href="#[1d7]">&gt;&gt;</a>&nbsp;&nbsp;&nbsp;BSPEEPROMFormat
<LI><a href="#[1d1]">&gt;&gt;</a>&nbsp;&nbsp;&nbsp;FLASHErase
<LI><a href="#[1b3]">&gt;&gt;</a>&nbsp;&nbsp;&nbsp;BSPEEPROMWrite
</UL>

<P><STRONG><a name="[6a]"></a>FLASH_GetStatus</STRONG> (Thumb, 48 bytes, Stack size 0 bytes, hal_flash.o(.text), UNUSED)
<BR><BR>[Called By]<UL><LI><a href="#[69]">&gt;&gt;</a>&nbsp;&nbsp;&nbsp;FLASH_WaitForLastOperation
</UL>

<P><STRONG><a name="[69]"></a>FLASH_WaitForLastOperation</STRONG> (Thumb, 42 bytes, Stack size 16 bytes, hal_flash.o(.text), UNUSED)
<BR><BR>[Calls]<UL><LI><a href="#[6a]">&gt;&gt;</a>&nbsp;&nbsp;&nbsp;FLASH_GetStatus
<LI><a href="#[6b]">&gt;&gt;</a>&nbsp;&nbsp;&nbsp;delay
</UL>
<BR>[Called By]<UL><LI><a href="#[74]">&gt;&gt;</a>&nbsp;&nbsp;&nbsp;FLASH_UserOptionByteConfig
<LI><a href="#[73]">&gt;&gt;</a>&nbsp;&nbsp;&nbsp;FLASH_ReadOutProtection
<LI><a href="#[72]">&gt;&gt;</a>&nbsp;&nbsp;&nbsp;FLASH_EnableWriteProtection
<LI><a href="#[71]">&gt;&gt;</a>&nbsp;&nbsp;&nbsp;FLASH_ProgramOptionByteData
<LI><a href="#[70]">&gt;&gt;</a>&nbsp;&nbsp;&nbsp;FLASH_ProgramHalfWord
<LI><a href="#[6f]">&gt;&gt;</a>&nbsp;&nbsp;&nbsp;FLASH_ProgramWord
<LI><a href="#[6e]">&gt;&gt;</a>&nbsp;&nbsp;&nbsp;FLASH_EraseOptionBytes
<LI><a href="#[6d]">&gt;&gt;</a>&nbsp;&nbsp;&nbsp;FLASH_EraseAllPages
<LI><a href="#[6c]">&gt;&gt;</a>&nbsp;&nbsp;&nbsp;FLASH_ErasePage
</UL>

<P><STRONG><a name="[6c]"></a>FLASH_ErasePage</STRONG> (Thumb, 76 bytes, Stack size 16 bytes, hal_flash.o(.text), UNUSED)
<BR><BR>[Calls]<UL><LI><a href="#[69]">&gt;&gt;</a>&nbsp;&nbsp;&nbsp;FLASH_WaitForLastOperation
</UL>
<BR>[Called By]<UL><LI><a href="#[1d8]">&gt;&gt;</a>&nbsp;&nbsp;&nbsp;BSPEEPROMDelete
<LI><a href="#[1d7]">&gt;&gt;</a>&nbsp;&nbsp;&nbsp;BSPEEPROMFormat
<LI><a href="#[1d1]">&gt;&gt;</a>&nbsp;&nbsp;&nbsp;FLASHErase
<LI><a href="#[1b3]">&gt;&gt;</a>&nbsp;&nbsp;&nbsp;BSPEEPROMWrite
</UL>

<P><STRONG><a name="[6d]"></a>FLASH_EraseAllPages</STRONG> (Thumb, 76 bytes, Stack size 8 bytes, hal_flash.o(.text), UNUSED)
<BR><BR>[Calls]<UL><LI><a href="#[69]">&gt;&gt;</a>&nbsp;&nbsp;&nbsp;FLASH_WaitForLastOperation
</UL>

<P><STRONG><a name="[6e]"></a>FLASH_EraseOptionBytes</STRONG> (Thumb, 146 bytes, Stack size 8 bytes, hal_flash.o(.text), UNUSED)
<BR><BR>[Calls]<UL><LI><a href="#[69]">&gt;&gt;</a>&nbsp;&nbsp;&nbsp;FLASH_WaitForLastOperation
</UL>

<P><STRONG><a name="[6f]"></a>FLASH_ProgramWord</STRONG> (Thumb, 100 bytes, Stack size 16 bytes, hal_flash.o(.text), UNUSED)
<BR><BR>[Calls]<UL><LI><a href="#[69]">&gt;&gt;</a>&nbsp;&nbsp;&nbsp;FLASH_WaitForLastOperation
</UL>

<P><STRONG><a name="[70]"></a>FLASH_ProgramHalfWord</STRONG> (Thumb, 64 bytes, Stack size 16 bytes, hal_flash.o(.text), UNUSED)
<BR><BR>[Calls]<UL><LI><a href="#[69]">&gt;&gt;</a>&nbsp;&nbsp;&nbsp;FLASH_WaitForLastOperation
</UL>
<BR>[Called By]<UL><LI><a href="#[1d5]">&gt;&gt;</a>&nbsp;&nbsp;&nbsp;EEPROM_Write_NoCheck
<LI><a href="#[1d1]">&gt;&gt;</a>&nbsp;&nbsp;&nbsp;FLASHErase
</UL>

<P><STRONG><a name="[71]"></a>FLASH_ProgramOptionByteData</STRONG> (Thumb, 72 bytes, Stack size 16 bytes, hal_flash.o(.text), UNUSED)
<BR><BR>[Calls]<UL><LI><a href="#[69]">&gt;&gt;</a>&nbsp;&nbsp;&nbsp;FLASH_WaitForLastOperation
</UL>

<P><STRONG><a name="[72]"></a>FLASH_EnableWriteProtection</STRONG> (Thumb, 182 bytes, Stack size 32 bytes, hal_flash.o(.text), UNUSED)
<BR><BR>[Calls]<UL><LI><a href="#[69]">&gt;&gt;</a>&nbsp;&nbsp;&nbsp;FLASH_WaitForLastOperation
</UL>

<P><STRONG><a name="[73]"></a>FLASH_ReadOutProtection</STRONG> (Thumb, 178 bytes, Stack size 16 bytes, hal_flash.o(.text), UNUSED)
<BR><BR>[Calls]<UL><LI><a href="#[69]">&gt;&gt;</a>&nbsp;&nbsp;&nbsp;FLASH_WaitForLastOperation
</UL>

<P><STRONG><a name="[74]"></a>FLASH_UserOptionByteConfig</STRONG> (Thumb, 94 bytes, Stack size 24 bytes, hal_flash.o(.text), UNUSED)
<BR><BR>[Calls]<UL><LI><a href="#[69]">&gt;&gt;</a>&nbsp;&nbsp;&nbsp;FLASH_WaitForLastOperation
</UL>

<P><STRONG><a name="[200]"></a>FLASH_GetUserOptionByte</STRONG> (Thumb, 8 bytes, Stack size 0 bytes, hal_flash.o(.text), UNUSED)

<P><STRONG><a name="[201]"></a>FLASH_GetWriteProtectionOptionByte</STRONG> (Thumb, 6 bytes, Stack size 0 bytes, hal_flash.o(.text), UNUSED)

<P><STRONG><a name="[202]"></a>FLASH_GetReadOutProtectionStatus</STRONG> (Thumb, 20 bytes, Stack size 0 bytes, hal_flash.o(.text), UNUSED)

<P><STRONG><a name="[203]"></a>FLASH_GetPrefetchBufferStatus</STRONG> (Thumb, 20 bytes, Stack size 0 bytes, hal_flash.o(.text), UNUSED)

<P><STRONG><a name="[204]"></a>FLASH_ITConfig</STRONG> (Thumb, 26 bytes, Stack size 0 bytes, hal_flash.o(.text), UNUSED)

<P><STRONG><a name="[205]"></a>FLASH_GetFlagStatus</STRONG> (Thumb, 42 bytes, Stack size 0 bytes, hal_flash.o(.text), UNUSED)

<P><STRONG><a name="[1d3]"></a>FLASH_ClearFlag</STRONG> (Thumb, 6 bytes, Stack size 0 bytes, hal_flash.o(.text), UNUSED)
<BR><BR>[Called By]<UL><LI><a href="#[1d1]">&gt;&gt;</a>&nbsp;&nbsp;&nbsp;FLASHErase
</UL>

<P><STRONG><a name="[75]"></a>GPIO_DeInit</STRONG> (Thumb, 108 bytes, Stack size 8 bytes, hal_gpio.o(.text), UNUSED)
<BR><BR>[Calls]<UL><LI><a href="#[76]">&gt;&gt;</a>&nbsp;&nbsp;&nbsp;RCC_APB2PeriphResetCmd
</UL>

<P><STRONG><a name="[77]"></a>GPIO_AFIODeInit</STRONG> (Thumb, 20 bytes, Stack size 8 bytes, hal_gpio.o(.text), UNUSED)
<BR><BR>[Calls]<UL><LI><a href="#[76]">&gt;&gt;</a>&nbsp;&nbsp;&nbsp;RCC_APB2PeriphResetCmd
</UL>

<P><STRONG><a name="[ab]"></a>GPIO_Init</STRONG> (Thumb, 278 bytes, Stack size 24 bytes, hal_gpio.o(.text))
<BR><BR>[Stack]<UL><LI>Max Depth = 24<LI>Call Chain = GPIO_Init
</UL>
<BR>[Called By]<UL><LI><a href="#[de]">&gt;&gt;</a>&nbsp;&nbsp;&nbsp;UART1Init
<LI><a href="#[dd]">&gt;&gt;</a>&nbsp;&nbsp;&nbsp;CM3800BInit
<LI><a href="#[ba]">&gt;&gt;</a>&nbsp;&nbsp;&nbsp;Set_System
<LI><a href="#[a9]">&gt;&gt;</a>&nbsp;&nbsp;&nbsp;W25Q16Init
<LI><a href="#[113]">&gt;&gt;</a>&nbsp;&nbsp;&nbsp;UART_Configuration
<LI><a href="#[10f]">&gt;&gt;</a>&nbsp;&nbsp;&nbsp;sRF_Configuration
<LI><a href="#[10d]">&gt;&gt;</a>&nbsp;&nbsp;&nbsp;sFLASH_Configuration
<LI><a href="#[1be]">&gt;&gt;</a>&nbsp;&nbsp;&nbsp;BSPSoundInit
<LI><a href="#[18d]">&gt;&gt;</a>&nbsp;&nbsp;&nbsp;BSPLEDInit
<LI><a href="#[188]">&gt;&gt;</a>&nbsp;&nbsp;&nbsp;BSPKeyInit
<LI><a href="#[185]">&gt;&gt;</a>&nbsp;&nbsp;&nbsp;BSPPowerInit
<LI><a href="#[16f]">&gt;&gt;</a>&nbsp;&nbsp;&nbsp;UART2Init
<LI><a href="#[166]">&gt;&gt;</a>&nbsp;&nbsp;&nbsp;GpioInit
</UL>

<P><STRONG><a name="[206]"></a>GPIO_StructInit</STRONG> (Thumb, 16 bytes, Stack size 0 bytes, hal_gpio.o(.text), UNUSED)

<P><STRONG><a name="[111]"></a>GPIO_ReadInputDataBit</STRONG> (Thumb, 18 bytes, Stack size 0 bytes, hal_gpio.o(.text))
<BR><BR>[Called By]<UL><LI><a href="#[144]">&gt;&gt;</a>&nbsp;&nbsp;&nbsp;BT_Disconnect
<LI><a href="#[143]">&gt;&gt;</a>&nbsp;&nbsp;&nbsp;RF_PairForRx
<LI><a href="#[141]">&gt;&gt;</a>&nbsp;&nbsp;&nbsp;RF_HostTxDatas
<LI><a href="#[13f]">&gt;&gt;</a>&nbsp;&nbsp;&nbsp;SendDataBlueT
<LI><a href="#[110]">&gt;&gt;</a>&nbsp;&nbsp;&nbsp;sRF_SendByte
<LI><a href="#[1ac]">&gt;&gt;</a>&nbsp;&nbsp;&nbsp;BSPGetWireleeType
<LI><a href="#[60]">&gt;&gt;</a>&nbsp;&nbsp;&nbsp;BSPKeyRoutine
<LI><a href="#[188]">&gt;&gt;</a>&nbsp;&nbsp;&nbsp;BSPKeyInit
<LI><a href="#[5e]">&gt;&gt;</a>&nbsp;&nbsp;&nbsp;BT_Timer
</UL>

<P><STRONG><a name="[207]"></a>GPIO_ReadInputData</STRONG> (Thumb, 8 bytes, Stack size 0 bytes, hal_gpio.o(.text), UNUSED)

<P><STRONG><a name="[208]"></a>GPIO_ReadOutputDataBit</STRONG> (Thumb, 18 bytes, Stack size 0 bytes, hal_gpio.o(.text), UNUSED)

<P><STRONG><a name="[209]"></a>GPIO_ReadOutputData</STRONG> (Thumb, 8 bytes, Stack size 0 bytes, hal_gpio.o(.text), UNUSED)

<P><STRONG><a name="[ac]"></a>GPIO_SetBits</STRONG> (Thumb, 4 bytes, Stack size 0 bytes, hal_gpio.o(.text))
<BR><BR>[Called By]<UL><LI><a href="#[e4]">&gt;&gt;</a>&nbsp;&nbsp;&nbsp;CM3800BScanStop
<LI><a href="#[e1]">&gt;&gt;</a>&nbsp;&nbsp;&nbsp;CM3800BClose
<LI><a href="#[df]">&gt;&gt;</a>&nbsp;&nbsp;&nbsp;CM3800BOpen
<LI><a href="#[dd]">&gt;&gt;</a>&nbsp;&nbsp;&nbsp;CM3800BInit
<LI><a href="#[b9]">&gt;&gt;</a>&nbsp;&nbsp;&nbsp;W25Q16Read
<LI><a href="#[b8]">&gt;&gt;</a>&nbsp;&nbsp;&nbsp;W25Q16PageProgram
<LI><a href="#[b7]">&gt;&gt;</a>&nbsp;&nbsp;&nbsp;W25Q16ClipErase
<LI><a href="#[b6]">&gt;&gt;</a>&nbsp;&nbsp;&nbsp;W25Q16BlockErase
<LI><a href="#[b5]">&gt;&gt;</a>&nbsp;&nbsp;&nbsp;W25Q16SectorErase
<LI><a href="#[b3]">&gt;&gt;</a>&nbsp;&nbsp;&nbsp;W25Q16Reset
<LI><a href="#[b0]">&gt;&gt;</a>&nbsp;&nbsp;&nbsp;W25Q16Open
<LI><a href="#[a9]">&gt;&gt;</a>&nbsp;&nbsp;&nbsp;W25Q16Init
<LI><a href="#[b4]">&gt;&gt;</a>&nbsp;&nbsp;&nbsp;ChipBusy
<LI><a href="#[14d]">&gt;&gt;</a>&nbsp;&nbsp;&nbsp;xn297l_write_bytes
<LI><a href="#[14c]">&gt;&gt;</a>&nbsp;&nbsp;&nbsp;xn297l_write_1byte
<LI><a href="#[144]">&gt;&gt;</a>&nbsp;&nbsp;&nbsp;BT_Disconnect
<LI><a href="#[12d]">&gt;&gt;</a>&nbsp;&nbsp;&nbsp;xn297l_read_1byte
<LI><a href="#[122]">&gt;&gt;</a>&nbsp;&nbsp;&nbsp;W25Qxx_WritePage
<LI><a href="#[121]">&gt;&gt;</a>&nbsp;&nbsp;&nbsp;W25Qxx_EraseChip
<LI><a href="#[120]">&gt;&gt;</a>&nbsp;&nbsp;&nbsp;W25Qxx_EraseBlock64K
<LI><a href="#[11f]">&gt;&gt;</a>&nbsp;&nbsp;&nbsp;W25Qxx_EraseBlock32K
<LI><a href="#[11e]">&gt;&gt;</a>&nbsp;&nbsp;&nbsp;W25Qxx_EraseSector
<LI><a href="#[11d]">&gt;&gt;</a>&nbsp;&nbsp;&nbsp;W25Qxx_WaitForWriteEnd
<LI><a href="#[11c]">&gt;&gt;</a>&nbsp;&nbsp;&nbsp;W25Qxx_WriteEnable
<LI><a href="#[11a]">&gt;&gt;</a>&nbsp;&nbsp;&nbsp;W25Qxx_ReadID
<LI><a href="#[110]">&gt;&gt;</a>&nbsp;&nbsp;&nbsp;sRF_SendByte
<LI><a href="#[10f]">&gt;&gt;</a>&nbsp;&nbsp;&nbsp;sRF_Configuration
<LI><a href="#[10d]">&gt;&gt;</a>&nbsp;&nbsp;&nbsp;sFLASH_Configuration
<LI><a href="#[105]">&gt;&gt;</a>&nbsp;&nbsp;&nbsp;W25Qxx_ReadBuffer
<LI><a href="#[18f]">&gt;&gt;</a>&nbsp;&nbsp;&nbsp;BSPLEDOff
<LI><a href="#[186]">&gt;&gt;</a>&nbsp;&nbsp;&nbsp;BSPPowerOn
<LI><a href="#[14e]">&gt;&gt;</a>&nbsp;&nbsp;&nbsp;xn297l_read_bytes
</UL>

<P><STRONG><a name="[ad]"></a>GPIO_ResetBits</STRONG> (Thumb, 4 bytes, Stack size 0 bytes, hal_gpio.o(.text))
<BR><BR>[Called By]<UL><LI><a href="#[e3]">&gt;&gt;</a>&nbsp;&nbsp;&nbsp;CM3800BScanStart
<LI><a href="#[e1]">&gt;&gt;</a>&nbsp;&nbsp;&nbsp;CM3800BClose
<LI><a href="#[dd]">&gt;&gt;</a>&nbsp;&nbsp;&nbsp;CM3800BInit
<LI><a href="#[b9]">&gt;&gt;</a>&nbsp;&nbsp;&nbsp;W25Q16Read
<LI><a href="#[b8]">&gt;&gt;</a>&nbsp;&nbsp;&nbsp;W25Q16PageProgram
<LI><a href="#[b7]">&gt;&gt;</a>&nbsp;&nbsp;&nbsp;W25Q16ClipErase
<LI><a href="#[b6]">&gt;&gt;</a>&nbsp;&nbsp;&nbsp;W25Q16BlockErase
<LI><a href="#[b5]">&gt;&gt;</a>&nbsp;&nbsp;&nbsp;W25Q16SectorErase
<LI><a href="#[b3]">&gt;&gt;</a>&nbsp;&nbsp;&nbsp;W25Q16Reset
<LI><a href="#[b0]">&gt;&gt;</a>&nbsp;&nbsp;&nbsp;W25Q16Open
<LI><a href="#[a9]">&gt;&gt;</a>&nbsp;&nbsp;&nbsp;W25Q16Init
<LI><a href="#[b4]">&gt;&gt;</a>&nbsp;&nbsp;&nbsp;ChipBusy
<LI><a href="#[14d]">&gt;&gt;</a>&nbsp;&nbsp;&nbsp;xn297l_write_bytes
<LI><a href="#[14c]">&gt;&gt;</a>&nbsp;&nbsp;&nbsp;xn297l_write_1byte
<LI><a href="#[144]">&gt;&gt;</a>&nbsp;&nbsp;&nbsp;BT_Disconnect
<LI><a href="#[12d]">&gt;&gt;</a>&nbsp;&nbsp;&nbsp;xn297l_read_1byte
<LI><a href="#[122]">&gt;&gt;</a>&nbsp;&nbsp;&nbsp;W25Qxx_WritePage
<LI><a href="#[121]">&gt;&gt;</a>&nbsp;&nbsp;&nbsp;W25Qxx_EraseChip
<LI><a href="#[120]">&gt;&gt;</a>&nbsp;&nbsp;&nbsp;W25Qxx_EraseBlock64K
<LI><a href="#[11f]">&gt;&gt;</a>&nbsp;&nbsp;&nbsp;W25Qxx_EraseBlock32K
<LI><a href="#[11e]">&gt;&gt;</a>&nbsp;&nbsp;&nbsp;W25Qxx_EraseSector
<LI><a href="#[11d]">&gt;&gt;</a>&nbsp;&nbsp;&nbsp;W25Qxx_WaitForWriteEnd
<LI><a href="#[11c]">&gt;&gt;</a>&nbsp;&nbsp;&nbsp;W25Qxx_WriteEnable
<LI><a href="#[11a]">&gt;&gt;</a>&nbsp;&nbsp;&nbsp;W25Qxx_ReadID
<LI><a href="#[110]">&gt;&gt;</a>&nbsp;&nbsp;&nbsp;sRF_SendByte
<LI><a href="#[10f]">&gt;&gt;</a>&nbsp;&nbsp;&nbsp;sRF_Configuration
<LI><a href="#[10d]">&gt;&gt;</a>&nbsp;&nbsp;&nbsp;sFLASH_Configuration
<LI><a href="#[105]">&gt;&gt;</a>&nbsp;&nbsp;&nbsp;W25Qxx_ReadBuffer
<LI><a href="#[18e]">&gt;&gt;</a>&nbsp;&nbsp;&nbsp;BSPLEDOn
<LI><a href="#[187]">&gt;&gt;</a>&nbsp;&nbsp;&nbsp;BSPPowerOff
<LI><a href="#[14e]">&gt;&gt;</a>&nbsp;&nbsp;&nbsp;xn297l_read_bytes
</UL>

<P><STRONG><a name="[20a]"></a>GPIO_WriteBit</STRONG> (Thumb, 10 bytes, Stack size 0 bytes, hal_gpio.o(.text), UNUSED)

<P><STRONG><a name="[20b]"></a>GPIO_Write</STRONG> (Thumb, 4 bytes, Stack size 0 bytes, hal_gpio.o(.text), UNUSED)

<P><STRONG><a name="[20c]"></a>GPIO_PinLockConfig</STRONG> (Thumb, 18 bytes, Stack size 0 bytes, hal_gpio.o(.text), UNUSED)

<P><STRONG><a name="[20d]"></a>GPIO_EventOutputConfig</STRONG> (Thumb, 26 bytes, Stack size 0 bytes, hal_gpio.o(.text), UNUSED)

<P><STRONG><a name="[20e]"></a>GPIO_EventOutputCmd</STRONG> (Thumb, 6 bytes, Stack size 0 bytes, hal_gpio.o(.text), UNUSED)

<P><STRONG><a name="[183]"></a>GPIO_PinRemapConfig</STRONG> (Thumb, 94 bytes, Stack size 20 bytes, hal_gpio.o(.text))
<BR><BR>[Stack]<UL><LI>Max Depth = 20<LI>Call Chain = GPIO_PinRemapConfig
</UL>
<BR>[Called By]<UL><LI><a href="#[182]">&gt;&gt;</a>&nbsp;&nbsp;&nbsp;BSPSystemInit
</UL>

<P><STRONG><a name="[20f]"></a>GPIO_EXTILineConfig</STRONG> (Thumb, 66 bytes, Stack size 12 bytes, hal_gpio.o(.text), UNUSED)

<P><STRONG><a name="[1b9]"></a>IWDG_WriteAccessCmd</STRONG> (Thumb, 6 bytes, Stack size 0 bytes, hal_iwdg.o(.text), UNUSED)
<BR><BR>[Called By]<UL><LI><a href="#[1b7]">&gt;&gt;</a>&nbsp;&nbsp;&nbsp;BSPWatchDogInit
</UL>

<P><STRONG><a name="[1ba]"></a>IWDG_SetPrescaler</STRONG> (Thumb, 6 bytes, Stack size 0 bytes, hal_iwdg.o(.text), UNUSED)
<BR><BR>[Called By]<UL><LI><a href="#[1b7]">&gt;&gt;</a>&nbsp;&nbsp;&nbsp;BSPWatchDogInit
</UL>

<P><STRONG><a name="[1bb]"></a>IWDG_SetReload</STRONG> (Thumb, 6 bytes, Stack size 0 bytes, hal_iwdg.o(.text), UNUSED)
<BR><BR>[Called By]<UL><LI><a href="#[1b7]">&gt;&gt;</a>&nbsp;&nbsp;&nbsp;BSPWatchDogInit
</UL>

<P><STRONG><a name="[1bc]"></a>IWDG_ReloadCounter</STRONG> (Thumb, 10 bytes, Stack size 0 bytes, hal_iwdg.o(.text))
<BR><BR>[Called By]<UL><LI><a href="#[137]">&gt;&gt;</a>&nbsp;&nbsp;&nbsp;BSPWatchDogReset
<LI><a href="#[1b7]">&gt;&gt;</a>&nbsp;&nbsp;&nbsp;BSPWatchDogInit
</UL>

<P><STRONG><a name="[1bd]"></a>IWDG_Enable</STRONG> (Thumb, 10 bytes, Stack size 0 bytes, hal_iwdg.o(.text), UNUSED)
<BR><BR>[Called By]<UL><LI><a href="#[1b7]">&gt;&gt;</a>&nbsp;&nbsp;&nbsp;BSPWatchDogInit
</UL>

<P><STRONG><a name="[1b5]"></a>IWDG_GetFlagStatus</STRONG> (Thumb, 20 bytes, Stack size 0 bytes, hal_iwdg.o(.text), UNUSED)
<BR><BR>[Called By]<UL><LI><a href="#[1b6]">&gt;&gt;</a>&nbsp;&nbsp;&nbsp;PVU_CheckStatus
<LI><a href="#[1b4]">&gt;&gt;</a>&nbsp;&nbsp;&nbsp;RVU_CheckStatus
</UL>

<P><STRONG><a name="[184]"></a>NVIC_PriorityGroupConfig</STRONG> (Thumb, 10 bytes, Stack size 0 bytes, hal_misc.o(.text))
<BR><BR>[Called By]<UL><LI><a href="#[182]">&gt;&gt;</a>&nbsp;&nbsp;&nbsp;BSPSystemInit
</UL>

<P><STRONG><a name="[bf]"></a>NVIC_Init</STRONG> (Thumb, 114 bytes, Stack size 16 bytes, hal_misc.o(.text))
<BR><BR>[Stack]<UL><LI>Max Depth = 16<LI>Call Chain = NVIC_Init
</UL>
<BR>[Called By]<UL><LI><a href="#[de]">&gt;&gt;</a>&nbsp;&nbsp;&nbsp;UART1Init
<LI><a href="#[be]">&gt;&gt;</a>&nbsp;&nbsp;&nbsp;USB_Interrupts_Config
<LI><a href="#[112]">&gt;&gt;</a>&nbsp;&nbsp;&nbsp;UART_IRQConfig
<LI><a href="#[1be]">&gt;&gt;</a>&nbsp;&nbsp;&nbsp;BSPSoundInit
<LI><a href="#[16f]">&gt;&gt;</a>&nbsp;&nbsp;&nbsp;UART2Init
</UL>

<P><STRONG><a name="[210]"></a>NVIC_SetVectorTable</STRONG> (Thumb, 14 bytes, Stack size 0 bytes, hal_misc.o(.text), UNUSED)

<P><STRONG><a name="[211]"></a>NVIC_SystemLPConfig</STRONG> (Thumb, 34 bytes, Stack size 0 bytes, hal_misc.o(.text), UNUSED)

<P><STRONG><a name="[17b]"></a>SysTick_CLKSourceConfig</STRONG> (Thumb, 40 bytes, Stack size 0 bytes, hal_misc.o(.text))
<BR><BR>[Called By]<UL><LI><a href="#[17a]">&gt;&gt;</a>&nbsp;&nbsp;&nbsp;BSPTimerInit
</UL>

<P><STRONG><a name="[212]"></a>RCC_DeInit</STRONG> (Thumb, 62 bytes, Stack size 0 bytes, hal_rcc.o(.text), UNUSED)

<P><STRONG><a name="[213]"></a>RCC_HSEConfig</STRONG> (Thumb, 70 bytes, Stack size 0 bytes, hal_rcc.o(.text), UNUSED)

<P><STRONG><a name="[79]"></a>RCC_GetFlagStatus</STRONG> (Thumb, 56 bytes, Stack size 8 bytes, hal_rcc.o(.text), UNUSED)
<BR><BR>[Called By]<UL><LI><a href="#[78]">&gt;&gt;</a>&nbsp;&nbsp;&nbsp;RCC_WaitForHSEStartUp
<LI><a href="#[1b7]">&gt;&gt;</a>&nbsp;&nbsp;&nbsp;BSPWatchDogInit
</UL>

<P><STRONG><a name="[78]"></a>RCC_WaitForHSEStartUp</STRONG> (Thumb, 54 bytes, Stack size 16 bytes, hal_rcc.o(.text), UNUSED)
<BR><BR>[Calls]<UL><LI><a href="#[79]">&gt;&gt;</a>&nbsp;&nbsp;&nbsp;RCC_GetFlagStatus
</UL>

<P><STRONG><a name="[214]"></a>RCC_AdjustHSICalibrationValue</STRONG> (Thumb, 20 bytes, Stack size 0 bytes, hal_rcc.o(.text), UNUSED)

<P><STRONG><a name="[215]"></a>RCC_HSICmd</STRONG> (Thumb, 32 bytes, Stack size 0 bytes, hal_rcc.o(.text), UNUSED)

<P><STRONG><a name="[7b]"></a>RCC_PLLDMDNConfig</STRONG> (Thumb, 28 bytes, Stack size 8 bytes, hal_rcc.o(.text), UNUSED)
<BR><BR>[Called By]<UL><LI><a href="#[7a]">&gt;&gt;</a>&nbsp;&nbsp;&nbsp;RCC_PLLConfig
</UL>

<P><STRONG><a name="[7a]"></a>RCC_PLLConfig</STRONG> (Thumb, 258 bytes, Stack size 16 bytes, hal_rcc.o(.text), UNUSED)
<BR><BR>[Calls]<UL><LI><a href="#[7b]">&gt;&gt;</a>&nbsp;&nbsp;&nbsp;RCC_PLLDMDNConfig
</UL>

<P><STRONG><a name="[216]"></a>RCC_PLLCmd</STRONG> (Thumb, 30 bytes, Stack size 0 bytes, hal_rcc.o(.text), UNUSED)

<P><STRONG><a name="[217]"></a>RCC_SYSCLKConfig</STRONG> (Thumb, 18 bytes, Stack size 0 bytes, hal_rcc.o(.text), UNUSED)

<P><STRONG><a name="[218]"></a>RCC_GetSYSCLKSource</STRONG> (Thumb, 10 bytes, Stack size 0 bytes, hal_rcc.o(.text), UNUSED)

<P><STRONG><a name="[219]"></a>RCC_HCLKConfig</STRONG> (Thumb, 18 bytes, Stack size 0 bytes, hal_rcc.o(.text), UNUSED)

<P><STRONG><a name="[21a]"></a>RCC_PCLK1Config</STRONG> (Thumb, 18 bytes, Stack size 0 bytes, hal_rcc.o(.text), UNUSED)

<P><STRONG><a name="[21b]"></a>RCC_PCLK2Config</STRONG> (Thumb, 20 bytes, Stack size 0 bytes, hal_rcc.o(.text), UNUSED)

<P><STRONG><a name="[21c]"></a>RCC_ITConfig</STRONG> (Thumb, 40 bytes, Stack size 0 bytes, hal_rcc.o(.text), UNUSED)

<P><STRONG><a name="[bc]"></a>RCC_USBCLKConfig</STRONG> (Thumb, 24 bytes, Stack size 0 bytes, hal_rcc.o(.text))
<BR><BR>[Called By]<UL><LI><a href="#[bb]">&gt;&gt;</a>&nbsp;&nbsp;&nbsp;Set_USBClock
</UL>

<P><STRONG><a name="[21d]"></a>RCC_ADCCLKConfig</STRONG> (Thumb, 18 bytes, Stack size 0 bytes, hal_rcc.o(.text), UNUSED)

<P><STRONG><a name="[21e]"></a>RCC_LSEConfig</STRONG> (Thumb, 44 bytes, Stack size 0 bytes, hal_rcc.o(.text), UNUSED)

<P><STRONG><a name="[1b8]"></a>RCC_LSICmd</STRONG> (Thumb, 30 bytes, Stack size 0 bytes, hal_rcc.o(.text), UNUSED)
<BR><BR>[Called By]<UL><LI><a href="#[1b7]">&gt;&gt;</a>&nbsp;&nbsp;&nbsp;BSPWatchDogInit
</UL>

<P><STRONG><a name="[21f]"></a>RCC_RTCCLKConfig</STRONG> (Thumb, 12 bytes, Stack size 0 bytes, hal_rcc.o(.text), UNUSED)

<P><STRONG><a name="[220]"></a>RCC_RTCCLKCmd</STRONG> (Thumb, 30 bytes, Stack size 0 bytes, hal_rcc.o(.text), UNUSED)

<P><STRONG><a name="[90]"></a>RCC_GetClocksFreq</STRONG> (Thumb, 240 bytes, Stack size 20 bytes, hal_rcc.o(.text))
<BR><BR>[Stack]<UL><LI>Max Depth = 20<LI>Call Chain = RCC_GetClocksFreq
</UL>
<BR>[Called By]<UL><LI><a href="#[8f]">&gt;&gt;</a>&nbsp;&nbsp;&nbsp;UART_Init
</UL>

<P><STRONG><a name="[221]"></a>RCC_AHBPeriphClockCmd</STRONG> (Thumb, 26 bytes, Stack size 0 bytes, hal_rcc.o(.text), UNUSED)

<P><STRONG><a name="[aa]"></a>RCC_APB2PeriphClockCmd</STRONG> (Thumb, 26 bytes, Stack size 0 bytes, hal_rcc.o(.text))
<BR><BR>[Called By]<UL><LI><a href="#[de]">&gt;&gt;</a>&nbsp;&nbsp;&nbsp;UART1Init
<LI><a href="#[dd]">&gt;&gt;</a>&nbsp;&nbsp;&nbsp;CM3800BInit
<LI><a href="#[ba]">&gt;&gt;</a>&nbsp;&nbsp;&nbsp;Set_System
<LI><a href="#[a9]">&gt;&gt;</a>&nbsp;&nbsp;&nbsp;W25Q16Init
<LI><a href="#[113]">&gt;&gt;</a>&nbsp;&nbsp;&nbsp;UART_Configuration
<LI><a href="#[10f]">&gt;&gt;</a>&nbsp;&nbsp;&nbsp;sRF_Configuration
<LI><a href="#[10d]">&gt;&gt;</a>&nbsp;&nbsp;&nbsp;sFLASH_Configuration
<LI><a href="#[1be]">&gt;&gt;</a>&nbsp;&nbsp;&nbsp;BSPSoundInit
<LI><a href="#[18d]">&gt;&gt;</a>&nbsp;&nbsp;&nbsp;BSPLEDInit
<LI><a href="#[188]">&gt;&gt;</a>&nbsp;&nbsp;&nbsp;BSPKeyInit
<LI><a href="#[185]">&gt;&gt;</a>&nbsp;&nbsp;&nbsp;BSPPowerInit
<LI><a href="#[182]">&gt;&gt;</a>&nbsp;&nbsp;&nbsp;BSPSystemInit
<LI><a href="#[16f]">&gt;&gt;</a>&nbsp;&nbsp;&nbsp;UART2Init
<LI><a href="#[166]">&gt;&gt;</a>&nbsp;&nbsp;&nbsp;GpioInit
</UL>

<P><STRONG><a name="[bd]"></a>RCC_APB1PeriphClockCmd</STRONG> (Thumb, 26 bytes, Stack size 0 bytes, hal_rcc.o(.text))
<BR><BR>[Called By]<UL><LI><a href="#[bb]">&gt;&gt;</a>&nbsp;&nbsp;&nbsp;Set_USBClock
<LI><a href="#[113]">&gt;&gt;</a>&nbsp;&nbsp;&nbsp;UART_Configuration
<LI><a href="#[1be]">&gt;&gt;</a>&nbsp;&nbsp;&nbsp;BSPSoundInit
<LI><a href="#[16f]">&gt;&gt;</a>&nbsp;&nbsp;&nbsp;UART2Init
</UL>

<P><STRONG><a name="[76]"></a>RCC_APB2PeriphResetCmd</STRONG> (Thumb, 26 bytes, Stack size 0 bytes, hal_rcc.o(.text))
<BR><BR>[Called By]<UL><LI><a href="#[7c]">&gt;&gt;</a>&nbsp;&nbsp;&nbsp;SPI_DeInit
<LI><a href="#[77]">&gt;&gt;</a>&nbsp;&nbsp;&nbsp;GPIO_AFIODeInit
<LI><a href="#[75]">&gt;&gt;</a>&nbsp;&nbsp;&nbsp;GPIO_DeInit
<LI><a href="#[8e]">&gt;&gt;</a>&nbsp;&nbsp;&nbsp;UART_DeInit
<LI><a href="#[7d]">&gt;&gt;</a>&nbsp;&nbsp;&nbsp;TIM_DeInit
</UL>

<P><STRONG><a name="[68]"></a>RCC_APB1PeriphResetCmd</STRONG> (Thumb, 26 bytes, Stack size 0 bytes, hal_rcc.o(.text))
<BR><BR>[Called By]<UL><LI><a href="#[7c]">&gt;&gt;</a>&nbsp;&nbsp;&nbsp;SPI_DeInit
<LI><a href="#[67]">&gt;&gt;</a>&nbsp;&nbsp;&nbsp;DAC_DeInit
<LI><a href="#[8e]">&gt;&gt;</a>&nbsp;&nbsp;&nbsp;UART_DeInit
<LI><a href="#[7d]">&gt;&gt;</a>&nbsp;&nbsp;&nbsp;TIM_DeInit
</UL>

<P><STRONG><a name="[222]"></a>RCC_BackupResetCmd</STRONG> (Thumb, 6 bytes, Stack size 0 bytes, hal_rcc.o(.text), UNUSED)

<P><STRONG><a name="[223]"></a>RCC_ClockSecuritySystemCmd</STRONG> (Thumb, 6 bytes, Stack size 0 bytes, hal_rcc.o(.text), UNUSED)

<P><STRONG><a name="[224]"></a>RCC_MCOConfig</STRONG> (Thumb, 6 bytes, Stack size 0 bytes, hal_rcc.o(.text), UNUSED)

<P><STRONG><a name="[225]"></a>RCC_ClearFlag</STRONG> (Thumb, 14 bytes, Stack size 0 bytes, hal_rcc.o(.text), UNUSED)

<P><STRONG><a name="[226]"></a>RCC_GetITStatus</STRONG> (Thumb, 20 bytes, Stack size 0 bytes, hal_rcc.o(.text), UNUSED)

<P><STRONG><a name="[227]"></a>RCC_ClearITPendingBit</STRONG> (Thumb, 14 bytes, Stack size 0 bytes, hal_rcc.o(.text), UNUSED)

<P><STRONG><a name="[7c]"></a>SPI_DeInit</STRONG> (Thumb, 62 bytes, Stack size 8 bytes, hal_spi.o(.text))
<BR><BR>[Stack]<UL><LI>Max Depth = 8<LI>Call Chain = SPI_DeInit
</UL>
<BR>[Calls]<UL><LI><a href="#[68]">&gt;&gt;</a>&nbsp;&nbsp;&nbsp;RCC_APB1PeriphResetCmd
<LI><a href="#[76]">&gt;&gt;</a>&nbsp;&nbsp;&nbsp;RCC_APB2PeriphResetCmd
</UL>
<BR>[Called By]<UL><LI><a href="#[a9]">&gt;&gt;</a>&nbsp;&nbsp;&nbsp;W25Q16Init
</UL>

<P><STRONG><a name="[ae]"></a>SPI_Init</STRONG> (Thumb, 88 bytes, Stack size 8 bytes, hal_spi.o(.text))
<BR><BR>[Stack]<UL><LI>Max Depth = 8<LI>Call Chain = SPI_Init
</UL>
<BR>[Called By]<UL><LI><a href="#[a9]">&gt;&gt;</a>&nbsp;&nbsp;&nbsp;W25Q16Init
<LI><a href="#[10d]">&gt;&gt;</a>&nbsp;&nbsp;&nbsp;sFLASH_Configuration
</UL>

<P><STRONG><a name="[228]"></a>SPI_StructInit</STRONG> (Thumb, 32 bytes, Stack size 0 bytes, hal_spi.o(.text), UNUSED)

<P><STRONG><a name="[b1]"></a>SPI_Cmd</STRONG> (Thumb, 24 bytes, Stack size 0 bytes, hal_spi.o(.text))
<BR><BR>[Called By]<UL><LI><a href="#[b2]">&gt;&gt;</a>&nbsp;&nbsp;&nbsp;W25Q16Close
<LI><a href="#[b0]">&gt;&gt;</a>&nbsp;&nbsp;&nbsp;W25Q16Open
<LI><a href="#[10d]">&gt;&gt;</a>&nbsp;&nbsp;&nbsp;sFLASH_Configuration
</UL>

<P><STRONG><a name="[229]"></a>SPI_ITConfig</STRONG> (Thumb, 38 bytes, Stack size 8 bytes, hal_spi.o(.text), UNUSED)

<P><STRONG><a name="[22a]"></a>SPI_DMACmd</STRONG> (Thumb, 18 bytes, Stack size 0 bytes, hal_spi.o(.text), UNUSED)

<P><STRONG><a name="[22b]"></a>SPI_FifoTrigger</STRONG> (Thumb, 18 bytes, Stack size 0 bytes, hal_spi.o(.text), UNUSED)

<P><STRONG><a name="[a5]"></a>SPI_SendData</STRONG> (Thumb, 40 bytes, Stack size 0 bytes, hal_spi.o(.text))
<BR><BR>[Called By]<UL><LI><a href="#[a8]">&gt;&gt;</a>&nbsp;&nbsp;&nbsp;SPIRead
<LI><a href="#[a4]">&gt;&gt;</a>&nbsp;&nbsp;&nbsp;SPIWrite
<LI><a href="#[10e]">&gt;&gt;</a>&nbsp;&nbsp;&nbsp;sFLASH_SendByte
</UL>

<P><STRONG><a name="[a7]"></a>SPI_ReceiveData</STRONG> (Thumb, 60 bytes, Stack size 0 bytes, hal_spi.o(.text))
<BR><BR>[Called By]<UL><LI><a href="#[a8]">&gt;&gt;</a>&nbsp;&nbsp;&nbsp;SPIRead
<LI><a href="#[a4]">&gt;&gt;</a>&nbsp;&nbsp;&nbsp;SPIWrite
<LI><a href="#[10e]">&gt;&gt;</a>&nbsp;&nbsp;&nbsp;sFLASH_SendByte
</UL>

<P><STRONG><a name="[22c]"></a>SPI_CSInternalSelected</STRONG> (Thumb, 22 bytes, Stack size 8 bytes, hal_spi.o(.text), UNUSED)

<P><STRONG><a name="[22d]"></a>SPI_NSSInternalSoftwareConfig</STRONG> (Thumb, 30 bytes, Stack size 0 bytes, hal_spi.o(.text), UNUSED)

<P><STRONG><a name="[22e]"></a>SPI_DataSizeConfig</STRONG> (Thumb, 18 bytes, Stack size 0 bytes, hal_spi.o(.text), UNUSED)

<P><STRONG><a name="[af]"></a>SPI_BiDirectionalLineConfig</STRONG> (Thumb, 58 bytes, Stack size 0 bytes, hal_spi.o(.text))
<BR><BR>[Called By]<UL><LI><a href="#[a9]">&gt;&gt;</a>&nbsp;&nbsp;&nbsp;W25Q16Init
<LI><a href="#[10d]">&gt;&gt;</a>&nbsp;&nbsp;&nbsp;sFLASH_Configuration
</UL>

<P><STRONG><a name="[a6]"></a>SPI_GetFlagStatus</STRONG> (Thumb, 96 bytes, Stack size 8 bytes, hal_spi.o(.text))
<BR><BR>[Stack]<UL><LI>Max Depth = 8<LI>Call Chain = SPI_GetFlagStatus
</UL>
<BR>[Called By]<UL><LI><a href="#[a8]">&gt;&gt;</a>&nbsp;&nbsp;&nbsp;SPIRead
<LI><a href="#[a4]">&gt;&gt;</a>&nbsp;&nbsp;&nbsp;SPIWrite
<LI><a href="#[10e]">&gt;&gt;</a>&nbsp;&nbsp;&nbsp;sFLASH_SendByte
</UL>

<P><STRONG><a name="[22f]"></a>SPI_GetITStatus</STRONG> (Thumb, 18 bytes, Stack size 0 bytes, hal_spi.o(.text), UNUSED)

<P><STRONG><a name="[230]"></a>SPI_ClearITPendingBit</STRONG> (Thumb, 8 bytes, Stack size 0 bytes, hal_spi.o(.text), UNUSED)

<P><STRONG><a name="[231]"></a>SPI_RxBytes</STRONG> (Thumb, 4 bytes, Stack size 0 bytes, hal_spi.o(.text), UNUSED)

<P><STRONG><a name="[232]"></a>SPI_SlaveAdjust</STRONG> (Thumb, 8 bytes, Stack size 0 bytes, hal_spi.o(.text), UNUSED)

<P><STRONG><a name="[7d]"></a>TIM_DeInit</STRONG> (Thumb, 108 bytes, Stack size 8 bytes, hal_tim.o(.text), UNUSED)
<BR><BR>[Calls]<UL><LI><a href="#[68]">&gt;&gt;</a>&nbsp;&nbsp;&nbsp;RCC_APB1PeriphResetCmd
<LI><a href="#[76]">&gt;&gt;</a>&nbsp;&nbsp;&nbsp;RCC_APB2PeriphResetCmd
</UL>

<P><STRONG><a name="[1c1]"></a>TIM_TimeBaseInit</STRONG> (Thumb, 44 bytes, Stack size 0 bytes, hal_tim.o(.text))
<BR><BR>[Called By]<UL><LI><a href="#[1be]">&gt;&gt;</a>&nbsp;&nbsp;&nbsp;BSPSoundInit
</UL>

<P><STRONG><a name="[1c3]"></a>TIM_OC1Init</STRONG> (Thumb, 100 bytes, Stack size 16 bytes, hal_tim.o(.text))
<BR><BR>[Stack]<UL><LI>Max Depth = 16<LI>Call Chain = TIM_OC1Init
</UL>
<BR>[Called By]<UL><LI><a href="#[1be]">&gt;&gt;</a>&nbsp;&nbsp;&nbsp;BSPSoundInit
</UL>

<P><STRONG><a name="[233]"></a>TIM_OC2Init</STRONG> (Thumb, 138 bytes, Stack size 16 bytes, hal_tim.o(.text), UNUSED)

<P><STRONG><a name="[234]"></a>TIM_OC3Init</STRONG> (Thumb, 134 bytes, Stack size 16 bytes, hal_tim.o(.text), UNUSED)

<P><STRONG><a name="[235]"></a>TIM_OC4Init</STRONG> (Thumb, 96 bytes, Stack size 16 bytes, hal_tim.o(.text), UNUSED)

<P><STRONG><a name="[86]"></a>TIM_SetIC4Prescaler</STRONG> (Thumb, 26 bytes, Stack size 0 bytes, hal_tim.o(.text), UNUSED)
<BR><BR>[Called By]<UL><LI><a href="#[7e]">&gt;&gt;</a>&nbsp;&nbsp;&nbsp;TIM_ICInit
</UL>

<P><STRONG><a name="[84]"></a>TIM_SetIC3Prescaler</STRONG> (Thumb, 18 bytes, Stack size 0 bytes, hal_tim.o(.text), UNUSED)
<BR><BR>[Called By]<UL><LI><a href="#[7e]">&gt;&gt;</a>&nbsp;&nbsp;&nbsp;TIM_ICInit
</UL>

<P><STRONG><a name="[82]"></a>TIM_SetIC2Prescaler</STRONG> (Thumb, 26 bytes, Stack size 0 bytes, hal_tim.o(.text), UNUSED)
<BR><BR>[Called By]<UL><LI><a href="#[87]">&gt;&gt;</a>&nbsp;&nbsp;&nbsp;TIM_PWMIConfig
<LI><a href="#[7e]">&gt;&gt;</a>&nbsp;&nbsp;&nbsp;TIM_ICInit
</UL>

<P><STRONG><a name="[80]"></a>TIM_SetIC1Prescaler</STRONG> (Thumb, 18 bytes, Stack size 0 bytes, hal_tim.o(.text), UNUSED)
<BR><BR>[Called By]<UL><LI><a href="#[87]">&gt;&gt;</a>&nbsp;&nbsp;&nbsp;TIM_PWMIConfig
<LI><a href="#[7e]">&gt;&gt;</a>&nbsp;&nbsp;&nbsp;TIM_ICInit
</UL>

<P><STRONG><a name="[7e]"></a>TIM_ICInit</STRONG> (Thumb, 110 bytes, Stack size 16 bytes, hal_tim.o(.text), UNUSED)
<BR><BR>[Calls]<UL><LI><a href="#[7f]">&gt;&gt;</a>&nbsp;&nbsp;&nbsp;TI1_Config
<LI><a href="#[81]">&gt;&gt;</a>&nbsp;&nbsp;&nbsp;TI2_Config
<LI><a href="#[83]">&gt;&gt;</a>&nbsp;&nbsp;&nbsp;TI3_Config
<LI><a href="#[85]">&gt;&gt;</a>&nbsp;&nbsp;&nbsp;TI4_Config
<LI><a href="#[80]">&gt;&gt;</a>&nbsp;&nbsp;&nbsp;TIM_SetIC1Prescaler
<LI><a href="#[82]">&gt;&gt;</a>&nbsp;&nbsp;&nbsp;TIM_SetIC2Prescaler
<LI><a href="#[84]">&gt;&gt;</a>&nbsp;&nbsp;&nbsp;TIM_SetIC3Prescaler
<LI><a href="#[86]">&gt;&gt;</a>&nbsp;&nbsp;&nbsp;TIM_SetIC4Prescaler
</UL>

<P><STRONG><a name="[87]"></a>TIM_PWMIConfig</STRONG> (Thumb, 124 bytes, Stack size 24 bytes, hal_tim.o(.text), UNUSED)
<BR><BR>[Calls]<UL><LI><a href="#[7f]">&gt;&gt;</a>&nbsp;&nbsp;&nbsp;TI1_Config
<LI><a href="#[81]">&gt;&gt;</a>&nbsp;&nbsp;&nbsp;TI2_Config
<LI><a href="#[80]">&gt;&gt;</a>&nbsp;&nbsp;&nbsp;TIM_SetIC1Prescaler
<LI><a href="#[82]">&gt;&gt;</a>&nbsp;&nbsp;&nbsp;TIM_SetIC2Prescaler
</UL>

<P><STRONG><a name="[236]"></a>TIM_BDTRConfig</STRONG> (Thumb, 32 bytes, Stack size 0 bytes, hal_tim.o(.text), UNUSED)

<P><STRONG><a name="[237]"></a>TIM_TimeBaseStructInit</STRONG> (Thumb, 18 bytes, Stack size 0 bytes, hal_tim.o(.text), UNUSED)

<P><STRONG><a name="[238]"></a>TIM_OCStructInit</STRONG> (Thumb, 20 bytes, Stack size 0 bytes, hal_tim.o(.text), UNUSED)

<P><STRONG><a name="[239]"></a>TIM_ICStructInit</STRONG> (Thumb, 18 bytes, Stack size 0 bytes, hal_tim.o(.text), UNUSED)

<P><STRONG><a name="[23a]"></a>TIM_BDTRStructInit</STRONG> (Thumb, 18 bytes, Stack size 0 bytes, hal_tim.o(.text), UNUSED)

<P><STRONG><a name="[1c6]"></a>TIM_Cmd</STRONG> (Thumb, 24 bytes, Stack size 0 bytes, hal_tim.o(.text))
<BR><BR>[Called By]<UL><LI><a href="#[1cd]">&gt;&gt;</a>&nbsp;&nbsp;&nbsp;BSPSoundStop
<LI><a href="#[1ca]">&gt;&gt;</a>&nbsp;&nbsp;&nbsp;BSPSoundPlay
<LI><a href="#[1be]">&gt;&gt;</a>&nbsp;&nbsp;&nbsp;BSPSoundInit
<LI><a href="#[1c9]">&gt;&gt;</a>&nbsp;&nbsp;&nbsp;SoundRead
</UL>

<P><STRONG><a name="[23b]"></a>TIM_CtrlPWMOutputs</STRONG> (Thumb, 30 bytes, Stack size 0 bytes, hal_tim.o(.text), UNUSED)

<P><STRONG><a name="[1c5]"></a>TIM_ITConfig</STRONG> (Thumb, 26 bytes, Stack size 8 bytes, hal_tim.o(.text))
<BR><BR>[Stack]<UL><LI>Max Depth = 8<LI>Call Chain = TIM_ITConfig
</UL>
<BR>[Called By]<UL><LI><a href="#[1be]">&gt;&gt;</a>&nbsp;&nbsp;&nbsp;BSPSoundInit
</UL>

<P><STRONG><a name="[23c]"></a>TIM_GenerateEvent</STRONG> (Thumb, 4 bytes, Stack size 0 bytes, hal_tim.o(.text), UNUSED)

<P><STRONG><a name="[23d]"></a>TIM_DMAConfig</STRONG> (Thumb, 10 bytes, Stack size 0 bytes, hal_tim.o(.text), UNUSED)

<P><STRONG><a name="[23e]"></a>TIM_DMACmd</STRONG> (Thumb, 18 bytes, Stack size 0 bytes, hal_tim.o(.text), UNUSED)

<P><STRONG><a name="[23f]"></a>TIM_InternalClockConfig</STRONG> (Thumb, 12 bytes, Stack size 0 bytes, hal_tim.o(.text), UNUSED)

<P><STRONG><a name="[89]"></a>TIM_SelectInputTrigger</STRONG> (Thumb, 18 bytes, Stack size 0 bytes, hal_tim.o(.text), UNUSED)
<BR><BR>[Called By]<UL><LI><a href="#[8a]">&gt;&gt;</a>&nbsp;&nbsp;&nbsp;TIM_TIxExternalClockConfig
<LI><a href="#[88]">&gt;&gt;</a>&nbsp;&nbsp;&nbsp;TIM_ITRxExternalClockConfig
</UL>

<P><STRONG><a name="[88]"></a>TIM_ITRxExternalClockConfig</STRONG> (Thumb, 24 bytes, Stack size 12 bytes, hal_tim.o(.text), UNUSED)
<BR><BR>[Calls]<UL><LI><a href="#[89]">&gt;&gt;</a>&nbsp;&nbsp;&nbsp;TIM_SelectInputTrigger
</UL>

<P><STRONG><a name="[8a]"></a>TIM_TIxExternalClockConfig</STRONG> (Thumb, 62 bytes, Stack size 24 bytes, hal_tim.o(.text), UNUSED)
<BR><BR>[Calls]<UL><LI><a href="#[7f]">&gt;&gt;</a>&nbsp;&nbsp;&nbsp;TI1_Config
<LI><a href="#[81]">&gt;&gt;</a>&nbsp;&nbsp;&nbsp;TI2_Config
<LI><a href="#[89]">&gt;&gt;</a>&nbsp;&nbsp;&nbsp;TIM_SelectInputTrigger
</UL>

<P><STRONG><a name="[8c]"></a>TIM_ETRConfig</STRONG> (Thumb, 30 bytes, Stack size 16 bytes, hal_tim.o(.text), UNUSED)
<BR><BR>[Called By]<UL><LI><a href="#[8d]">&gt;&gt;</a>&nbsp;&nbsp;&nbsp;TIM_ETRClockMode2Config
<LI><a href="#[8b]">&gt;&gt;</a>&nbsp;&nbsp;&nbsp;TIM_ETRClockMode1Config
</UL>

<P><STRONG><a name="[8b]"></a>TIM_ETRClockMode1Config</STRONG> (Thumb, 54 bytes, Stack size 24 bytes, hal_tim.o(.text), UNUSED)
<BR><BR>[Calls]<UL><LI><a href="#[8c]">&gt;&gt;</a>&nbsp;&nbsp;&nbsp;TIM_ETRConfig
</UL>

<P><STRONG><a name="[8d]"></a>TIM_ETRClockMode2Config</STRONG> (Thumb, 32 bytes, Stack size 20 bytes, hal_tim.o(.text), UNUSED)
<BR><BR>[Calls]<UL><LI><a href="#[8c]">&gt;&gt;</a>&nbsp;&nbsp;&nbsp;TIM_ETRConfig
</UL>

<P><STRONG><a name="[1c2]"></a>TIM_PrescalerConfig</STRONG> (Thumb, 6 bytes, Stack size 0 bytes, hal_tim.o(.text))
<BR><BR>[Called By]<UL><LI><a href="#[1be]">&gt;&gt;</a>&nbsp;&nbsp;&nbsp;BSPSoundInit
</UL>

<P><STRONG><a name="[240]"></a>TIM_CounterModeConfig</STRONG> (Thumb, 18 bytes, Stack size 0 bytes, hal_tim.o(.text), UNUSED)

<P><STRONG><a name="[241]"></a>TIM_EncoderInterfaceConfig</STRONG> (Thumb, 66 bytes, Stack size 20 bytes, hal_tim.o(.text), UNUSED)

<P><STRONG><a name="[242]"></a>TIM_ForcedOC1Config</STRONG> (Thumb, 18 bytes, Stack size 0 bytes, hal_tim.o(.text), UNUSED)

<P><STRONG><a name="[243]"></a>TIM_ForcedOC2Config</STRONG> (Thumb, 26 bytes, Stack size 0 bytes, hal_tim.o(.text), UNUSED)

<P><STRONG><a name="[244]"></a>TIM_ForcedOC3Config</STRONG> (Thumb, 18 bytes, Stack size 0 bytes, hal_tim.o(.text), UNUSED)

<P><STRONG><a name="[245]"></a>TIM_ForcedOC4Config</STRONG> (Thumb, 26 bytes, Stack size 0 bytes, hal_tim.o(.text), UNUSED)

<P><STRONG><a name="[246]"></a>TIM_ARRPreloadConfig</STRONG> (Thumb, 24 bytes, Stack size 0 bytes, hal_tim.o(.text), UNUSED)

<P><STRONG><a name="[247]"></a>TIM_SelectCOM</STRONG> (Thumb, 24 bytes, Stack size 0 bytes, hal_tim.o(.text), UNUSED)

<P><STRONG><a name="[248]"></a>TIM_SelectCCDMA</STRONG> (Thumb, 24 bytes, Stack size 0 bytes, hal_tim.o(.text), UNUSED)

<P><STRONG><a name="[249]"></a>TIM_CCPreloadControl</STRONG> (Thumb, 24 bytes, Stack size 0 bytes, hal_tim.o(.text), UNUSED)

<P><STRONG><a name="[1c4]"></a>TIM_OC1PreloadConfig</STRONG> (Thumb, 18 bytes, Stack size 0 bytes, hal_tim.o(.text))
<BR><BR>[Called By]<UL><LI><a href="#[1be]">&gt;&gt;</a>&nbsp;&nbsp;&nbsp;BSPSoundInit
</UL>

<P><STRONG><a name="[24a]"></a>TIM_OC2PreloadConfig</STRONG> (Thumb, 26 bytes, Stack size 0 bytes, hal_tim.o(.text), UNUSED)

<P><STRONG><a name="[24b]"></a>TIM_OC3PreloadConfig</STRONG> (Thumb, 18 bytes, Stack size 0 bytes, hal_tim.o(.text), UNUSED)

<P><STRONG><a name="[24c]"></a>TIM_OC4PreloadConfig</STRONG> (Thumb, 26 bytes, Stack size 0 bytes, hal_tim.o(.text), UNUSED)

<P><STRONG><a name="[24d]"></a>TIM_OC1FastConfig</STRONG> (Thumb, 18 bytes, Stack size 0 bytes, hal_tim.o(.text), UNUSED)

<P><STRONG><a name="[24e]"></a>TIM_OC2FastConfig</STRONG> (Thumb, 26 bytes, Stack size 0 bytes, hal_tim.o(.text), UNUSED)

<P><STRONG><a name="[24f]"></a>TIM_OC3FastConfig</STRONG> (Thumb, 18 bytes, Stack size 0 bytes, hal_tim.o(.text), UNUSED)

<P><STRONG><a name="[250]"></a>TIM_OC4FastConfig</STRONG> (Thumb, 26 bytes, Stack size 0 bytes, hal_tim.o(.text), UNUSED)

<P><STRONG><a name="[251]"></a>TIM_ClearOC1Ref</STRONG> (Thumb, 18 bytes, Stack size 0 bytes, hal_tim.o(.text), UNUSED)

<P><STRONG><a name="[252]"></a>TIM_ClearOC2Ref</STRONG> (Thumb, 24 bytes, Stack size 0 bytes, hal_tim.o(.text), UNUSED)

<P><STRONG><a name="[253]"></a>TIM_ClearOC3Ref</STRONG> (Thumb, 18 bytes, Stack size 0 bytes, hal_tim.o(.text), UNUSED)

<P><STRONG><a name="[254]"></a>TIM_ClearOC4Ref</STRONG> (Thumb, 24 bytes, Stack size 0 bytes, hal_tim.o(.text), UNUSED)

<P><STRONG><a name="[255]"></a>TIM_OC1PolarityConfig</STRONG> (Thumb, 18 bytes, Stack size 0 bytes, hal_tim.o(.text), UNUSED)

<P><STRONG><a name="[256]"></a>TIM_OC1NPolarityConfig</STRONG> (Thumb, 18 bytes, Stack size 0 bytes, hal_tim.o(.text), UNUSED)

<P><STRONG><a name="[257]"></a>TIM_OC2PolarityConfig</STRONG> (Thumb, 26 bytes, Stack size 0 bytes, hal_tim.o(.text), UNUSED)

<P><STRONG><a name="[258]"></a>TIM_OC2NPolarityConfig</STRONG> (Thumb, 26 bytes, Stack size 0 bytes, hal_tim.o(.text), UNUSED)

<P><STRONG><a name="[259]"></a>TIM_OC3PolarityConfig</STRONG> (Thumb, 26 bytes, Stack size 0 bytes, hal_tim.o(.text), UNUSED)

<P><STRONG><a name="[25a]"></a>TIM_OC3NPolarityConfig</STRONG> (Thumb, 26 bytes, Stack size 0 bytes, hal_tim.o(.text), UNUSED)

<P><STRONG><a name="[25b]"></a>TIM_OC4PolarityConfig</STRONG> (Thumb, 26 bytes, Stack size 0 bytes, hal_tim.o(.text), UNUSED)

<P><STRONG><a name="[25c]"></a>TIM_CCxCmd</STRONG> (Thumb, 26 bytes, Stack size 8 bytes, hal_tim.o(.text), UNUSED)

<P><STRONG><a name="[25d]"></a>TIM_CCxNCmd</STRONG> (Thumb, 26 bytes, Stack size 8 bytes, hal_tim.o(.text), UNUSED)

<P><STRONG><a name="[25e]"></a>TIM_SelectOCxM</STRONG> (Thumb, 134 bytes, Stack size 12 bytes, hal_tim.o(.text), UNUSED)

<P><STRONG><a name="[25f]"></a>TIM_UpdateDisableConfig</STRONG> (Thumb, 24 bytes, Stack size 0 bytes, hal_tim.o(.text), UNUSED)

<P><STRONG><a name="[260]"></a>TIM_UpdateRequestConfig</STRONG> (Thumb, 24 bytes, Stack size 0 bytes, hal_tim.o(.text), UNUSED)

<P><STRONG><a name="[261]"></a>TIM_SelectHallSensor</STRONG> (Thumb, 24 bytes, Stack size 0 bytes, hal_tim.o(.text), UNUSED)

<P><STRONG><a name="[262]"></a>TIM_SelectOnePulseMode</STRONG> (Thumb, 18 bytes, Stack size 0 bytes, hal_tim.o(.text), UNUSED)

<P><STRONG><a name="[263]"></a>TIM_SelectOutputTrigger</STRONG> (Thumb, 18 bytes, Stack size 0 bytes, hal_tim.o(.text), UNUSED)

<P><STRONG><a name="[264]"></a>TIM_SelectSlaveMode</STRONG> (Thumb, 18 bytes, Stack size 0 bytes, hal_tim.o(.text), UNUSED)

<P><STRONG><a name="[265]"></a>TIM_SelectMasterSlaveMode</STRONG> (Thumb, 18 bytes, Stack size 0 bytes, hal_tim.o(.text), UNUSED)

<P><STRONG><a name="[1cb]"></a>TIM_SetCounter</STRONG> (Thumb, 4 bytes, Stack size 0 bytes, hal_tim.o(.text), UNUSED)
<BR><BR>[Called By]<UL><LI><a href="#[1ca]">&gt;&gt;</a>&nbsp;&nbsp;&nbsp;BSPSoundPlay
</UL>

<P><STRONG><a name="[266]"></a>TIM_SetAutoreload</STRONG> (Thumb, 4 bytes, Stack size 0 bytes, hal_tim.o(.text), UNUSED)

<P><STRONG><a name="[1cc]"></a>TIM_SetCompare1</STRONG> (Thumb, 4 bytes, Stack size 0 bytes, hal_tim.o(.text))
<BR><BR>[Called By]<UL><LI><a href="#[47]">&gt;&gt;</a>&nbsp;&nbsp;&nbsp;TIM2_IRQHandler
<LI><a href="#[1ca]">&gt;&gt;</a>&nbsp;&nbsp;&nbsp;BSPSoundPlay
</UL>

<P><STRONG><a name="[267]"></a>TIM_SetCompare2</STRONG> (Thumb, 4 bytes, Stack size 0 bytes, hal_tim.o(.text), UNUSED)

<P><STRONG><a name="[268]"></a>TIM_SetCompare3</STRONG> (Thumb, 4 bytes, Stack size 0 bytes, hal_tim.o(.text), UNUSED)

<P><STRONG><a name="[269]"></a>TIM_SetCompare4</STRONG> (Thumb, 6 bytes, Stack size 0 bytes, hal_tim.o(.text), UNUSED)

<P><STRONG><a name="[26a]"></a>TIM_SetClockDivision</STRONG> (Thumb, 14 bytes, Stack size 0 bytes, hal_tim.o(.text), UNUSED)

<P><STRONG><a name="[1d0]"></a>TIM_GetCapture1</STRONG> (Thumb, 6 bytes, Stack size 0 bytes, hal_tim.o(.text))
<BR><BR>[Called By]<UL><LI><a href="#[47]">&gt;&gt;</a>&nbsp;&nbsp;&nbsp;TIM2_IRQHandler
</UL>

<P><STRONG><a name="[26b]"></a>TIM_GetCapture2</STRONG> (Thumb, 6 bytes, Stack size 0 bytes, hal_tim.o(.text), UNUSED)

<P><STRONG><a name="[26c]"></a>TIM_GetCapture3</STRONG> (Thumb, 6 bytes, Stack size 0 bytes, hal_tim.o(.text), UNUSED)

<P><STRONG><a name="[26d]"></a>TIM_GetCapture4</STRONG> (Thumb, 8 bytes, Stack size 0 bytes, hal_tim.o(.text), UNUSED)

<P><STRONG><a name="[26e]"></a>TIM_GetCounter</STRONG> (Thumb, 6 bytes, Stack size 0 bytes, hal_tim.o(.text), UNUSED)

<P><STRONG><a name="[26f]"></a>TIM_GetPrescaler</STRONG> (Thumb, 6 bytes, Stack size 0 bytes, hal_tim.o(.text), UNUSED)

<P><STRONG><a name="[270]"></a>TIM_GetFlagStatus</STRONG> (Thumb, 18 bytes, Stack size 0 bytes, hal_tim.o(.text), UNUSED)

<P><STRONG><a name="[271]"></a>TIM_ClearFlag</STRONG> (Thumb, 6 bytes, Stack size 0 bytes, hal_tim.o(.text), UNUSED)

<P><STRONG><a name="[1ce]"></a>TIM_GetITStatus</STRONG> (Thumb, 34 bytes, Stack size 12 bytes, hal_tim.o(.text))
<BR><BR>[Stack]<UL><LI>Max Depth = 12<LI>Call Chain = TIM_GetITStatus
</UL>
<BR>[Called By]<UL><LI><a href="#[47]">&gt;&gt;</a>&nbsp;&nbsp;&nbsp;TIM2_IRQHandler
</UL>

<P><STRONG><a name="[1cf]"></a>TIM_ClearITPendingBit</STRONG> (Thumb, 6 bytes, Stack size 0 bytes, hal_tim.o(.text))
<BR><BR>[Called By]<UL><LI><a href="#[47]">&gt;&gt;</a>&nbsp;&nbsp;&nbsp;TIM2_IRQHandler
</UL>

<P><STRONG><a name="[8e]"></a>UART_DeInit</STRONG> (Thumb, 88 bytes, Stack size 8 bytes, hal_uart.o(.text), UNUSED)
<BR><BR>[Calls]<UL><LI><a href="#[68]">&gt;&gt;</a>&nbsp;&nbsp;&nbsp;RCC_APB1PeriphResetCmd
<LI><a href="#[76]">&gt;&gt;</a>&nbsp;&nbsp;&nbsp;RCC_APB2PeriphResetCmd
</UL>

<P><STRONG><a name="[8f]"></a>UART_Init</STRONG> (Thumb, 108 bytes, Stack size 48 bytes, hal_uart.o(.text))
<BR><BR>[Stack]<UL><LI>Max Depth = 68<LI>Call Chain = UART_Init &rArr; RCC_GetClocksFreq
</UL>
<BR>[Calls]<UL><LI><a href="#[90]">&gt;&gt;</a>&nbsp;&nbsp;&nbsp;RCC_GetClocksFreq
</UL>
<BR>[Called By]<UL><LI><a href="#[de]">&gt;&gt;</a>&nbsp;&nbsp;&nbsp;UART1Init
<LI><a href="#[113]">&gt;&gt;</a>&nbsp;&nbsp;&nbsp;UART_Configuration
<LI><a href="#[16f]">&gt;&gt;</a>&nbsp;&nbsp;&nbsp;UART2Init
</UL>

<P><STRONG><a name="[272]"></a>UART_StructInit</STRONG> (Thumb, 26 bytes, Stack size 0 bytes, hal_uart.o(.text), UNUSED)

<P><STRONG><a name="[ee]"></a>UART_Cmd</STRONG> (Thumb, 24 bytes, Stack size 0 bytes, hal_uart.o(.text))
<BR><BR>[Called By]<UL><LI><a href="#[e0]">&gt;&gt;</a>&nbsp;&nbsp;&nbsp;UART1Open
<LI><a href="#[e2]">&gt;&gt;</a>&nbsp;&nbsp;&nbsp;UART1Close
<LI><a href="#[113]">&gt;&gt;</a>&nbsp;&nbsp;&nbsp;UART_Configuration
<LI><a href="#[171]">&gt;&gt;</a>&nbsp;&nbsp;&nbsp;UART2Close
<LI><a href="#[170]">&gt;&gt;</a>&nbsp;&nbsp;&nbsp;UART2Open
</UL>

<P><STRONG><a name="[eb]"></a>UART_ITConfig</STRONG> (Thumb, 18 bytes, Stack size 0 bytes, hal_uart.o(.text))
<BR><BR>[Called By]<UL><LI><a href="#[de]">&gt;&gt;</a>&nbsp;&nbsp;&nbsp;UART1Init
<LI><a href="#[113]">&gt;&gt;</a>&nbsp;&nbsp;&nbsp;UART_Configuration
<LI><a href="#[16f]">&gt;&gt;</a>&nbsp;&nbsp;&nbsp;UART2Init
</UL>

<P><STRONG><a name="[273]"></a>UART_DMACmd</STRONG> (Thumb, 18 bytes, Stack size 0 bytes, hal_uart.o(.text), UNUSED)

<P><STRONG><a name="[f3]"></a>UART_SendData</STRONG> (Thumb, 6 bytes, Stack size 0 bytes, hal_uart.o(.text))
<BR><BR>[Called By]<UL><LI><a href="#[ea]">&gt;&gt;</a>&nbsp;&nbsp;&nbsp;UART1Routine
<LI><a href="#[114]">&gt;&gt;</a>&nbsp;&nbsp;&nbsp;UART_SendByte
<LI><a href="#[50]">&gt;&gt;</a>&nbsp;&nbsp;&nbsp;UART1_IRQHandler
<LI><a href="#[f0]">&gt;&gt;</a>&nbsp;&nbsp;&nbsp;UART1Write
<LI><a href="#[51]">&gt;&gt;</a>&nbsp;&nbsp;&nbsp;UART2_IRQHandler
<LI><a href="#[176]">&gt;&gt;</a>&nbsp;&nbsp;&nbsp;UART2Routine
<LI><a href="#[172]">&gt;&gt;</a>&nbsp;&nbsp;&nbsp;UART2Write
</UL>

<P><STRONG><a name="[f9]"></a>UART_ReceiveData</STRONG> (Thumb, 8 bytes, Stack size 0 bytes, hal_uart.o(.text))
<BR><BR>[Called By]<UL><LI><a href="#[50]">&gt;&gt;</a>&nbsp;&nbsp;&nbsp;UART1_IRQHandler
<LI><a href="#[51]">&gt;&gt;</a>&nbsp;&nbsp;&nbsp;UART2_IRQHandler
<LI><a href="#[5a]">&gt;&gt;</a>&nbsp;&nbsp;&nbsp;GetBTData
</UL>

<P><STRONG><a name="[f2]"></a>UART_GetFlagStatus</STRONG> (Thumb, 18 bytes, Stack size 0 bytes, hal_uart.o(.text))
<BR><BR>[Called By]<UL><LI><a href="#[ea]">&gt;&gt;</a>&nbsp;&nbsp;&nbsp;UART1Routine
<LI><a href="#[114]">&gt;&gt;</a>&nbsp;&nbsp;&nbsp;UART_SendByte
<LI><a href="#[f0]">&gt;&gt;</a>&nbsp;&nbsp;&nbsp;UART1Write
<LI><a href="#[176]">&gt;&gt;</a>&nbsp;&nbsp;&nbsp;UART2Routine
<LI><a href="#[172]">&gt;&gt;</a>&nbsp;&nbsp;&nbsp;UART2Write
</UL>

<P><STRONG><a name="[274]"></a>UART_ClearFlag</STRONG> (Thumb, 2 bytes, Stack size 0 bytes, hal_uart.o(.text), UNUSED)

<P><STRONG><a name="[f7]"></a>UART_GetITStatus</STRONG> (Thumb, 18 bytes, Stack size 0 bytes, hal_uart.o(.text))
<BR><BR>[Called By]<UL><LI><a href="#[50]">&gt;&gt;</a>&nbsp;&nbsp;&nbsp;UART1_IRQHandler
<LI><a href="#[51]">&gt;&gt;</a>&nbsp;&nbsp;&nbsp;UART2_IRQHandler
</UL>

<P><STRONG><a name="[f8]"></a>UART_ClearITPendingBit</STRONG> (Thumb, 4 bytes, Stack size 0 bytes, hal_uart.o(.text))
<BR><BR>[Called By]<UL><LI><a href="#[50]">&gt;&gt;</a>&nbsp;&nbsp;&nbsp;UART1_IRQHandler
<LI><a href="#[51]">&gt;&gt;</a>&nbsp;&nbsp;&nbsp;UART2_IRQHandler
</UL>

<P><STRONG><a name="[9c]"></a>Standard_GetConfiguration</STRONG> (Thumb, 34 bytes, Stack size 8 bytes, usb_core.o(.text))
<BR><BR>[Stack]<UL><LI>Max Depth = 8<LI>Call Chain = Standard_GetConfiguration
</UL>
<BR>[Address Reference Count : 1]<UL><LI> usb_core.o(.text)
</UL>
<P><STRONG><a name="[96]"></a>Standard_SetConfiguration</STRONG> (Thumb, 68 bytes, Stack size 8 bytes, usb_core.o(.text))
<BR><BR>[Stack]<UL><LI>Max Depth = 8<LI>Call Chain = Standard_SetConfiguration
</UL>
<BR>[Called By]<UL><LI><a href="#[95]">&gt;&gt;</a>&nbsp;&nbsp;&nbsp;NoData_Setup0
</UL>

<P><STRONG><a name="[9d]"></a>Standard_GetInterface</STRONG> (Thumb, 34 bytes, Stack size 8 bytes, usb_core.o(.text))
<BR><BR>[Stack]<UL><LI>Max Depth = 8<LI>Call Chain = Standard_GetInterface
</UL>
<BR>[Address Reference Count : 1]<UL><LI> usb_core.o(.text)
</UL>
<P><STRONG><a name="[99]"></a>Standard_SetInterface</STRONG> (Thumb, 96 bytes, Stack size 8 bytes, usb_core.o(.text))
<BR><BR>[Stack]<UL><LI>Max Depth = 8<LI>Call Chain = Standard_SetInterface
</UL>
<BR>[Called By]<UL><LI><a href="#[95]">&gt;&gt;</a>&nbsp;&nbsp;&nbsp;NoData_Setup0
</UL>

<P><STRONG><a name="[9b]"></a>Standard_GetStatus</STRONG> (Thumb, 210 bytes, Stack size 8 bytes, usb_core.o(.text))
<BR><BR>[Stack]<UL><LI>Max Depth = 8<LI>Call Chain = Standard_GetStatus
</UL>
<BR>[Address Reference Count : 1]<UL><LI> usb_core.o(.text)
</UL>
<P><STRONG><a name="[98]"></a>Standard_ClearFeature</STRONG> (Thumb, 232 bytes, Stack size 32 bytes, usb_core.o(.text))
<BR><BR>[Stack]<UL><LI>Max Depth = 32<LI>Call Chain = Standard_ClearFeature
</UL>
<BR>[Called By]<UL><LI><a href="#[95]">&gt;&gt;</a>&nbsp;&nbsp;&nbsp;NoData_Setup0
</UL>

<P><STRONG><a name="[9a]"></a>Standard_SetEndPointFeature</STRONG> (Thumb, 90 bytes, Stack size 24 bytes, usb_core.o(.text))
<BR><BR>[Stack]<UL><LI>Max Depth = 24<LI>Call Chain = Standard_SetEndPointFeature
</UL>
<BR>[Called By]<UL><LI><a href="#[95]">&gt;&gt;</a>&nbsp;&nbsp;&nbsp;NoData_Setup0
</UL>

<P><STRONG><a name="[97]"></a>Standard_SetDeviceFeature</STRONG> (Thumb, 30 bytes, Stack size 8 bytes, usb_core.o(.text))
<BR><BR>[Stack]<UL><LI>Max Depth = 8<LI>Call Chain = Standard_SetDeviceFeature
</UL>
<BR>[Called By]<UL><LI><a href="#[95]">&gt;&gt;</a>&nbsp;&nbsp;&nbsp;NoData_Setup0
</UL>

<P><STRONG><a name="[cf]"></a>Standard_GetDescriptorData</STRONG> (Thumb, 32 bytes, Stack size 8 bytes, usb_core.o(.text))
<BR><BR>[Stack]<UL><LI>Max Depth = 8<LI>Call Chain = Standard_GetDescriptorData
</UL>
<BR>[Called By]<UL><LI><a href="#[19]">&gt;&gt;</a>&nbsp;&nbsp;&nbsp;Virtual_Com_Port_GetStringDescriptor
<LI><a href="#[18]">&gt;&gt;</a>&nbsp;&nbsp;&nbsp;Virtual_Com_Port_GetConfigDescriptor
<LI><a href="#[17]">&gt;&gt;</a>&nbsp;&nbsp;&nbsp;Virtual_Com_Port_GetDeviceDescriptor
<LI><a href="#[f]">&gt;&gt;</a>&nbsp;&nbsp;&nbsp;CustomHID_GetStringDescriptor
<LI><a href="#[e]">&gt;&gt;</a>&nbsp;&nbsp;&nbsp;CustomHID_GetConfigDescriptor
<LI><a href="#[d]">&gt;&gt;</a>&nbsp;&nbsp;&nbsp;CustomHID_GetDeviceDescriptor
<LI><a href="#[d0]">&gt;&gt;</a>&nbsp;&nbsp;&nbsp;CustomHID_GetReportDescriptor
<LI><a href="#[ce]">&gt;&gt;</a>&nbsp;&nbsp;&nbsp;CustomHID_GetHIDDescriptor
</UL>

<P><STRONG><a name="[a0]"></a>Post0_Process</STRONG> (Thumb, 70 bytes, Stack size 0 bytes, usb_core.o(.text))
<BR><BR>[Called By]<UL><LI><a href="#[a2]">&gt;&gt;</a>&nbsp;&nbsp;&nbsp;Out0_Process
<LI><a href="#[a1]">&gt;&gt;</a>&nbsp;&nbsp;&nbsp;In0_Process
<LI><a href="#[9f]">&gt;&gt;</a>&nbsp;&nbsp;&nbsp;Setup0_Process
</UL>

<P><STRONG><a name="[9f]"></a>Setup0_Process</STRONG> (Thumb, 126 bytes, Stack size 8 bytes, usb_core.o(.text))
<BR><BR>[Stack]<UL><LI>Max Depth = 88<LI>Call Chain = Setup0_Process &rArr; Data_Setup0 &rArr; DataStageIn &rArr; UserToPMABufferCopy
</UL>
<BR>[Calls]<UL><LI><a href="#[a0]">&gt;&gt;</a>&nbsp;&nbsp;&nbsp;Post0_Process
<LI><a href="#[9e]">&gt;&gt;</a>&nbsp;&nbsp;&nbsp;Data_Setup0
<LI><a href="#[95]">&gt;&gt;</a>&nbsp;&nbsp;&nbsp;NoData_Setup0
</UL>
<BR>[Called By]<UL><LI><a href="#[a3]">&gt;&gt;</a>&nbsp;&nbsp;&nbsp;CTR_LP
</UL>

<P><STRONG><a name="[a1]"></a>In0_Process</STRONG> (Thumb, 86 bytes, Stack size 8 bytes, usb_core.o(.text))
<BR><BR>[Stack]<UL><LI>Max Depth = 48<LI>Call Chain = In0_Process &rArr; DataStageIn &rArr; UserToPMABufferCopy
</UL>
<BR>[Calls]<UL><LI><a href="#[a0]">&gt;&gt;</a>&nbsp;&nbsp;&nbsp;Post0_Process
<LI><a href="#[93]">&gt;&gt;</a>&nbsp;&nbsp;&nbsp;DataStageIn
</UL>
<BR>[Called By]<UL><LI><a href="#[a3]">&gt;&gt;</a>&nbsp;&nbsp;&nbsp;CTR_LP
</UL>

<P><STRONG><a name="[a2]"></a>Out0_Process</STRONG> (Thumb, 70 bytes, Stack size 8 bytes, usb_core.o(.text))
<BR><BR>[Stack]<UL><LI>Max Depth = 44<LI>Call Chain = Out0_Process &rArr; DataStageOut &rArr; PMAToUserBufferCopy
</UL>
<BR>[Calls]<UL><LI><a href="#[a0]">&gt;&gt;</a>&nbsp;&nbsp;&nbsp;Post0_Process
<LI><a href="#[91]">&gt;&gt;</a>&nbsp;&nbsp;&nbsp;DataStageOut
</UL>
<BR>[Called By]<UL><LI><a href="#[a3]">&gt;&gt;</a>&nbsp;&nbsp;&nbsp;CTR_LP
</UL>

<P><STRONG><a name="[cc]"></a>SetDeviceAddress</STRONG> (Thumb, 8 bytes, Stack size 0 bytes, usb_core.o(.text))
<BR><BR>[Called By]<UL><LI><a href="#[11]">&gt;&gt;</a>&nbsp;&nbsp;&nbsp;Virtual_Com_Port_Reset
<LI><a href="#[7]">&gt;&gt;</a>&nbsp;&nbsp;&nbsp;CustomHID_Reset
</UL>

<P><STRONG><a name="[3]"></a>NOP_Process</STRONG> (Thumb, 2 bytes, Stack size 0 bytes, usb_core.o(.text))
<BR>[Address Reference Count : 2]<UL><LI> usb_istr.o(.data)
<LI> usb_prop.o(.data)
</UL>
<P><STRONG><a name="[19b]"></a>USB_Init</STRONG> (Thumb, 66 bytes, Stack size 8 bytes, usb_init.o(.text))
<BR><BR>[Stack]<UL><LI>Max Depth = 8<LI>Call Chain = USB_Init
</UL>
<BR>[Called By]<UL><LI><a href="#[19a]">&gt;&gt;</a>&nbsp;&nbsp;&nbsp;BSPHIDInit
</UL>

<P><STRONG><a name="[a3]"></a>CTR_LP</STRONG> (Thumb, 208 bytes, Stack size 16 bytes, usb_int.o(.text))
<BR><BR>[Stack]<UL><LI>Max Depth = 104<LI>Call Chain = CTR_LP &rArr; Setup0_Process &rArr; Data_Setup0 &rArr; DataStageIn &rArr; UserToPMABufferCopy
</UL>
<BR>[Calls]<UL><LI><a href="#[a2]">&gt;&gt;</a>&nbsp;&nbsp;&nbsp;Out0_Process
<LI><a href="#[a1]">&gt;&gt;</a>&nbsp;&nbsp;&nbsp;In0_Process
<LI><a href="#[9f]">&gt;&gt;</a>&nbsp;&nbsp;&nbsp;Setup0_Process
</UL>
<BR>[Called By]<UL><LI><a href="#[c9]">&gt;&gt;</a>&nbsp;&nbsp;&nbsp;USB_Istr
</UL>

<P><STRONG><a name="[275]"></a>CTR_HP</STRONG> (Thumb, 2 bytes, Stack size 0 bytes, usb_int.o(.text), UNUSED)

<P><STRONG><a name="[94]"></a>UserToPMABufferCopy</STRONG> (Thumb, 40 bytes, Stack size 16 bytes, usb_mem.o(.text))
<BR><BR>[Stack]<UL><LI>Max Depth = 16<LI>Call Chain = UserToPMABufferCopy
</UL>
<BR>[Called By]<UL><LI><a href="#[93]">&gt;&gt;</a>&nbsp;&nbsp;&nbsp;DataStageIn
<LI><a href="#[1a1]">&gt;&gt;</a>&nbsp;&nbsp;&nbsp;BSPHIDCustomReport
<LI><a href="#[19c]">&gt;&gt;</a>&nbsp;&nbsp;&nbsp;BSPHIDReport
</UL>

<P><STRONG><a name="[92]"></a>PMAToUserBufferCopy</STRONG> (Thumb, 40 bytes, Stack size 12 bytes, usb_mem.o(.text))
<BR><BR>[Stack]<UL><LI>Max Depth = 12<LI>Call Chain = PMAToUserBufferCopy
</UL>
<BR>[Called By]<UL><LI><a href="#[4]">&gt;&gt;</a>&nbsp;&nbsp;&nbsp;EP2_OUT_Callback
<LI><a href="#[91]">&gt;&gt;</a>&nbsp;&nbsp;&nbsp;DataStageOut
</UL>

<P><STRONG><a name="[a9]"></a>W25Q16Init</STRONG> (Thumb, 230 bytes, Stack size 24 bytes, w25q16.o(.text))
<BR><BR>[Stack]<UL><LI>Max Depth = 48<LI>Call Chain = W25Q16Init &rArr; GPIO_Init
</UL>
<BR>[Calls]<UL><LI><a href="#[af]">&gt;&gt;</a>&nbsp;&nbsp;&nbsp;SPI_BiDirectionalLineConfig
<LI><a href="#[ae]">&gt;&gt;</a>&nbsp;&nbsp;&nbsp;SPI_Init
<LI><a href="#[7c]">&gt;&gt;</a>&nbsp;&nbsp;&nbsp;SPI_DeInit
<LI><a href="#[aa]">&gt;&gt;</a>&nbsp;&nbsp;&nbsp;RCC_APB2PeriphClockCmd
<LI><a href="#[ad]">&gt;&gt;</a>&nbsp;&nbsp;&nbsp;GPIO_ResetBits
<LI><a href="#[ac]">&gt;&gt;</a>&nbsp;&nbsp;&nbsp;GPIO_SetBits
<LI><a href="#[ab]">&gt;&gt;</a>&nbsp;&nbsp;&nbsp;GPIO_Init
</UL>
<BR>[Called By]<UL><LI><a href="#[191]">&gt;&gt;</a>&nbsp;&nbsp;&nbsp;BSPFlashInit
</UL>

<P><STRONG><a name="[b0]"></a>W25Q16Open</STRONG> (Thumb, 78 bytes, Stack size 16 bytes, w25q16.o(.text))
<BR><BR>[Stack]<UL><LI>Max Depth = 32<LI>Call Chain = W25Q16Open &rArr; SPIRead &rArr; SPI_GetFlagStatus
</UL>
<BR>[Calls]<UL><LI><a href="#[b1]">&gt;&gt;</a>&nbsp;&nbsp;&nbsp;SPI_Cmd
<LI><a href="#[ad]">&gt;&gt;</a>&nbsp;&nbsp;&nbsp;GPIO_ResetBits
<LI><a href="#[ac]">&gt;&gt;</a>&nbsp;&nbsp;&nbsp;GPIO_SetBits
<LI><a href="#[a8]">&gt;&gt;</a>&nbsp;&nbsp;&nbsp;SPIRead
<LI><a href="#[a4]">&gt;&gt;</a>&nbsp;&nbsp;&nbsp;SPIWrite
</UL>
<BR>[Called By]<UL><LI><a href="#[192]">&gt;&gt;</a>&nbsp;&nbsp;&nbsp;BSPFlashOpen
</UL>

<P><STRONG><a name="[b2]"></a>W25Q16Close</STRONG> (Thumb, 12 bytes, Stack size 8 bytes, w25q16.o(.text), UNUSED)
<BR><BR>[Calls]<UL><LI><a href="#[b1]">&gt;&gt;</a>&nbsp;&nbsp;&nbsp;SPI_Cmd
</UL>
<BR>[Called By]<UL><LI><a href="#[193]">&gt;&gt;</a>&nbsp;&nbsp;&nbsp;BSPFlashClose
</UL>

<P><STRONG><a name="[b3]"></a>W25Q16Reset</STRONG> (Thumb, 48 bytes, Stack size 8 bytes, w25q16.o(.text), UNUSED)
<BR><BR>[Calls]<UL><LI><a href="#[ad]">&gt;&gt;</a>&nbsp;&nbsp;&nbsp;GPIO_ResetBits
<LI><a href="#[ac]">&gt;&gt;</a>&nbsp;&nbsp;&nbsp;GPIO_SetBits
<LI><a href="#[a4]">&gt;&gt;</a>&nbsp;&nbsp;&nbsp;SPIWrite
</UL>
<BR>[Called By]<UL><LI><a href="#[194]">&gt;&gt;</a>&nbsp;&nbsp;&nbsp;BSPFlashReset
[...]
<LI><a href="#[b4]">&gt;&gt;</a>&nbsp;&nbsp;&nbsp;ChipBusy
</UL>

<P><STRONG><a name="[a8]"></a>SPIRead</STRONG> (Thumb, 36 bytes, Stack size 8 bytes, w25q16.o(.text))
<BR><BR>[Stack]<UL><LI>Max Depth = 16<LI>Call Chain = SPIRead &rArr; SPI_GetFlagStatus
</UL>
<BR>[Calls]<UL><LI><a href="#[a6]">&gt;&gt;</a>&nbsp;&nbsp;&nbsp;SPI_GetFlagStatus
<LI><a href="#[a7]">&gt;&gt;</a>&nbsp;&nbsp;&nbsp;SPI_ReceiveData
<LI><a href="#[a5]">&gt;&gt;</a>&nbsp;&nbsp;&nbsp;SPI_SendData
</UL>
<BR>[Called By]<UL><LI><a href="#[b9]">&gt;&gt;</a>&nbsp;&nbsp;&nbsp;W25Q16Read
<LI><a href="#[b0]">&gt;&gt;</a>&nbsp;&nbsp;&nbsp;W25Q16Open
<LI><a href="#[b4]">&gt;&gt;</a>&nbsp;&nbsp;&nbsp;ChipBusy
</UL>

<P><STRONG><a name="[b4]"></a>ChipBusy</STRONG> (Thumb, 44 bytes, Stack size 8 bytes, w25q16.o(.text), UNUSED)
<BR><BR>[Calls]<UL><LI><a href="#[ad]">&gt;&gt;</a>&nbsp;&nbsp;&nbsp;GPIO_ResetBits
<LI><a href="#[ac]">&gt;&gt;</a>&nbsp;&nbsp;&nbsp;GPIO_SetBits
<LI><a href="#[a8]">&gt;&gt;</a>&nbsp;&nbsp;&nbsp;SPIRead
<LI><a href="#[a4]">&gt;&gt;</a>&nbsp;&nbsp;&nbsp;SPIWrite
</UL>
<BR>[Called By]<UL><LI><a href="#[b8]">&gt;&gt;</a>&nbsp;&nbsp;&nbsp;W25Q16PageProgram
<LI><a href="#[b7]">&gt;&gt;</a>&nbsp;&nbsp;&nbsp;W25Q16ClipErase
<LI><a href="#[b6]">&gt;&gt;</a>&nbsp;&nbsp;&nbsp;W25Q16BlockErase
<LI><a href="#[b5]">&gt;&gt;</a>&nbsp;&nbsp;&nbsp;W25Q16SectorErase
</UL>

<P><STRONG><a name="[c1]"></a>IntToUnicode</STRONG> (Thumb, 62 bytes, Stack size 12 bytes, hw_config.o(.text))
<BR><BR>[Stack]<UL><LI>Max Depth = 12<LI>Call Chain = IntToUnicode
</UL>
<BR>[Called By]<UL><LI><a href="#[c0]">&gt;&gt;</a>&nbsp;&nbsp;&nbsp;Get_SerialNum
</UL>

<P><STRONG><a name="[c5]"></a>usb_report_init</STRONG> (Thumb, 60 bytes, Stack size 8 bytes, usb_iap.o(.text))
<BR><BR>[Stack]<UL><LI>Max Depth = 8<LI>Call Chain = usb_report_init
</UL>
<BR>[Calls]<UL><LI><a href="#[c6]">&gt;&gt;</a>&nbsp;&nbsp;&nbsp;__aeabi_memclr
</UL>
<BR>[Called By]<UL><LI><a href="#[c7]">&gt;&gt;</a>&nbsp;&nbsp;&nbsp;usb_ret_status
</UL>

<P><STRONG><a name="[c7]"></a>usb_ret_status</STRONG> (Thumb, 54 bytes, Stack size 16 bytes, usb_iap.o(.text))
<BR><BR>[Stack]<UL><LI>Max Depth = 24<LI>Call Chain = usb_ret_status &rArr; usb_report_init
</UL>
<BR>[Calls]<UL><LI><a href="#[c5]">&gt;&gt;</a>&nbsp;&nbsp;&nbsp;usb_report_init
</UL>
<BR>[Called By]<UL><LI><a href="#[c8]">&gt;&gt;</a>&nbsp;&nbsp;&nbsp;usb_report_in
</UL>

<P><STRONG><a name="[59]"></a>WriteData</STRONG> (Thumb, 6 bytes, Stack size 0 bytes, uart1.o(.text))
<BR>[Address Reference Count : 1]<UL><LI> uart1.o(.text)
</UL>
<P><STRONG><a name="[1e]"></a>Null</STRONG> (Thumb, 2 bytes, Stack size 0 bytes, uart1.o(.text))
<BR>[Address Reference Count : 1]<UL><LI> uart1.o(.data)
</UL>
<P><STRONG><a name="[12a]"></a>rf_goto_next_ch</STRONG> (Thumb, 24 bytes, Stack size 0 bytes, rf_hal.o(.text))
<BR><BR>[Called By]<UL><LI><a href="#[129]">&gt;&gt;</a>&nbsp;&nbsp;&nbsp;rf_set_ch
</UL>

<P><STRONG><a name="[12b]"></a>rf_get_ch_no</STRONG> (Thumb, 24 bytes, Stack size 0 bytes, rf_hal.o(.text))
<BR><BR>[Called By]<UL><LI><a href="#[129]">&gt;&gt;</a>&nbsp;&nbsp;&nbsp;rf_set_ch
</UL>

<P><STRONG><a name="[13c]"></a>SendData2_4G</STRONG> (Thumb, 554 bytes, Stack size 72 bytes, rf_main.o(.text))
<BR><BR>[Stack]<UL><LI>Max Depth = 280<LI>Call Chain = SendData2_4G &rArr; rf_transceiver &rArr; xn297l_transceive &rArr; xn297l_goto_wakeup &rArr; delay_1ms &rArr; BSPTimerDelay &rArr; __aeabi_ui2d &rArr; _double_epilogue &rArr; _double_round
</UL>
<BR>[Calls]<UL><LI><a href="#[13d]">&gt;&gt;</a>&nbsp;&nbsp;&nbsp;crc_high_first
<LI><a href="#[13e]">&gt;&gt;</a>&nbsp;&nbsp;&nbsp;checkData
<LI><a href="#[139]">&gt;&gt;</a>&nbsp;&nbsp;&nbsp;RF_HostTout
<LI><a href="#[135]">&gt;&gt;</a>&nbsp;&nbsp;&nbsp;rf_transceiver
<LI><a href="#[125]">&gt;&gt;</a>&nbsp;&nbsp;&nbsp;memcmp
<LI><a href="#[118]">&gt;&gt;</a>&nbsp;&nbsp;&nbsp;__aeabi_memcpy
</UL>
<BR>[Called By]<UL><LI><a href="#[141]">&gt;&gt;</a>&nbsp;&nbsp;&nbsp;RF_HostTxDatas
</UL>

<P><STRONG><a name="[13f]"></a>SendDataBlueT</STRONG> (Thumb, 50 bytes, Stack size 8 bytes, rf_main.o(.text))
<BR><BR>[Stack]<UL><LI>Max Depth = 152<LI>Call Chain = SendDataBlueT &rArr; BT_TxTPDatas &rArr; UART_SendDatas &rArr; BSPTimerDelay &rArr; __aeabi_ui2d &rArr; _double_epilogue &rArr; _double_round
</UL>
<BR>[Calls]<UL><LI><a href="#[111]">&gt;&gt;</a>&nbsp;&nbsp;&nbsp;GPIO_ReadInputDataBit
<LI><a href="#[140]">&gt;&gt;</a>&nbsp;&nbsp;&nbsp;BT_TxTPDatas
</UL>
<BR>[Called By]<UL><LI><a href="#[141]">&gt;&gt;</a>&nbsp;&nbsp;&nbsp;RF_HostTxDatas
</UL>

<P><STRONG><a name="[14c]"></a>xn297l_write_1byte</STRONG> (Thumb, 40 bytes, Stack size 16 bytes, xn297l.o(.text))
<BR><BR>[Stack]<UL><LI>Max Depth = 32<LI>Call Chain = xn297l_write_1byte &rArr; sRF_SendByte
</UL>
<BR>[Calls]<UL><LI><a href="#[ad]">&gt;&gt;</a>&nbsp;&nbsp;&nbsp;GPIO_ResetBits
<LI><a href="#[ac]">&gt;&gt;</a>&nbsp;&nbsp;&nbsp;GPIO_SetBits
<LI><a href="#[110]">&gt;&gt;</a>&nbsp;&nbsp;&nbsp;sRF_SendByte
</UL>
<BR>[Called By]<UL><LI><a href="#[12c]">&gt;&gt;</a>&nbsp;&nbsp;&nbsp;xn297l_set_channel
<LI><a href="#[133]">&gt;&gt;</a>&nbsp;&nbsp;&nbsp;xn297l_init
<LI><a href="#[134]">&gt;&gt;</a>&nbsp;&nbsp;&nbsp;xn297l_goto_sleep
<LI><a href="#[160]">&gt;&gt;</a>&nbsp;&nbsp;&nbsp;RF_Carrier
<LI><a href="#[157]">&gt;&gt;</a>&nbsp;&nbsp;&nbsp;xn297l_goto_stb3
<LI><a href="#[156]">&gt;&gt;</a>&nbsp;&nbsp;&nbsp;xn297l_goto_stb1
<LI><a href="#[155]">&gt;&gt;</a>&nbsp;&nbsp;&nbsp;xn297l_set_ce_0
<LI><a href="#[154]">&gt;&gt;</a>&nbsp;&nbsp;&nbsp;xn297l_set_ce_1
<LI><a href="#[150]">&gt;&gt;</a>&nbsp;&nbsp;&nbsp;xn297l_clear_rx_fifo
<LI><a href="#[14f]">&gt;&gt;</a>&nbsp;&nbsp;&nbsp;xn297l_clear_tx_fifo
<LI><a href="#[15f]">&gt;&gt;</a>&nbsp;&nbsp;&nbsp;xn297l_chip_reset
<LI><a href="#[15d]">&gt;&gt;</a>&nbsp;&nbsp;&nbsp;xn297l_clear_irq_flag
<LI><a href="#[15a]">&gt;&gt;</a>&nbsp;&nbsp;&nbsp;xn297l_goto_rx
<LI><a href="#[159]">&gt;&gt;</a>&nbsp;&nbsp;&nbsp;xn297l_goto_tx
</UL>

<P><STRONG><a name="[14d]"></a>xn297l_write_bytes</STRONG> (Thumb, 60 bytes, Stack size 24 bytes, xn297l.o(.text))
<BR><BR>[Stack]<UL><LI>Max Depth = 40<LI>Call Chain = xn297l_write_bytes &rArr; sRF_SendByte
</UL>
<BR>[Calls]<UL><LI><a href="#[ad]">&gt;&gt;</a>&nbsp;&nbsp;&nbsp;GPIO_ResetBits
<LI><a href="#[ac]">&gt;&gt;</a>&nbsp;&nbsp;&nbsp;GPIO_SetBits
<LI><a href="#[110]">&gt;&gt;</a>&nbsp;&nbsp;&nbsp;sRF_SendByte
</UL>
<BR>[Called By]<UL><LI><a href="#[12f]">&gt;&gt;</a>&nbsp;&nbsp;&nbsp;xn297l_set_mac
<LI><a href="#[133]">&gt;&gt;</a>&nbsp;&nbsp;&nbsp;xn297l_init
<LI><a href="#[160]">&gt;&gt;</a>&nbsp;&nbsp;&nbsp;RF_Carrier
<LI><a href="#[158]">&gt;&gt;</a>&nbsp;&nbsp;&nbsp;xn297l_goto_pd
<LI><a href="#[152]">&gt;&gt;</a>&nbsp;&nbsp;&nbsp;xn297l_write_ack_fifo
<LI><a href="#[151]">&gt;&gt;</a>&nbsp;&nbsp;&nbsp;xn297l_write_pld_fifo
</UL>

<P><STRONG><a name="[14e]"></a>xn297l_read_bytes</STRONG> (Thumb, 62 bytes, Stack size 24 bytes, xn297l.o(.text))
<BR><BR>[Stack]<UL><LI>Max Depth = 40<LI>Call Chain = xn297l_read_bytes &rArr; sRF_SendByte
</UL>
<BR>[Calls]<UL><LI><a href="#[ad]">&gt;&gt;</a>&nbsp;&nbsp;&nbsp;GPIO_ResetBits
<LI><a href="#[ac]">&gt;&gt;</a>&nbsp;&nbsp;&nbsp;GPIO_SetBits
<LI><a href="#[110]">&gt;&gt;</a>&nbsp;&nbsp;&nbsp;sRF_SendByte
</UL>
<BR>[Called By]<UL><LI><a href="#[153]">&gt;&gt;</a>&nbsp;&nbsp;&nbsp;xn297l_fifo_read
</UL>

<P><STRONG><a name="[151]"></a>xn297l_write_pld_fifo</STRONG> (Thumb, 24 bytes, Stack size 16 bytes, xn297l.o(.text))
<BR><BR>[Stack]<UL><LI>Max Depth = 56<LI>Call Chain = xn297l_write_pld_fifo &rArr; xn297l_write_bytes &rArr; sRF_SendByte
</UL>
<BR>[Calls]<UL><LI><a href="#[14d]">&gt;&gt;</a>&nbsp;&nbsp;&nbsp;xn297l_write_bytes
</UL>
<BR>[Called By]<UL><LI><a href="#[138]">&gt;&gt;</a>&nbsp;&nbsp;&nbsp;xn297l_transceive
</UL>

<P><STRONG><a name="[152]"></a>xn297l_write_ack_fifo</STRONG> (Thumb, 28 bytes, Stack size 16 bytes, xn297l.o(.text))
<BR><BR>[Stack]<UL><LI>Max Depth = 56<LI>Call Chain = xn297l_write_ack_fifo &rArr; xn297l_write_bytes &rArr; sRF_SendByte
</UL>
<BR>[Calls]<UL><LI><a href="#[14d]">&gt;&gt;</a>&nbsp;&nbsp;&nbsp;xn297l_write_bytes
</UL>
<BR>[Called By]<UL><LI><a href="#[138]">&gt;&gt;</a>&nbsp;&nbsp;&nbsp;xn297l_transceive
</UL>

<P><STRONG><a name="[153]"></a>xn297l_fifo_read</STRONG> (Thumb, 52 bytes, Stack size 24 bytes, xn297l.o(.text))
<BR><BR>[Stack]<UL><LI>Max Depth = 64<LI>Call Chain = xn297l_fifo_read &rArr; xn297l_read_bytes &rArr; sRF_SendByte
</UL>
<BR>[Calls]<UL><LI><a href="#[12d]">&gt;&gt;</a>&nbsp;&nbsp;&nbsp;xn297l_read_1byte
<LI><a href="#[14e]">&gt;&gt;</a>&nbsp;&nbsp;&nbsp;xn297l_read_bytes
</UL>
<BR>[Called By]<UL><LI><a href="#[138]">&gt;&gt;</a>&nbsp;&nbsp;&nbsp;xn297l_transceive
</UL>

<P><STRONG><a name="[159]"></a>xn297l_goto_tx</STRONG> (Thumb, 32 bytes, Stack size 8 bytes, xn297l.o(.text))
<BR><BR>[Stack]<UL><LI>Max Depth = 104<LI>Call Chain = xn297l_goto_tx &rArr; BSPTimerDelay &rArr; __aeabi_ui2d &rArr; _double_epilogue &rArr; _double_round
</UL>
<BR>[Calls]<UL><LI><a href="#[14c]">&gt;&gt;</a>&nbsp;&nbsp;&nbsp;xn297l_write_1byte
<LI><a href="#[116]">&gt;&gt;</a>&nbsp;&nbsp;&nbsp;BSPTimerDelay
<LI><a href="#[155]">&gt;&gt;</a>&nbsp;&nbsp;&nbsp;xn297l_set_ce_0
<LI><a href="#[14f]">&gt;&gt;</a>&nbsp;&nbsp;&nbsp;xn297l_clear_tx_fifo
</UL>
<BR>[Called By]<UL><LI><a href="#[138]">&gt;&gt;</a>&nbsp;&nbsp;&nbsp;xn297l_transceive
</UL>

<P><STRONG><a name="[15a]"></a>xn297l_goto_rx</STRONG> (Thumb, 26 bytes, Stack size 8 bytes, xn297l.o(.text))
<BR><BR>[Stack]<UL><LI>Max Depth = 112<LI>Call Chain = xn297l_goto_rx &rArr; delay_1ms &rArr; BSPTimerDelay &rArr; __aeabi_ui2d &rArr; _double_epilogue &rArr; _double_round
</UL>
<BR>[Calls]<UL><LI><a href="#[14c]">&gt;&gt;</a>&nbsp;&nbsp;&nbsp;xn297l_write_1byte
<LI><a href="#[128]">&gt;&gt;</a>&nbsp;&nbsp;&nbsp;delay_1ms
<LI><a href="#[155]">&gt;&gt;</a>&nbsp;&nbsp;&nbsp;xn297l_set_ce_0
<LI><a href="#[150]">&gt;&gt;</a>&nbsp;&nbsp;&nbsp;xn297l_clear_rx_fifo
</UL>
<BR>[Called By]<UL><LI><a href="#[138]">&gt;&gt;</a>&nbsp;&nbsp;&nbsp;xn297l_transceive
</UL>

<P><STRONG><a name="[15b]"></a>xn297l_tx_start</STRONG> (Thumb, 14 bytes, Stack size 8 bytes, xn297l.o(.text))
<BR><BR>[Stack]<UL><LI>Max Depth = 112<LI>Call Chain = xn297l_tx_start &rArr; delay_1ms &rArr; BSPTimerDelay &rArr; __aeabi_ui2d &rArr; _double_epilogue &rArr; _double_round
</UL>
<BR>[Calls]<UL><LI><a href="#[128]">&gt;&gt;</a>&nbsp;&nbsp;&nbsp;delay_1ms
<LI><a href="#[154]">&gt;&gt;</a>&nbsp;&nbsp;&nbsp;xn297l_set_ce_1
</UL>
<BR>[Called By]<UL><LI><a href="#[138]">&gt;&gt;</a>&nbsp;&nbsp;&nbsp;xn297l_transceive
</UL>

<P><STRONG><a name="[15c]"></a>xn297l_rx_start</STRONG> (Thumb, 14 bytes, Stack size 8 bytes, xn297l.o(.text))
<BR><BR>[Stack]<UL><LI>Max Depth = 112<LI>Call Chain = xn297l_rx_start &rArr; delay_1ms &rArr; BSPTimerDelay &rArr; __aeabi_ui2d &rArr; _double_epilogue &rArr; _double_round
</UL>
<BR>[Calls]<UL><LI><a href="#[128]">&gt;&gt;</a>&nbsp;&nbsp;&nbsp;delay_1ms
<LI><a href="#[154]">&gt;&gt;</a>&nbsp;&nbsp;&nbsp;xn297l_set_ce_1
</UL>
<BR>[Called By]<UL><LI><a href="#[138]">&gt;&gt;</a>&nbsp;&nbsp;&nbsp;xn297l_transceive
</UL>

<P><STRONG><a name="[15d]"></a>xn297l_clear_irq_flag</STRONG> (Thumb, 16 bytes, Stack size 8 bytes, xn297l.o(.text))
<BR><BR>[Stack]<UL><LI>Max Depth = 40<LI>Call Chain = xn297l_clear_irq_flag &rArr; xn297l_write_1byte &rArr; sRF_SendByte
</UL>
<BR>[Calls]<UL><LI><a href="#[14c]">&gt;&gt;</a>&nbsp;&nbsp;&nbsp;xn297l_write_1byte
</UL>
<BR>[Called By]<UL><LI><a href="#[138]">&gt;&gt;</a>&nbsp;&nbsp;&nbsp;xn297l_transceive
</UL>

<P><STRONG><a name="[15e]"></a>xn297l_get_irq_flag</STRONG> (Thumb, 20 bytes, Stack size 8 bytes, xn297l.o(.text))
<BR><BR>[Stack]<UL><LI>Max Depth = 40<LI>Call Chain = xn297l_get_irq_flag &rArr; xn297l_read_1byte &rArr; sRF_SendByte
</UL>
<BR>[Calls]<UL><LI><a href="#[12d]">&gt;&gt;</a>&nbsp;&nbsp;&nbsp;xn297l_read_1byte
</UL>
<BR>[Called By]<UL><LI><a href="#[138]">&gt;&gt;</a>&nbsp;&nbsp;&nbsp;xn297l_transceive
</UL>

<P><STRONG><a name="[15f]"></a>xn297l_chip_reset</STRONG> (Thumb, 36 bytes, Stack size 8 bytes, xn297l.o(.text))
<BR><BR>[Stack]<UL><LI>Max Depth = 112<LI>Call Chain = xn297l_chip_reset &rArr; delay_1ms &rArr; BSPTimerDelay &rArr; __aeabi_ui2d &rArr; _double_epilogue &rArr; _double_round
</UL>
<BR>[Calls]<UL><LI><a href="#[14c]">&gt;&gt;</a>&nbsp;&nbsp;&nbsp;xn297l_write_1byte
<LI><a href="#[128]">&gt;&gt;</a>&nbsp;&nbsp;&nbsp;delay_1ms
<LI><a href="#[155]">&gt;&gt;</a>&nbsp;&nbsp;&nbsp;xn297l_set_ce_0
</UL>
<BR>[Called By]<UL><LI><a href="#[133]">&gt;&gt;</a>&nbsp;&nbsp;&nbsp;xn297l_init
</UL>

<P><STRONG><a name="[166]"></a>GpioInit</STRONG> (Thumb, 134 bytes, Stack size 8 bytes, bluetooth.o(.text))
<BR><BR>[Stack]<UL><LI>Max Depth = 32<LI>Call Chain = GpioInit &rArr; GPIO_Init
</UL>
<BR>[Calls]<UL><LI><a href="#[aa]">&gt;&gt;</a>&nbsp;&nbsp;&nbsp;RCC_APB2PeriphClockCmd
<LI><a href="#[ab]">&gt;&gt;</a>&nbsp;&nbsp;&nbsp;GPIO_Init
</UL>
<BR>[Called By]<UL><LI><a href="#[16c]">&gt;&gt;</a>&nbsp;&nbsp;&nbsp;BT_Initial
</UL>

<P><STRONG><a name="[5a]"></a>GetBTData</STRONG> (Thumb, 18 bytes, Stack size 8 bytes, bluetooth.o(.text))
<BR><BR>[Stack]<UL><LI>Max Depth = 8<LI>Call Chain = GetBTData
</UL>
<BR>[Calls]<UL><LI><a href="#[f9]">&gt;&gt;</a>&nbsp;&nbsp;&nbsp;UART_ReceiveData
<LI><a href="#[167]">&gt;&gt;</a>&nbsp;&nbsp;&nbsp;BT_UART_Rx
</UL>
<BR>[Address Reference Count : 1]<UL><LI> bluetooth.o(.text)
</UL>
<P><STRONG><a name="[168]"></a>SetBAUD</STRONG> (Thumb, 268 bytes, Stack size 24 bytes, bluetooth.o(.text), UNUSED)
<BR><BR>[Calls]<UL><LI><a href="#[128]">&gt;&gt;</a>&nbsp;&nbsp;&nbsp;delay_1ms
<LI><a href="#[113]">&gt;&gt;</a>&nbsp;&nbsp;&nbsp;UART_Configuration
<LI><a href="#[161]">&gt;&gt;</a>&nbsp;&nbsp;&nbsp;BT_Command
<LI><a href="#[125]">&gt;&gt;</a>&nbsp;&nbsp;&nbsp;memcmp
<LI><a href="#[163]">&gt;&gt;</a>&nbsp;&nbsp;&nbsp;strlen
</UL>

<P><STRONG><a name="[169]"></a>BT_SetName</STRONG> (Thumb, 322 bytes, Stack size 104 bytes, bluetooth.o(.text))
<BR><BR>[Stack]<UL><LI>Max Depth = 248<LI>Call Chain = BT_SetName &rArr; BT_Command &rArr; UART_SendDatas &rArr; BSPTimerDelay &rArr; __aeabi_ui2d &rArr; _double_epilogue &rArr; _double_round
</UL>
<BR>[Calls]<UL><LI><a href="#[161]">&gt;&gt;</a>&nbsp;&nbsp;&nbsp;BT_Command
<LI><a href="#[16b]">&gt;&gt;</a>&nbsp;&nbsp;&nbsp;__2sprintf
<LI><a href="#[125]">&gt;&gt;</a>&nbsp;&nbsp;&nbsp;memcmp
<LI><a href="#[163]">&gt;&gt;</a>&nbsp;&nbsp;&nbsp;strlen
<LI><a href="#[16a]">&gt;&gt;</a>&nbsp;&nbsp;&nbsp;__aeabi_memclr4
</UL>
<BR>[Called By]<UL><LI><a href="#[16c]">&gt;&gt;</a>&nbsp;&nbsp;&nbsp;BT_Initial
</UL>

<P><STRONG><a name="[5b]"></a>WriteData</STRONG> (Thumb, 6 bytes, Stack size 0 bytes, uart2.o(.text))
<BR>[Address Reference Count : 1]<UL><LI> uart2.o(.text)
</UL>
<P><STRONG><a name="[1f]"></a>Null</STRONG> (Thumb, 2 bytes, Stack size 0 bytes, uart2.o(.text))
<BR>[Address Reference Count : 1]<UL><LI> uart2.o(.data)
</UL>
<P><STRONG><a name="[20]"></a>Null</STRONG> (Thumb, 2 bytes, Stack size 0 bytes, bsptimer.o(.text))
<BR>[Address Reference Count : 2]<UL><LI> bsptimer.o(.text)
<LI> bsptimer.o(.data)
</UL>
<P><STRONG><a name="[5c]"></a>WriteData</STRONG> (Thumb, 6 bytes, Stack size 0 bytes, bspkey.o(.text))
<BR>[Address Reference Count : 1]<UL><LI> bspkey.o(.text)
</UL>
<P><STRONG><a name="[18b]"></a>KeyScanRelease</STRONG> (Thumb, 104 bytes, Stack size 0 bytes, bspkey.o(.text))
<BR><BR>[Called By]<UL><LI><a href="#[60]">&gt;&gt;</a>&nbsp;&nbsp;&nbsp;BSPKeyRoutine
</UL>

<P><STRONG><a name="[18c]"></a>KeyScanPress</STRONG> (Thumb, 66 bytes, Stack size 0 bytes, bspkey.o(.text))
<BR><BR>[Called By]<UL><LI><a href="#[60]">&gt;&gt;</a>&nbsp;&nbsp;&nbsp;BSPKeyRoutine
</UL>

<P><STRONG><a name="[19d]"></a>MyMemcoy</STRONG> (Thumb, 42 bytes, Stack size 12 bytes, bsphid.o(.text), UNUSED)
<BR><BR>[Called By]<UL><LI><a href="#[19c]">&gt;&gt;</a>&nbsp;&nbsp;&nbsp;BSPHIDReport
</UL>

<P><STRONG><a name="[19e]"></a>MyMemset</STRONG> (Thumb, 16 bytes, Stack size 0 bytes, bsphid.o(.text), UNUSED)
<BR><BR>[Called By]<UL><LI><a href="#[19c]">&gt;&gt;</a>&nbsp;&nbsp;&nbsp;BSPHIDReport
</UL>

<P><STRONG><a name="[1b4]"></a>RVU_CheckStatus</STRONG> (Thumb, 20 bytes, Stack size 8 bytes, bspwatchdog.o(.text), UNUSED)
<BR><BR>[Calls]<UL><LI><a href="#[1b5]">&gt;&gt;</a>&nbsp;&nbsp;&nbsp;IWDG_GetFlagStatus
</UL>
<BR>[Called By]<UL><LI><a href="#[1b7]">&gt;&gt;</a>&nbsp;&nbsp;&nbsp;BSPWatchDogInit
</UL>

<P><STRONG><a name="[1b6]"></a>PVU_CheckStatus</STRONG> (Thumb, 20 bytes, Stack size 8 bytes, bspwatchdog.o(.text), UNUSED)
<BR><BR>[Calls]<UL><LI><a href="#[1b5]">&gt;&gt;</a>&nbsp;&nbsp;&nbsp;IWDG_GetFlagStatus
</UL>
<BR>[Called By]<UL><LI><a href="#[1b7]">&gt;&gt;</a>&nbsp;&nbsp;&nbsp;BSPWatchDogInit
</UL>

<P><STRONG><a name="[1c9]"></a>SoundRead</STRONG> (Thumb, 128 bytes, Stack size 16 bytes, bspsound.o(.text))
<BR><BR>[Stack]<UL><LI>Max Depth = 72<LI>Call Chain = SoundRead &rArr; BSPFlashRead &rArr; W25Q16Read &rArr; SPIRead &rArr; SPI_GetFlagStatus
</UL>
<BR>[Calls]<UL><LI><a href="#[1c6]">&gt;&gt;</a>&nbsp;&nbsp;&nbsp;TIM_Cmd
<LI><a href="#[199]">&gt;&gt;</a>&nbsp;&nbsp;&nbsp;BSPFlashRead
</UL>
<BR>[Called By]<UL><LI><a href="#[47]">&gt;&gt;</a>&nbsp;&nbsp;&nbsp;TIM2_IRQHandler
</UL>

<P><STRONG><a name="[1d1]"></a>FLASHErase</STRONG> (Thumb, 152 bytes, Stack size 1056 bytes, bspeeprom.o(.text), UNUSED)
<BR><BR>[Calls]<UL><LI><a href="#[1d3]">&gt;&gt;</a>&nbsp;&nbsp;&nbsp;FLASH_ClearFlag
<LI><a href="#[70]">&gt;&gt;</a>&nbsp;&nbsp;&nbsp;FLASH_ProgramHalfWord
<LI><a href="#[6c]">&gt;&gt;</a>&nbsp;&nbsp;&nbsp;FLASH_ErasePage
<LI><a href="#[1d4]">&gt;&gt;</a>&nbsp;&nbsp;&nbsp;FLASH_Lock
<LI><a href="#[1d2]">&gt;&gt;</a>&nbsp;&nbsp;&nbsp;FLASH_Unlock
</UL>
<BR>[Called By]<UL><LI><a href="#[1d8]">&gt;&gt;</a>&nbsp;&nbsp;&nbsp;BSPEEPROMDelete
</UL>

<P><STRONG><a name="[1d5]"></a>EEPROM_Write_NoCheck</STRONG> (Thumb, 50 bytes, Stack size 24 bytes, bspeeprom.o(.text), UNUSED)
<BR><BR>[Calls]<UL><LI><a href="#[70]">&gt;&gt;</a>&nbsp;&nbsp;&nbsp;FLASH_ProgramHalfWord
</UL>
<BR>[Called By]<UL><LI><a href="#[1b3]">&gt;&gt;</a>&nbsp;&nbsp;&nbsp;BSPEEPROMWrite
</UL>

<P><STRONG><a name="[1d9]"></a>LEDFlash</STRONG> (Thumb, 38 bytes, Stack size 8 bytes, main.o(.text), UNUSED)
<BR><BR>[Calls]<UL><LI><a href="#[18f]">&gt;&gt;</a>&nbsp;&nbsp;&nbsp;BSPLEDOff
<LI><a href="#[18e]">&gt;&gt;</a>&nbsp;&nbsp;&nbsp;BSPLEDOn
</UL>

<P><STRONG><a name="[1da]"></a>ScanCode</STRONG> (Thumb, 14 bytes, Stack size 8 bytes, main.o(.text), UNUSED)
<BR><BR>[Calls]<UL><LI><a href="#[1a8]">&gt;&gt;</a>&nbsp;&nbsp;&nbsp;BSPCodeScannerScanStart
</UL>
<BR>[Called By]<UL><LI><a href="#[1de]">&gt;&gt;</a>&nbsp;&nbsp;&nbsp;test
<LI><a href="#[1dd]">&gt;&gt;</a>&nbsp;&nbsp;&nbsp;RequestMatch
</UL>

<P><STRONG><a name="[61]"></a>Timer</STRONG> (Thumb, 26 bytes, Stack size 8 bytes, main.o(.text))
<BR><BR>[Stack]<UL><LI>Max Depth = 24<LI>Call Chain = Timer &rArr; BSPCodeScannerScanStop &rArr; CM3800BScanStop
</UL>
<BR>[Calls]<UL><LI><a href="#[1a9]">&gt;&gt;</a>&nbsp;&nbsp;&nbsp;BSPCodeScannerScanStop
</UL>
<BR>[Address Reference Count : 1]<UL><LI> main.o(.text)
</UL>
<P><STRONG><a name="[5f]"></a>LedFlash</STRONG> (Thumb, 40 bytes, Stack size 8 bytes, main.o(.text))
<BR><BR>[Stack]<UL><LI>Max Depth = 16<LI>Call Chain = LedFlash &rArr; BSPLEDOff
</UL>
<BR>[Calls]<UL><LI><a href="#[18f]">&gt;&gt;</a>&nbsp;&nbsp;&nbsp;BSPLEDOff
<LI><a href="#[18e]">&gt;&gt;</a>&nbsp;&nbsp;&nbsp;BSPLEDOn
</UL>
<BR>[Address Reference Count : 1]<UL><LI> main.o(.text)
</UL>
<P><STRONG><a name="[1ef]"></a>_printf_core</STRONG> (Thumb, 214 bytes, Stack size 40 bytes, printf2.o(i._printf_core), UNUSED)
<BR><BR>[Called By]<UL><LI><a href="#[1ee]">&gt;&gt;</a>&nbsp;&nbsp;&nbsp;__0sprintf$2
</UL>

<P><STRONG><a name="[62]"></a>_sputc</STRONG> (Thumb, 10 bytes, Stack size 0 bytes, printf2.o(i._sputc))
<BR><BR>[Called By]<UL><LI><a href="#[1ee]">&gt;&gt;</a>&nbsp;&nbsp;&nbsp;__0sprintf$2
</UL>
<BR>[Address Reference Count : 1]<UL><LI> printf2.o(i.__0sprintf$2)
</UL><P>
<H3>
Undefined Global Symbols
</H3><HR></body></html>
