Component: ARM Compiler 5.06 update 4 (build 422) Tool: armlink [4d35d2]

==============================================================================

Section Cross References

    startup_mm32f103.o(RESET) refers to startup_mm32f103.o(STACK) for __initial_sp
    startup_mm32f103.o(RESET) refers to startup_mm32f103.o(.text) for Reset_Handler
    startup_mm32f103.o(RESET) refers to mm32f10x_it.o(.text) for NMI_Handler
    startup_mm32f103.o(RESET) refers to bsptimer.o(.text) for SysTick_Handler
    startup_mm32f103.o(RESET) refers to bsphid.o(.text) for USB_HP_CAN1_TX_IRQHandler
    startup_mm32f103.o(RESET) refers to bspsound.o(.text) for TIM2_IRQHandler
    startup_mm32f103.o(RESET) refers to uart1.o(.text) for UART1_IRQHandler
    startup_mm32f103.o(RESET) refers to uart2.o(.text) for UART2_IRQHandler
    startup_mm32f103.o(.text) refers to system_mm32f103.o(.text) for SystemInit
    startup_mm32f103.o(.text) refers to entry.o(.ARM.Collect$$$$00000000) for __main
    hal_adc.o(.text) refers to hal_rcc.o(.text) for RCC_APB2PeriphResetCmd
    hal_bkp.o(.text) refers to hal_rcc.o(.text) for RCC_BackupResetCmd
    hal_can.o(.text) refers to hal_rcc.o(.text) for RCC_APB1PeriphResetCmd
    hal_dac.o(.text) refers to hal_rcc.o(.text) for RCC_APB1PeriphResetCmd
    hal_gpio.o(.text) refers to hal_rcc.o(.text) for RCC_APB2PeriphResetCmd
    hal_i2c.o(.text) refers to hal_rcc.o(.text) for RCC_APB1PeriphResetCmd
    hal_i2c.o(.text) refers to hal_i2c.o(.data) for I2C_DMA_DIR
    hal_pwr.o(.text) refers to hal_rcc.o(.text) for RCC_APB1PeriphResetCmd
    hal_rcc.o(.text) refers to hal_rcc.o(.data) for APBAHBPrescTable
    hal_spi.o(.text) refers to hal_rcc.o(.text) for RCC_APB2PeriphResetCmd
    hal_tim.o(.text) refers to hal_rcc.o(.text) for RCC_APB2PeriphResetCmd
    hal_uart.o(.text) refers to hal_rcc.o(.text) for RCC_APB2PeriphResetCmd
    hal_wwdg.o(.text) refers to hal_rcc.o(.text) for RCC_APB1PeriphResetCmd
    usb_core.o(.text) refers to usb_mem.o(.text) for PMAToUserBufferCopy
    usb_core.o(.text) refers to usb_init.o(.data) for pInformation
    usb_core.o(.text) refers to usb_prop.o(.data) for Device_Table
    usb_core.o(.text) refers to usb_core.o(.data) for StatusInfo
    usb_init.o(.text) refers to usb_init.o(.data) for dev_type
    usb_init.o(.text) refers to usb_init.o(.bss) for Device_Info
    usb_init.o(.text) refers to usb_prop.o(.data) for Device_Property
    usb_int.o(.text) refers to usb_core.o(.text) for Setup0_Process
    usb_int.o(.text) refers to usb_istr.o(.data) for wIstr
    usb_int.o(.text) refers to usb_init.o(.data) for EPindex
    w25q16.o(.text) refers to hal_spi.o(.text) for SPI_SendData
    w25q16.o(.text) refers to hal_rcc.o(.text) for RCC_APB2PeriphClockCmd
    w25q16.o(.text) refers to hal_gpio.o(.text) for GPIO_Init
    hw_config.o(.text) refers to hal_rcc.o(.text) for RCC_APB2PeriphClockCmd
    hw_config.o(.text) refers to hal_gpio.o(.text) for GPIO_Init
    hw_config.o(.text) refers to hal_misc.o(.text) for NVIC_Init
    hw_config.o(.text) refers to usb_pwr.o(.data) for bDeviceState
    hw_config.o(.text) refers to usb_init.o(.bss) for Device_Info
    hw_config.o(.text) refers to usb_desc.o(.data) for CustomHID_StringSerial
    usb_desc.o(.text) refers to usb_desc.o(.data) for CustomHID_ConfigDescriptor
    usb_endp.o(.text) refers to bsphid.o(.text) for GetHidRxFlag
    usb_endp.o(.text) refers to usb_mem.o(.text) for PMAToUserBufferCopy
    usb_endp.o(.text) refers to usb_init.o(.data) for dev_type
    usb_endp.o(.text) refers to usb_endp.o(.data) for PrevEp1XferComplete
    usb_iap.o(.text) refers to memseta.o(.text) for __aeabi_memclr
    usb_iap.o(.text) refers to usb_iap.o(.bss) for usb_report
    usb_istr.o(.text) refers to usb_int.o(.text) for CTR_LP
    usb_istr.o(.text) refers to usb_pwr.o(.text) for Suspend
    usb_istr.o(.text) refers to usb_istr.o(.data) for wIstr
    usb_istr.o(.text) refers to usb_init.o(.data) for dev_type
    usb_istr.o(.text) refers to usb_prop.o(.data) for Device_Property
    usb_istr.o(.data) refers to usb_endp.o(.text) for EP1_IN_Callback
    usb_istr.o(.data) refers to usb_core.o(.text) for NOP_Process
    usb_prop.o(.text) refers to hw_config.o(.text) for Get_SerialNum
    usb_prop.o(.text) refers to usb_pwr.o(.text) for PowerOn
    usb_prop.o(.text) refers to usb_core.o(.text) for SetDeviceAddress
    usb_prop.o(.text) refers to usb_iap.o(.text) for usb_report_in
    usb_prop.o(.text) refers to usb_init.o(.data) for pInformation
    usb_prop.o(.text) refers to usb_pwr.o(.data) for bDeviceState
    usb_prop.o(.text) refers to usb_desc.o(.data) for CustomHID_ConfigDescriptor
    usb_prop.o(.text) refers to usb_prop.o(.bss) for Report_Buf
    usb_prop.o(.text) refers to usb_prop.o(.data) for IdleRate
    usb_prop.o(.text) refers to usb_desc.o(.constdata) for Virtual_Com_Port_ConfigDescriptor
    usb_prop.o(.text) refers to usb_init.o(.bss) for Device_Info
    usb_prop.o(.data) refers to usb_prop.o(.text) for CustomHID_init
[...]
    ADC1_2_IRQHandler                        0x0800011b   Thumb Code     0  startup_mm32f103.o(.text)
    CAN1_RX1_IRQHandler                      0x0800011b   Thumb Code     0  startup_mm32f103.o(.text)
    CAN1_SCE_IRQHandler                      0x0800011b   Thumb Code     0  startup_mm32f103.o(.text)
    DMA1_Channel1_IRQHandler                 0x0800011b   Thumb Code     0  startup_mm32f103.o(.text)
    DMA1_Channel2_IRQHandler                 0x0800011b   Thumb Code     0  startup_mm32f103.o(.text)
    DMA1_Channel3_IRQHandler                 0x0800011b   Thumb Code     0  startup_mm32f103.o(.text)
    DMA1_Channel4_IRQHandler                 0x0800011b   Thumb Code     0  startup_mm32f103.o(.text)
    DMA1_Channel5_IRQHandler                 0x0800011b   Thumb Code     0  startup_mm32f103.o(.text)
    DMA1_Channel6_IRQHandler                 0x0800011b   Thumb Code     0  startup_mm32f103.o(.text)
    DMA1_Channel7_IRQHandler                 0x0800011b   Thumb Code     0  startup_mm32f103.o(.text)
    EXTI0_IRQHandler                         0x0800011b   Thumb Code     0  startup_mm32f103.o(.text)
    EXTI15_10_IRQHandler                     0x0800011b   Thumb Code     0  startup_mm32f103.o(.text)
    EXTI1_IRQHandler                         0x0800011b   Thumb Code     0  startup_mm32f103.o(.text)
    EXTI2_IRQHandler                         0x0800011b   Thumb Code     0  startup_mm32f103.o(.text)
    EXTI3_IRQHandler                         0x0800011b   Thumb Code     0  startup_mm32f103.o(.text)
    EXTI4_IRQHandler                         0x0800011b   Thumb Code     0  startup_mm32f103.o(.text)
    EXTI9_5_IRQHandler                       0x0800011b   Thumb Code     0  startup_mm32f103.o(.text)
    FLASH_IRQHandler                         0x0800011b   Thumb Code     0  startup_mm32f103.o(.text)
    I2C1_ER_IRQHandler                       0x0800011b   Thumb Code     0  startup_mm32f103.o(.text)
    I2C1_EV_IRQHandler                       0x0800011b   Thumb Code     0  startup_mm32f103.o(.text)
    I2C2_ER_IRQHandler                       0x0800011b   Thumb Code     0  startup_mm32f103.o(.text)
    I2C2_EV_IRQHandler                       0x0800011b   Thumb Code     0  startup_mm32f103.o(.text)
    PVD_IRQHandler                           0x0800011b   Thumb Code     0  startup_mm32f103.o(.text)
    RCC_IRQHandler                           0x0800011b   Thumb Code     0  startup_mm32f103.o(.text)
    RTCAlarm_IRQHandler                      0x0800011b   Thumb Code     0  startup_mm32f103.o(.text)
    RTC_IRQHandler                           0x0800011b   Thumb Code     0  startup_mm32f103.o(.text)
    SPI1_IRQHandler                          0x0800011b   Thumb Code     0  startup_mm32f103.o(.text)
    SPI2_IRQHandler                          0x0800011b   Thumb Code     0  startup_mm32f103.o(.text)
    TAMPER_IRQHandler                        0x0800011b   Thumb Code     0  startup_mm32f103.o(.text)
    TIM1_BRK_IRQHandler                      0x0800011b   Thumb Code     0  startup_mm32f103.o(.text)
    TIM1_CC_IRQHandler                       0x0800011b   Thumb Code     0  startup_mm32f103.o(.text)
    TIM1_TRG_COM_IRQHandler                  0x0800011b   Thumb Code     0  startup_mm32f103.o(.text)
    TIM1_UP_IRQHandler                       0x0800011b   Thumb Code     0  startup_mm32f103.o(.text)
    TIM3_IRQHandler                          0x0800011b   Thumb Code     0  startup_mm32f103.o(.text)
    TIM4_IRQHandler                          0x0800011b   Thumb Code     0  startup_mm32f103.o(.text)
    UART3_IRQHandler                         0x0800011b   Thumb Code     0  startup_mm32f103.o(.text)
    USBWakeUp_IRQHandler                     0x0800011b   Thumb Code     0  startup_mm32f103.o(.text)
    USB_LP_CAN1_RX0_IRQHandler               0x0800011b   Thumb Code     0  startup_mm32f103.o(.text)
    WWDG_IRQHandler                          0x0800011b   Thumb Code     0  startup_mm32f103.o(.text)
    SystemInit                               0x08000227   Thumb Code    88  system_mm32f103.o(.text)
    DAC_DeInit                               0x08000299   Thumb Code    22  hal_dac.o(.text)
    DAC_Init                                 0x080002af   Thumb Code    46  hal_dac.o(.text)
    DAC_StructInit                           0x080002dd   Thumb Code    12  hal_dac.o(.text)
    DAC_Cmd                                  0x080002e9   Thumb Code    34  hal_dac.o(.text)
    DAC_DMACmd                               0x0800030b   Thumb Code    38  hal_dac.o(.text)
    DAC_SoftwareTriggerCmd                   0x08000331   Thumb Code    48  hal_dac.o(.text)
    DAC_DualSoftwareTriggerCmd               0x08000361   Thumb Code    38  hal_dac.o(.text)
    DAC_WaveGenerationCmd                    0x08000387   Thumb Code    36  hal_dac.o(.text)
    DAC_SetChannel1Data                      0x080003ab   Thumb Code    10  hal_dac.o(.text)
    DAC_SetChannel2Data                      0x080003b5   Thumb Code    10  hal_dac.o(.text)
    DAC_SetDualChannelData                   0x080003bf   Thumb Code    28  hal_dac.o(.text)
    DAC_GetDataOutputValue                   0x080003db   Thumb Code    16  hal_dac.o(.text)
    FLASH_SetLatency                         0x080003f5   Thumb Code    18  hal_flash.o(.text)
    FLASH_HalfCycleAccessCmd                 0x08000407   Thumb Code    22  hal_flash.o(.text)
    FLASH_PrefetchBufferCmd                  0x0800041d   Thumb Code    22  hal_flash.o(.text)
    FLASH_Unlock                             0x08000433   Thumb Code    12  hal_flash.o(.text)
    FLASH_Lock                               0x0800043f   Thumb Code    14  hal_flash.o(.text)
    FLASH_GetStatus                          0x0800044d   Thumb Code    48  hal_flash.o(.text)
    FLASH_WaitForLastOperation               0x08000497   Thumb Code    42  hal_flash.o(.text)
    FLASH_ErasePage                          0x080004c1   Thumb Code    76  hal_flash.o(.text)
    FLASH_EraseAllPages                      0x0800050d   Thumb Code    76  hal_flash.o(.text)
    FLASH_EraseOptionBytes                   0x08000559   Thumb Code   146  hal_flash.o(.text)
    FLASH_ProgramWord                        0x080005eb   Thumb Code   100  hal_flash.o(.text)
    FLASH_ProgramHalfWord                    0x0800064f   Thumb Code    64  hal_flash.o(.text)
    FLASH_ProgramOptionByteData              0x0800068f   Thumb Code    72  hal_flash.o(.text)
    FLASH_EnableWriteProtection              0x080006d7   Thumb Code   182  hal_flash.o(.text)
    FLASH_ReadOutProtection                  0x0800078d   Thumb Code   178  hal_flash.o(.text)
    FLASH_UserOptionByteConfig               0x0800083f   Thumb Code    94  hal_flash.o(.text)
    FLASH_GetUserOptionByte                  0x0800089d   Thumb Code     8  hal_flash.o(.text)
    FLASH_GetWriteProtectionOptionByte       0x080008a5   Thumb Code     6  hal_flash.o(.text)
    FLASH_GetReadOutProtectionStatus         0x080008ab   Thumb Code    20  hal_flash.o(.text)
    FLASH_GetPrefetchBufferStatus            0x080008bf   Thumb Code    20  hal_flash.o(.text)
    FLASH_ITConfig                           0x080008d3   Thumb Code    26  hal_flash.o(.text)
    FLASH_GetFlagStatus                      0x080008ed   Thumb Code    42  hal_flash.o(.text)
    FLASH_ClearFlag                          0x08000917   Thumb Code     6  hal_flash.o(.text)
    GPIO_DeInit                              0x0800092d   Thumb Code   108  hal_gpio.o(.text)
    GPIO_AFIODeInit                          0x08000999   Thumb Code    20  hal_gpio.o(.text)
    GPIO_Init                                0x080009ad   Thumb Code   278  hal_gpio.o(.text)
    GPIO_StructInit                          0x08000ac3   Thumb Code    16  hal_gpio.o(.text)
    GPIO_ReadInputDataBit                    0x08000ad3   Thumb Code    18  hal_gpio.o(.text)
    GPIO_ReadInputData                       0x08000ae5   Thumb Code     8  hal_gpio.o(.text)
    GPIO_ReadOutputDataBit                   0x08000aed   Thumb Code    18  hal_gpio.o(.text)
    GPIO_ReadOutputData                      0x08000aff   Thumb Code     8  hal_gpio.o(.text)
    GPIO_SetBits                             0x08000b07   Thumb Code     4  hal_gpio.o(.text)
    GPIO_ResetBits                           0x08000b0b   Thumb Code     4  hal_gpio.o(.text)
    GPIO_WriteBit                            0x08000b0f   Thumb Code    10  hal_gpio.o(.text)
    GPIO_Write                               0x08000b19   Thumb Code     4  hal_gpio.o(.text)
    GPIO_PinLockConfig                       0x08000b1d   Thumb Code    18  hal_gpio.o(.text)
    GPIO_EventOutputConfig                   0x08000b2f   Thumb Code    26  hal_gpio.o(.text)
    GPIO_EventOutputCmd                      0x08000b49   Thumb Code     6  hal_gpio.o(.text)
    GPIO_PinRemapConfig                      0x08000b4f   Thumb Code    94  hal_gpio.o(.text)
    GPIO_EXTILineConfig                      0x08000bad   Thumb Code    66  hal_gpio.o(.text)
    IWDG_WriteAccessCmd                      0x08000bfd   Thumb Code     6  hal_iwdg.o(.text)
    IWDG_SetPrescaler                        0x08000c03   Thumb Code     6  hal_iwdg.o(.text)
    IWDG_SetReload                           0x08000c09   Thumb Code     6  hal_iwdg.o(.text)
    IWDG_ReloadCounter                       0x08000c0f   Thumb Code    10  hal_iwdg.o(.text)
    IWDG_Enable                              0x08000c19   Thumb Code    10  hal_iwdg.o(.text)
    IWDG_GetFlagStatus                       0x08000c23   Thumb Code    20  hal_iwdg.o(.text)
    NVIC_PriorityGroupConfig                 0x08000c3d   Thumb Code    10  hal_misc.o(.text)
    NVIC_Init                                0x08000c47   Thumb Code   114  hal_misc.o(.text)
    NVIC_SetVectorTable                      0x08000cb9   Thumb Code    14  hal_misc.o(.text)
    NVIC_SystemLPConfig                      0x08000cc7   Thumb Code    34  hal_misc.o(.text)
    SysTick_CLKSourceConfig                  0x08000ce9   Thumb Code    40  hal_misc.o(.text)
    RCC_DeInit                               0x08000d25   Thumb Code    62  hal_rcc.o(.text)
    RCC_HSEConfig                            0x08000d63   Thumb Code    70  hal_rcc.o(.text)
    RCC_GetFlagStatus                        0x08000da9   Thumb Code    56  hal_rcc.o(.text)
    RCC_WaitForHSEStartUp                    0x08000de1   Thumb Code    54  hal_rcc.o(.text)
    RCC_AdjustHSICalibrationValue            0x08000e17   Thumb Code    20  hal_rcc.o(.text)
    RCC_HSICmd                               0x08000e2b   Thumb Code    32  hal_rcc.o(.text)
    RCC_PLLDMDNConfig                        0x08000e4b   Thumb Code    28  hal_rcc.o(.text)
    RCC_PLLConfig                            0x08000e67   Thumb Code   258  hal_rcc.o(.text)
    RCC_PLLCmd                               0x08000f69   Thumb Code    30  hal_rcc.o(.text)
    RCC_SYSCLKConfig                         0x08000f87   Thumb Code    18  hal_rcc.o(.text)
    RCC_GetSYSCLKSource                      0x08000f99   Thumb Code    10  hal_rcc.o(.text)
    RCC_HCLKConfig                           0x08000fa3   Thumb Code    18  hal_rcc.o(.text)
    RCC_PCLK1Config                          0x08000fb5   Thumb Code    18  hal_rcc.o(.text)
    RCC_PCLK2Config                          0x08000fc7   Thumb Code    20  hal_rcc.o(.text)
    RCC_ITConfig                             0x08000fdb   Thumb Code    40  hal_rcc.o(.text)
    RCC_USBCLKConfig                         0x08001003   Thumb Code    24  hal_rcc.o(.text)
    RCC_ADCCLKConfig                         0x0800101b   Thumb Code    18  hal_rcc.o(.text)
    RCC_LSEConfig                            0x0800102d   Thumb Code    44  hal_rcc.o(.text)
    RCC_LSICmd                               0x08001059   Thumb Code    30  hal_rcc.o(.text)
    RCC_RTCCLKConfig                         0x08001077   Thumb Code    12  hal_rcc.o(.text)
    RCC_RTCCLKCmd                            0x08001083   Thumb Code    30  hal_rcc.o(.text)
    RCC_GetClocksFreq                        0x080010a1   Thumb Code   240  hal_rcc.o(.text)
    RCC_AHBPeriphClockCmd                    0x08001191   Thumb Code    26  hal_rcc.o(.text)
    RCC_APB2PeriphClockCmd                   0x080011ab   Thumb Code    26  hal_rcc.o(.text)
    RCC_APB1PeriphClockCmd                   0x080011c5   Thumb Code    26  hal_rcc.o(.text)
    RCC_APB2PeriphResetCmd                   0x080011df   Thumb Code    26  hal_rcc.o(.text)
    RCC_APB1PeriphResetCmd                   0x080011f9   Thumb Code    26  hal_rcc.o(.text)
    RCC_BackupResetCmd                       0x08001213   Thumb Code     6  hal_rcc.o(.text)
    RCC_ClockSecuritySystemCmd               0x08001219   Thumb Code     6  hal_rcc.o(.text)
    RCC_MCOConfig                            0x0800121f   Thumb Code     6  hal_rcc.o(.text)
    RCC_ClearFlag                            0x08001225   Thumb Code    14  hal_rcc.o(.text)
    RCC_GetITStatus                          0x08001233   Thumb Code    20  hal_rcc.o(.text)
    RCC_ClearITPendingBit                    0x08001247   Thumb Code    14  hal_rcc.o(.text)
    SPI_DeInit                               0x0800126d   Thumb Code    62  hal_spi.o(.text)
    SPI_Init                                 0x080012ab   Thumb Code    88  hal_spi.o(.text)
    SPI_StructInit                           0x08001303   Thumb Code    32  hal_spi.o(.text)
    SPI_Cmd                                  0x08001323   Thumb Code    24  hal_spi.o(.text)
    SPI_ITConfig                             0x0800133b   Thumb Code    38  hal_spi.o(.text)
    SPI_DMACmd                               0x08001361   Thumb Code    18  hal_spi.o(.text)
    SPI_FifoTrigger                          0x08001373   Thumb Code    18  hal_spi.o(.text)
    SPI_SendData                             0x08001385   Thumb Code    40  hal_spi.o(.text)
    SPI_ReceiveData                          0x080013ad   Thumb Code    60  hal_spi.o(.text)
    SPI_CSInternalSelected                   0x080013e9   Thumb Code    22  hal_spi.o(.text)
    SPI_NSSInternalSoftwareConfig            0x080013ff   Thumb Code    30  hal_spi.o(.text)
    SPI_DataSizeConfig                       0x0800141d   Thumb Code    18  hal_spi.o(.text)
    SPI_BiDirectionalLineConfig              0x0800142f   Thumb Code    58  hal_spi.o(.text)
    SPI_GetFlagStatus                        0x08001469   Thumb Code    96  hal_spi.o(.text)
    SPI_GetITStatus                          0x080014c9   Thumb Code    18  hal_spi.o(.text)
    SPI_ClearITPendingBit                    0x080014db   Thumb Code     8  hal_spi.o(.text)
    SPI_RxBytes                              0x080014e3   Thumb Code     4  hal_spi.o(.text)
    SPI_SlaveAdjust                          0x080014e7   Thumb Code     8  hal_spi.o(.text)
    TIM_DeInit                               0x080014f5   Thumb Code   108  hal_tim.o(.text)
    TIM_TimeBaseInit                         0x08001561   Thumb Code    44  hal_tim.o(.text)
    TIM_OC1Init                              0x0800158d   Thumb Code   100  hal_tim.o(.text)
    TIM_OC2Init                              0x080015f1   Thumb Code   138  hal_tim.o(.text)
    TIM_OC3Init                              0x0800167b   Thumb Code   134  hal_tim.o(.text)
    TIM_OC4Init                              0x08001701   Thumb Code    96  hal_tim.o(.text)
    TIM_SetIC4Prescaler                      0x08001761   Thumb Code    26  hal_tim.o(.text)
    TIM_SetIC3Prescaler                      0x080017cd   Thumb Code    18  hal_tim.o(.text)
    TIM_SetIC2Prescaler                      0x08001827   Thumb Code    26  hal_tim.o(.text)
    TIM_SetIC1Prescaler                      0x08001891   Thumb Code    18  hal_tim.o(.text)
    TIM_ICInit                               0x080018e5   Thumb Code   110  hal_tim.o(.text)
    TIM_PWMIConfig                           0x08001953   Thumb Code   124  hal_tim.o(.text)
    TIM_BDTRConfig                           0x080019cf   Thumb Code    32  hal_tim.o(.text)
    TIM_TimeBaseStructInit                   0x080019ef   Thumb Code    18  hal_tim.o(.text)
    TIM_OCStructInit                         0x08001a01   Thumb Code    20  hal_tim.o(.text)
    TIM_ICStructInit                         0x08001a15   Thumb Code    18  hal_tim.o(.text)
    TIM_BDTRStructInit                       0x08001a27   Thumb Code    18  hal_tim.o(.text)
    TIM_Cmd                                  0x08001a39   Thumb Code    24  hal_tim.o(.text)
    TIM_CtrlPWMOutputs                       0x08001a51   Thumb Code    30  hal_tim.o(.text)
    TIM_ITConfig                             0x08001a6f   Thumb Code    26  hal_tim.o(.text)
    TIM_GenerateEvent                        0x08001a89   Thumb Code     4  hal_tim.o(.text)
    TIM_DMAConfig                            0x08001a8d   Thumb Code    10  hal_tim.o(.text)
    TIM_DMACmd                               0x08001a97   Thumb Code    18  hal_tim.o(.text)
    TIM_InternalClockConfig                  0x08001aa9   Thumb Code    12  hal_tim.o(.text)
    TIM_SelectInputTrigger                   0x08001ab5   Thumb Code    18  hal_tim.o(.text)
    TIM_ITRxExternalClockConfig              0x08001ac7   Thumb Code    24  hal_tim.o(.text)
    TIM_TIxExternalClockConfig               0x08001adf   Thumb Code    62  hal_tim.o(.text)
    TIM_ETRConfig                            0x08001b1d   Thumb Code    30  hal_tim.o(.text)
    TIM_ETRClockMode1Config                  0x08001b3b   Thumb Code    54  hal_tim.o(.text)
    TIM_ETRClockMode2Config                  0x08001b71   Thumb Code    32  hal_tim.o(.text)
    TIM_PrescalerConfig                      0x08001b91   Thumb Code     6  hal_tim.o(.text)
    TIM_CounterModeConfig                    0x08001b97   Thumb Code    18  hal_tim.o(.text)
    TIM_EncoderInterfaceConfig               0x08001ba9   Thumb Code    66  hal_tim.o(.text)
    TIM_ForcedOC1Config                      0x08001beb   Thumb Code    18  hal_tim.o(.text)
    TIM_ForcedOC2Config                      0x08001bfd   Thumb Code    26  hal_tim.o(.text)
    TIM_ForcedOC3Config                      0x08001c17   Thumb Code    18  hal_tim.o(.text)
    TIM_ForcedOC4Config                      0x08001c29   Thumb Code    26  hal_tim.o(.text)
    TIM_ARRPreloadConfig                     0x08001c43   Thumb Code    24  hal_tim.o(.text)
    TIM_SelectCOM                            0x08001c5b   Thumb Code    24  hal_tim.o(.text)
    TIM_SelectCCDMA                          0x08001c73   Thumb Code    24  hal_tim.o(.text)
    TIM_CCPreloadControl                     0x08001c8b   Thumb Code    24  hal_tim.o(.text)
    TIM_OC1PreloadConfig                     0x08001ca3   Thumb Code    18  hal_tim.o(.text)
    TIM_OC2PreloadConfig                     0x08001cb5   Thumb Code    26  hal_tim.o(.text)
    TIM_OC3PreloadConfig                     0x08001ccf   Thumb Code    18  hal_tim.o(.text)
    TIM_OC4PreloadConfig                     0x08001ce1   Thumb Code    26  hal_tim.o(.text)
    TIM_OC1FastConfig                        0x08001cfb   Thumb Code    18  hal_tim.o(.text)
    TIM_OC2FastConfig                        0x08001d0d   Thumb Code    26  hal_tim.o(.text)
    TIM_OC3FastConfig                        0x08001d27   Thumb Code    18  hal_tim.o(.text)
    TIM_OC4FastConfig                        0x08001d39   Thumb Code    26  hal_tim.o(.text)
    TIM_ClearOC1Ref                          0x08001d53   Thumb Code    18  hal_tim.o(.text)
    TIM_ClearOC2Ref                          0x08001d65   Thumb Code    24  hal_tim.o(.text)
    TIM_ClearOC3Ref                          0x08001d7d   Thumb Code    18  hal_tim.o(.text)
    TIM_ClearOC4Ref                          0x08001d8f   Thumb Code    24  hal_tim.o(.text)
    TIM_OC1PolarityConfig                    0x08001da7   Thumb Code    18  hal_tim.o(.text)
    TIM_OC1NPolarityConfig                   0x08001db9   Thumb Code    18  hal_tim.o(.text)
    TIM_OC2PolarityConfig                    0x08001dcb   Thumb Code    26  hal_tim.o(.text)
    TIM_OC2NPolarityConfig                   0x08001de5   Thumb Code    26  hal_tim.o(.text)
    TIM_OC3PolarityConfig                    0x08001dff   Thumb Code    26  hal_tim.o(.text)
    TIM_OC3NPolarityConfig                   0x08001e19   Thumb Code    26  hal_tim.o(.text)
    TIM_OC4PolarityConfig                    0x08001e33   Thumb Code    26  hal_tim.o(.text)
    TIM_CCxCmd                               0x08001e4d   Thumb Code    26  hal_tim.o(.text)
    TIM_CCxNCmd                              0x08001e67   Thumb Code    26  hal_tim.o(.text)
    TIM_SelectOCxM                           0x08001e81   Thumb Code   134  hal_tim.o(.text)
    TIM_UpdateDisableConfig                  0x08001f07   Thumb Code    24  hal_tim.o(.text)
    TIM_UpdateRequestConfig                  0x08001f1f   Thumb Code    24  hal_tim.o(.text)
    TIM_SelectHallSensor                     0x08001f37   Thumb Code    24  hal_tim.o(.text)
    TIM_SelectOnePulseMode                   0x08001f4f   Thumb Code    18  hal_tim.o(.text)
    TIM_SelectOutputTrigger                  0x08001f61   Thumb Code    18  hal_tim.o(.text)
    TIM_SelectSlaveMode                      0x08001f73   Thumb Code    18  hal_tim.o(.text)
    TIM_SelectMasterSlaveMode                0x08001f85   Thumb Code    18  hal_tim.o(.text)
    TIM_SetCounter                           0x08001f97   Thumb Code     4  hal_tim.o(.text)
    TIM_SetAutoreload                        0x08001f9b   Thumb Code     4  hal_tim.o(.text)
    TIM_SetCompare1                          0x08001f9f   Thumb Code     4  hal_tim.o(.text)
    TIM_SetCompare2                          0x08001fa3   Thumb Code     4  hal_tim.o(.text)
    TIM_SetCompare3                          0x08001fa7   Thumb Code     4  hal_tim.o(.text)
    TIM_SetCompare4                          0x08001fab   Thumb Code     6  hal_tim.o(.text)
    TIM_SetClockDivision                     0x08001fb1   Thumb Code    14  hal_tim.o(.text)
    TIM_GetCapture1                          0x08001fbf   Thumb Code     6  hal_tim.o(.text)
    TIM_GetCapture2                          0x08001fc5   Thumb Code     6  hal_tim.o(.text)
    TIM_GetCapture3                          0x08001fcb   Thumb Code     6  hal_tim.o(.text)
    TIM_GetCapture4                          0x08001fd1   Thumb Code     8  hal_tim.o(.text)
    TIM_GetCounter                           0x08001fd9   Thumb Code     6  hal_tim.o(.text)
    TIM_GetPrescaler                         0x08001fdf   Thumb Code     6  hal_tim.o(.text)
    TIM_GetFlagStatus                        0x08001fe5   Thumb Code    18  hal_tim.o(.text)
    TIM_ClearFlag                            0x08001ff7   Thumb Code     6  hal_tim.o(.text)
    TIM_GetITStatus                          0x08001ffd   Thumb Code    34  hal_tim.o(.text)
    TIM_ClearITPendingBit                    0x0800201f   Thumb Code     6  hal_tim.o(.text)
    UART_DeInit                              0x08002025   Thumb Code    88  hal_uart.o(.text)
    UART_Init                                0x0800207d   Thumb Code   108  hal_uart.o(.text)
    UART_StructInit                          0x080020e9   Thumb Code    26  hal_uart.o(.text)
    UART_Cmd                                 0x08002103   Thumb Code    24  hal_uart.o(.text)
    UART_ITConfig                            0x0800211b   Thumb Code    18  hal_uart.o(.text)
    UART_DMACmd                              0x0800212d   Thumb Code    18  hal_uart.o(.text)
    UART_SendData                            0x0800213f   Thumb Code     6  hal_uart.o(.text)
    UART_ReceiveData                         0x08002145   Thumb Code     8  hal_uart.o(.text)
    UART_GetFlagStatus                       0x0800214d   Thumb Code    18  hal_uart.o(.text)
    UART_ClearFlag                           0x0800215f   Thumb Code     2  hal_uart.o(.text)
    UART_GetITStatus                         0x08002161   Thumb Code    18  hal_uart.o(.text)
    UART_ClearITPendingBit                   0x08002173   Thumb Code     4  hal_uart.o(.text)
    Standard_GetConfiguration                0x08002181   Thumb Code    34  usb_core.o(.text)
    Standard_SetConfiguration                0x080021a3   Thumb Code    68  usb_core.o(.text)
    Standard_GetInterface                    0x080021e7   Thumb Code    34  usb_core.o(.text)
    Standard_SetInterface                    0x08002209   Thumb Code    96  usb_core.o(.text)
    Standard_GetStatus                       0x08002269   Thumb Code   210  usb_core.o(.text)
    Standard_ClearFeature                    0x0800233b   Thumb Code   232  usb_core.o(.text)
    Standard_SetEndPointFeature              0x08002423   Thumb Code    90  usb_core.o(.text)
    Standard_SetDeviceFeature                0x0800247d   Thumb Code    30  usb_core.o(.text)
    Standard_GetDescriptorData               0x0800249b   Thumb Code    32  usb_core.o(.text)
    Post0_Process                            0x08002997   Thumb Code    70  usb_core.o(.text)
    Setup0_Process                           0x080029dd   Thumb Code   126  usb_core.o(.text)
    In0_Process                              0x08002a5b   Thumb Code    86  usb_core.o(.text)
    Out0_Process                             0x08002ab1   Thumb Code    70  usb_core.o(.text)
    SetDeviceAddress                         0x08002af7   Thumb Code     8  usb_core.o(.text)
    NOP_Process                              0x08002aff   Thumb Code     2  usb_core.o(.text)
    USB_Init                                 0x08002b11   Thumb Code    66  usb_init.o(.text)
    CTR_LP                                   0x08002b71   Thumb Code   208  usb_int.o(.text)
    CTR_HP                                   0x08002c41   Thumb Code     2  usb_int.o(.text)
    UserToPMABufferCopy                      0x08002c5d   Thumb Code    40  usb_mem.o(.text)
    PMAToUserBufferCopy                      0x08002c85   Thumb Code    40  usb_mem.o(.text)
    W25Q16Init                               0x08002cfb   Thumb Code   230  w25q16.o(.text)
    W25Q16Open                               0x08002de1   Thumb Code    78  w25q16.o(.text)
    W25Q16Close                              0x08002e2f   Thumb Code    12  w25q16.o(.text)
    W25Q16Reset                              0x08002e3b   Thumb Code    48  w25q16.o(.text)
    W25Q16SectorErase                        0x08002e97   Thumb Code    98  w25q16.o(.text)
    W25Q16BlockErase                         0x08002ef9   Thumb Code    96  w25q16.o(.text)
    W25Q16ClipErase                          0x08002f59   Thumb Code    58  w25q16.o(.text)
    W25Q16PageProgram                        0x08002f93   Thumb Code   134  w25q16.o(.text)
    W25Q16Read                               0x08003019   Thumb Code    86  w25q16.o(.text)
    Set_System                               0x0800307d   Thumb Code    40  hw_config.o(.text)
    Set_USBClock                             0x080030a5   Thumb Code    18  hw_config.o(.text)
    Enter_LowPowerMode                       0x080030b7   Thumb Code     8  hw_config.o(.text)
    Leave_LowPowerMode                       0x080030bf   Thumb Code    22  hw_config.o(.text)
    USB_Interrupts_Config                    0x080030d5   Thumb Code    60  hw_config.o(.text)
    USB_Cable_Config                         0x08003111   Thumb Code    32  hw_config.o(.text)
    Get_SerialNum                            0x0800316f   Thumb Code    64  hw_config.o(.text)
    EP1_IN_Callback                          0x080031cd   Thumb Code    28  usb_endp.o(.text)
    EP2_IN_Callback                          0x080031e9   Thumb Code    24  usb_endp.o(.text)
    EP2_OUT_Callback                         0x08003201   Thumb Code    28  usb_endp.o(.text)
    EP3_OUT_Callback                         0x0800321d   Thumb Code     2  usb_endp.o(.text)
    usb_report_in                            0x080032a3   Thumb Code    40  usb_iap.o(.text)
    SystemIap                                0x080032cb   Thumb Code     2  usb_iap.o(.text)
    usb_iap_jump                             0x080032cd   Thumb Code     2  usb_iap.o(.text)
    USB_Istr                                 0x080032d5   Thumb Code   122  usb_istr.o(.text)
    CustomHID_init                           0x08003365   Thumb Code    26  usb_prop.o(.text)
    CustomHID_Reset                          0x0800337f   Thumb Code   186  usb_prop.o(.text)
    CustomHID_SetConfiguration               0x08003439   Thumb Code    16  usb_prop.o(.text)
    CustomHID_SetDeviceAddress               0x08003449   Thumb Code     8  usb_prop.o(.text)
    CustomHID_Status_In                      0x08003451   Thumb Code     2  usb_prop.o(.text)
    CustomHID_Status_Out                     0x08003453   Thumb Code     2  usb_prop.o(.text)
    CustomHID_GetReport                      0x08003455   Thumb Code    28  usb_prop.o(.text)
    CustomHID_GetIdleValue                   0x08003471   Thumb Code    20  usb_prop.o(.text)
    CustomHID_SetReport                      0x08003485   Thumb Code    50  usb_prop.o(.text)
    CustomHID_GetProtocolValue               0x080034b7   Thumb Code    20  usb_prop.o(.text)
    CustomHID_GetHIDDescriptor               0x080034cb   Thumb Code    24  usb_prop.o(.text)
    CustomHID_GetReportDescriptor            0x080034e3   Thumb Code    24  usb_prop.o(.text)
    CustomHID_Data_Setup                     0x080034fb   Thumb Code   154  usb_prop.o(.text)
    CustomHID_SetIdle                        0x08003595   Thumb Code    14  usb_prop.o(.text)
    CustomHID_SetProtocol                    0x080035a3   Thumb Code    14  usb_prop.o(.text)
    CustomHID_NoData_Setup                   0x080035b1   Thumb Code    46  usb_prop.o(.text)
    CustomHID_GetDeviceDescriptor            0x080035df   Thumb Code    14  usb_prop.o(.text)
    CustomHID_GetConfigDescriptor            0x080035ed   Thumb Code    14  usb_prop.o(.text)
    CustomHID_GetStringDescriptor            0x080035fb   Thumb Code    32  usb_prop.o(.text)
    CustomHID_Get_Interface_Setting          0x0800361b   Thumb Code    22  usb_prop.o(.text)
    Virtual_Com_Port_init                    0x08003631   Thumb Code    26  usb_prop.o(.text)
    Virtual_Com_Port_Reset                   0x0800364b   Thumb Code   212  usb_prop.o(.text)
    Virtual_Com_Port_SetConfiguration        0x0800371f   Thumb Code    14  usb_prop.o(.text)
    Virtual_Com_Port_SetDeviceAddress        0x0800372d   Thumb Code     8  usb_prop.o(.text)
    Virtual_Com_Port_Status_In               0x08003735   Thumb Code    16  usb_prop.o(.text)
    Virtual_Com_Port_Status_Out              0x08003745   Thumb Code     2  usb_prop.o(.text)
    Virtual_Com_Port_SetLineCoding           0x08003747   Thumb Code    86  usb_prop.o(.text)
    Virtual_Com_Port_GetLineCoding           0x0800379d   Thumb Code    20  usb_prop.o(.text)
    Virtual_Com_Port_Data_Setup              0x080037b1   Thumb Code    86  usb_prop.o(.text)
    Virtual_Com_Port_NoData_Setup            0x08003807   Thumb Code    36  usb_prop.o(.text)
    Virtual_Com_Port_GetDeviceDescriptor     0x0800382b   Thumb Code    14  usb_prop.o(.text)
    Virtual_Com_Port_GetConfigDescriptor     0x08003839   Thumb Code    14  usb_prop.o(.text)
    Virtual_Com_Port_GetStringDescriptor     0x08003847   Thumb Code    32  usb_prop.o(.text)
    Virtual_Com_Port_Get_Interface_Setting   0x08003867   Thumb Code    22  usb_prop.o(.text)
    PowerOn                                  0x08003895   Thumb Code   188  usb_pwr.o(.text)
    PowerOff                                 0x08003951   Thumb Code    30  usb_pwr.o(.text)
    Suspend                                  0x0800396f   Thumb Code     8  usb_pwr.o(.text)
    Resume_Init                              0x08003977   Thumb Code     2  usb_pwr.o(.text)
    Resume                                   0x08003979   Thumb Code   138  usb_pwr.o(.text)
    CM3800BInit                              0x08003a0d   Thumb Code    66  3800b.o(.text)
    CM3800BOpen                              0x08003a4f   Thumb Code    16  3800b.o(.text)
    CM3800BClose                             0x08003a5f   Thumb Code    26  3800b.o(.text)
    CM3800BScanStart                         0x08003a79   Thumb Code    14  3800b.o(.text)
    CM3800BScanStop                          0x08003a87   Thumb Code    14  3800b.o(.text)
    CM3800BAllowRead                         0x08003a95   Thumb Code     8  3800b.o(.text)
    CM3800BRead                              0x08003a9d   Thumb Code     8  3800b.o(.text)
    CM3800BRoutine                           0x08003aa5   Thumb Code     8  3800b.o(.text)
    UART1Init                                0x08003ab9   Thumb Code   212  uart1.o(.text)
    UART1AddReadISR                          0x08003b8d   Thumb Code    38  uart1.o(.text)
    UART1AddWriteISR                         0x08003bb3   Thumb Code    38  uart1.o(.text)
    UART1Open                                0x08003bd9   Thumb Code    12  uart1.o(.text)
    UART1Close                               0x08003be5   Thumb Code    28  uart1.o(.text)
    UART1Write                               0x08003c01   Thumb Code    68  uart1.o(.text)
    UART1AllowRead                           0x08003c45   Thumb Code    20  uart1.o(.text)
    UART1Read                                0x08003c59   Thumb Code    18  uart1.o(.text)
    UART1BufClear                            0x08003c6b   Thumb Code    20  uart1.o(.text)
    UART1Routine                             0x08003c7f   Thumb Code    70  uart1.o(.text)
    UART1_IRQHandler                         0x08003cc5   Thumb Code   140  uart1.o(.text)
    ascii_mbtowc                             0x08003d79   Thumb Code    24  ascii.o(.text)
    ascii_wctomb                             0x08003d91   Thumb Code    18  ascii.o(.text)
    ces_gbk_mbtowc                           0x08003da3   Thumb Code    66  ces_gbk.o(.text)
    ces_gbk_wctomb                           0x08003de5   Thumb Code    84  ces_gbk.o(.text)
    cp936_mbtowc                             0x08003e39   Thumb Code   332  cp936.o(.text)
    cp936_wctomb                             0x08003f85   Thumb Code   360  cp936.o(.text)
    cp936ext_mbtowc                          0x080040ed   Thumb Code   192  cp936ext.o(.text)
    cp936ext_wctomb                          0x080041ad   Thumb Code   140  cp936ext.o(.text)
    ExtractBit16                             0x0800423d   Thumb Code    44  encodedataextract.o(.text)
    ExtractSummary16                         0x08004269   Thumb Code    62  encodedataextract.o(.text)
    ExtractBit8                              0x080042a7   Thumb Code    20  encodedataextract.o(.text)
    gb2312_mbtowc                            0x080042c1   Thumb Code   160  gb2312.o(.text)
    gb2312_wctomb                            0x08004361   Thumb Code   364  gb2312.o(.text)
    gbk_mbtowc                               0x080044dd   Thumb Code   236  gbk.o(.text)
    gbk_wctomb                               0x080045c9   Thumb Code   280  gbk.o(.text)
    gbkext_inv_wctomb                        0x080046e1   Thumb Code   444  gbkext_inv.o(.text)
    gbkext1_mbtowc                           0x080048ad   Thumb Code   130  gbkext1.o(.text)
    gbkext2_mbtowc                           0x0800492f   Thumb Code   136  gbkext2.o(.text)
    utf8_mbtowc                              0x080049b7   Thumb Code   522  utf8.o(.text)
    utf8_wctomb                              0x08004bc1   Thumb Code   196  utf8.o(.text)
    sFLASH_Configuration                     0x08004c85   Thumb Code   200  drv_spi.o(.text)
    sFLASH_SendByte                          0x08004d4d   Thumb Code    36  drv_spi.o(.text)
    sRF_Configuration                        0x08004d71   Thumb Code    76  drv_spi.o(.text)
    sRF_SendByte                             0x08004dbd   Thumb Code   166  drv_spi.o(.text)
    UART_IRQConfig                           0x08004e71   Thumb Code    70  drv_uart.o(.text)
    UART_Configuration                       0x08004eb7   Thumb Code   334  drv_uart.o(.text)
    UART_SendByte                            0x08005005   Thumb Code    30  drv_uart.o(.text)
    UART_SendDatas                           0x08005023   Thumb Code    40  drv_uart.o(.text)
    RingBuffer_Init                          0x08005061   Thumb Code    14  ring_buffer.o(.text)
    RingBuffer_Read                          0x0800506f   Thumb Code   134  ring_buffer.o(.text)
    RingBuffer_Write                         0x080050f5   Thumb Code   134  ring_buffer.o(.text)
    RingBuffer_Clear                         0x0800517b   Thumb Code    10  ring_buffer.o(.text)
    RingBuffer_Data_Len                      0x08005185   Thumb Code     6  ring_buffer.o(.text)
    W25Qxx_ReadID                            0x0800518d   Thumb Code    74  w25qxx.o(.text)
    W25Qxx_Init                              0x080051d7   Thumb Code    12  w25qxx.o(.text)
    W25Qxx_WriteEnable                       0x080051e3   Thumb Code    26  w25qxx.o(.text)
    W25Qxx_WaitForWriteEnd                   0x080051fd   Thumb Code    46  w25qxx.o(.text)
    W25Qxx_EraseSector                       0x0800522b   Thumb Code    58  w25qxx.o(.text)
    W25Qxx_EraseBlock32K                     0x08005265   Thumb Code    58  w25qxx.o(.text)
    W25Qxx_EraseBlock64K                     0x0800529f   Thumb Code    58  w25qxx.o(.text)
    W25Qxx_EraseChip                         0x080052d9   Thumb Code    34  w25qxx.o(.text)
    W25Qxx_WritePage                         0x080052fb   Thumb Code    82  w25qxx.o(.text)
    W25Qxx_WriteBuffer                       0x0800534d   Thumb Code   290  w25qxx.o(.text)
    W25Qxx_ReadBuffer                        0x0800546f   Thumb Code    76  w25qxx.o(.text)
    rf_cmd_judge                             0x080054c1   Thumb Code   624  rf_cmd.o(.text)
    set_type_init                            0x0800578b   Thumb Code    54  rf_cmd.o(.text)
    rf_lang_get                              0x080057c1   Thumb Code    52  rf_cmd.o(.text)
    rf_host_cmd                              0x080057f5   Thumb Code    36  rf_cmd.o(.text)
    delay_1ms                                0x080058ad   Thumb Code    34  rf_hal.o(.text)
    rf_set_pipe                              0x080058e7   Thumb Code     6  rf_hal.o(.text)
    rf_set_ch                                0x08005905   Thumb Code    32  rf_hal.o(.text)
    rf_set_mac                               0x08005925   Thumb Code    12  rf_hal.o(.text)
    rf_init                                  0x08005931   Thumb Code   102  rf_hal.o(.text)
    rf_transceiver                           0x08005997   Thumb Code    84  rf_hal.o(.text)
    GetMAC2_4G                               0x080059fd   Thumb Code     4  rf_main.o(.text)
    RF_Timer                                 0x08005a01   Thumb Code   168  rf_main.o(.text)
    RF_HostTout                              0x08005aa9   Thumb Code    74  rf_main.o(.text)
    usb_tx_delay                             0x08005af3   Thumb Code    48  rf_main.o(.text)
    RF_HostTxDatas                           0x08005d7f   Thumb Code    32  rf_main.o(.text)
    getPkt_sid                               0x08005d9f   Thumb Code     6  rf_main.o(.text)
    SendCmd2_4G                              0x08005da5   Thumb Code   138  rf_main.o(.text)
    BAR_SameCheck                            0x08005e2f   Thumb Code     4  rf_main.o(.text)
    RF_PairForRx                             0x08005e33   Thumb Code   174  rf_main.o(.text)
    UTF8_ConvertGBK                          0x08005ee1   Thumb Code   178  rf_main.o(.text)
    Alipay_Ticket                            0x08005f93   Thumb Code   268  rf_main.o(.text)
    Data_Adjustment0                         0x0800609f   Thumb Code   154  rf_main.o(.text)
    RF_HostTxFunc                            0x08006139   Thumb Code   174  rf_main.o(.text)
    Wireless_Main                            0x080061e7   Thumb Code    66  rf_main.o(.text)
    xn297l_read_1byte                        0x0800628d   Thumb Code    42  xn297l.o(.text)
    xn297l_clear_tx_fifo                     0x080062f5   Thumb Code    12  xn297l.o(.text)
    xn297l_clear_rx_fifo                     0x08006301   Thumb Code    12  xn297l.o(.text)
    xn297l_set_mac                           0x08006375   Thumb Code    26  xn297l.o(.text)
    xn297l_set_channel                       0x0800638f   Thumb Code    16  xn297l.o(.text)
    xn297l_set_ce_1                          0x0800639f   Thumb Code    12  xn297l.o(.text)
    xn297l_set_ce_0                          0x080063ab   Thumb Code    12  xn297l.o(.text)
    xn297l_goto_stb1                         0x080063b7   Thumb Code    16  xn297l.o(.text)
    xn297l_goto_stb3                         0x080063c7   Thumb Code    16  xn297l.o(.text)
    xn297l_goto_sleep                        0x080063d7   Thumb Code    16  xn297l.o(.text)
    xn297l_goto_wakeup                       0x080063e7   Thumb Code    14  xn297l.o(.text)
    xn297l_goto_pd                           0x080063f5   Thumb Code    26  xn297l.o(.text)
    xn297l_init                              0x080064ad   Thumb Code   158  xn297l.o(.text)
    xn297l_transceive                        0x0800654b   Thumb Code   266  xn297l.o(.text)
    RF_Carrier                               0x08006655   Thumb Code   140  xn297l.o(.text)
    BT_Timer                                 0x08006701   Thumb Code   100  bluetooth.o(.text)
    BT_UART_Rx                               0x08006765   Thumb Code   102  bluetooth.o(.text)
    BT_Command                               0x080067cb   Thumb Code    92  bluetooth.o(.text)
    BT_PairClear                             0x08006827   Thumb Code    88  bluetooth.o(.text)
    BT_Reconnect                             0x0800687f   Thumb Code   156  bluetooth.o(.text)
    BT_Disconnect                            0x0800691b   Thumb Code    58  bluetooth.o(.text)
    BT_ConnectReq                            0x08006955   Thumb Code   150  bluetooth.o(.text)
    BT_Initial                               0x08006cd1   Thumb Code   786  bluetooth.o(.text)
    BT_TxTPDatas                             0x08006fe3   Thumb Code   112  bluetooth.o(.text)
    BT_TxHidDatas                            0x08007053   Thumb Code   230  bluetooth.o(.text)
    UART2Init                                0x0800715d   Thumb Code   208  uart2.o(.text)
    UART2AddReadISR                          0x0800722d   Thumb Code    38  uart2.o(.text)
    UART2AddWriteISR                         0x08007253   Thumb Code    38  uart2.o(.text)
    UART2Open                                0x08007279   Thumb Code    12  uart2.o(.text)
    UART2Close                               0x08007285   Thumb Code    28  uart2.o(.text)
    UART2Write                               0x080072a1   Thumb Code    68  uart2.o(.text)
    UART2AllowRead                           0x080072e5   Thumb Code    20  uart2.o(.text)
    UART2Read                                0x080072f9   Thumb Code    18  uart2.o(.text)
    UART2BufClear                            0x0800730b   Thumb Code    20  uart2.o(.text)
    UART2Routine                             0x0800731f   Thumb Code    70  uart2.o(.text)
    UART2_IRQHandler                         0x08007365   Thumb Code   140  uart2.o(.text)
    BSPRoutine                               0x08007419   Thumb Code    12  bsp.o(.text)
    BSPTimerInit                             0x08007427   Thumb Code   110  bsptimer.o(.text)
    BSPTimerIntervalCreate                   0x08007495   Thumb Code    84  bsptimer.o(.text)
    BSPTimerIntervalDestroy                  0x080074e9   Thumb Code    62  bsptimer.o(.text)
    BSPTimerOnceCreate                       0x08007527   Thumb Code    82  bsptimer.o(.text)
    BSPTimerDelay                            0x08007579   Thumb Code   124  bsptimer.o(.text)
    SysTick_Handler                          0x080075f5   Thumb Code   198  bsptimer.o(.text)
    BSPSystemInit                            0x080076dd   Thumb Code    36  bspsystem.o(.text)
    BSPSystemIntOpen                         0x08007701   Thumb Code     4  bspsystem.o(.text)
    BSPSystemIntClose                        0x08007705   Thumb Code     4  bspsystem.o(.text)
    BSPSystemReset                           0x08007709   Thumb Code    60  bspsystem.o(.text)
    BSPPowerInit                             0x08007751   Thumb Code    38  bsppower.o(.text)
    BSPPowerOn                               0x08007777   Thumb Code    12  bsppower.o(.text)
    BSPPowerOff                              0x08007783   Thumb Code    12  bsppower.o(.text)
    BSPKeyInit                               0x0800779b   Thumb Code   132  bspkey.o(.text)
    BSPKeyModeSet                            0x0800781f   Thumb Code     6  bspkey.o(.text)
    BSPKeyEnable                             0x08007825   Thumb Code     8  bspkey.o(.text)
    BSPKeyDisable                            0x0800782d   Thumb Code     8  bspkey.o(.text)
    BSPKeyAllowRead                          0x08007835   Thumb Code    20  bspkey.o(.text)
    BSPKeyRead                               0x08007849   Thumb Code    26  bspkey.o(.text)
    BSPKeyRoutine                            0x0800790d   Thumb Code    84  bspkey.o(.text)
    BSPLEDInit                               0x08007989   Thumb Code    48  bspled.o(.text)
    BSPLEDOn                                 0x080079b9   Thumb Code    22  bspled.o(.text)
    BSPLEDOff                                0x080079cf   Thumb Code    22  bspled.o(.text)
    BSPLEDFlashOn                            0x080079e5   Thumb Code    12  bspled.o(.text)
    BSPLEDFlashOff                           0x080079f1   Thumb Code    14  bspled.o(.text)
    BSPLEDFlashRoutine                       0x080079ff   Thumb Code   102  bspled.o(.text)
    BSPFlashInit                             0x08007a75   Thumb Code     8  bspflash.o(.text)
    BSPFlashOpen                             0x08007a7d   Thumb Code     8  bspflash.o(.text)
    BSPFlashClose                            0x08007a85   Thumb Code     8  bspflash.o(.text)
    BSPFlashReset                            0x08007a8d   Thumb Code     8  bspflash.o(.text)
    BSPFlashSectorErase                      0x08007a95   Thumb Code    12  bspflash.o(.text)
    BSPFlashBlockErase                       0x08007aa1   Thumb Code    12  bspflash.o(.text)
    BSPFlashClipErase                        0x08007aad   Thumb Code     8  bspflash.o(.text)
    BSPFlashPageProgram                      0x08007ab5   Thumb Code    20  bspflash.o(.text)
    BSPFlashRead                             0x08007ac9   Thumb Code    20  bspflash.o(.text)
    GetHidRxBuff                             0x08007add   Thumb Code     6  bsphid.o(.text)
    ConfigHidRxBuff                          0x08007ae3   Thumb Code     6  bsphid.o(.text)
    SetHidRxFlag                             0x08007ae9   Thumb Code     8  bsphid.o(.text)
    ClrHidRxFlag                             0x08007af1   Thumb Code     8  bsphid.o(.text)
    GetHidRxFlag                             0x08007af9   Thumb Code     6  bsphid.o(.text)
    BSPHIDInit                               0x08007aff   Thumb Code    66  bsphid.o(.text)
    USB_HP_CAN1_TX_IRQHandler                0x08007b41   Thumb Code     8  bsphid.o(.text)
    BSPHIDReport                             0x08007b83   Thumb Code   100  bsphid.o(.text)
    BSPHIDWaitOver                           0x08007be7   Thumb Code    44  bsphid.o(.text)
    BSPHIDClrResidueKey                      0x08007c13   Thumb Code    22  bsphid.o(.text)
    BSPHIDCustomReport                       0x08007c29   Thumb Code    24  bsphid.o(.text)
    BSPHIDCustomWaitOver                     0x08007c41   Thumb Code    50  bsphid.o(.text)
    BSPHIDConnet                             0x08007c73   Thumb Code    54  bsphid.o(.text)
    BSPHIDDisconnet                          0x08007ca9   Thumb Code    24  bsphid.o(.text)
    BSPHIDGetUSBConState                     0x08007cc1   Thumb Code    58  bsphid.o(.text)
    BSPCodeScannerInit                       0x08007d15   Thumb Code     8  bspcodescanner.o(.text)
    BSPCodeScannerOpen                       0x08007d1d   Thumb Code     8  bspcodescanner.o(.text)
    BSPCodeScannerClose                      0x08007d25   Thumb Code     8  bspcodescanner.o(.text)
    BSPCodeScannerScanStart                  0x08007d2d   Thumb Code     8  bspcodescanner.o(.text)
    BSPCodeScannerScanStop                   0x08007d35   Thumb Code     8  bspcodescanner.o(.text)
    BSPCodeScannerAllowRead                  0x08007d3d   Thumb Code     8  bspcodescanner.o(.text)
    BSPCodeScannerRead                       0x08007d45   Thumb Code     8  bspcodescanner.o(.text)
    BSPCodeScannerRoutine                    0x08007d4d   Thumb Code     8  bspcodescanner.o(.text)
    crc_high_first                           0x08007d55   Thumb Code    60  bspwireless.o(.text)
    checkData                                0x08007d91   Thumb Code    34  bspwireless.o(.text)
    BSPGetWireleeType                        0x08007db3   Thumb Code    34  bspwireless.o(.text)
    BSPWirelessInit                          0x08007dd5   Thumb Code    40  bspwireless.o(.text)
    BSPWirelessWriteBytes                    0x08007dfd   Thumb Code    58  bspwireless.o(.text)
    BSPWirelseeRequestMatch                  0x08007e37   Thumb Code    76  bspwireless.o(.text)
    BSPWirelessRoutine                       0x08007e83   Thumb Code    30  bspwireless.o(.text)
    BSPWirelessConfig                        0x08007ea1   Thumb Code     2  bspwireless.o(.text)
    BSPWirelessOpen                          0x08007ea3   Thumb Code     4  bspwireless.o(.text)
    BSPWirelessClose                         0x08007ea7   Thumb Code     4  bspwireless.o(.text)
    BSPWirelessReset                         0x08007eab   Thumb Code     4  bspwireless.o(.text)
    BSPWirelessConnet                        0x08007eaf   Thumb Code     4  bspwireless.o(.text)
    BSPWirelessDisconnet                     0x08007eb3   Thumb Code     4  bspwireless.o(.text)
    BSPWirelessOnline                        0x08007eb7   Thumb Code     4  bspwireless.o(.text)
    BSPWirelessBufCount                      0x08007ebb   Thumb Code     4  bspwireless.o(.text)
    BSPWirelessBufClear                      0x08007ebf   Thumb Code     2  bspwireless.o(.text)
    BSPWirelessReadByte                      0x08007ec1   Thumb Code     4  bspwireless.o(.text)
    BSPWirelessReadBytes                     0x08007ec5   Thumb Code     2  bspwireless.o(.text)
    BSPWirelessAddWriteISR                   0x08007ec7   Thumb Code     6  bspwireless.o(.text)
    BSPWirelessAddReadISR                    0x08007ecd   Thumb Code     6  bspwireless.o(.text)
    BSPWatchDogInit                          0x08007f21   Thumb Code   140  bspwatchdog.o(.text)
    BSPWatchDogReset                         0x08007fad   Thumb Code     8  bspwatchdog.o(.text)
    BSPSoundInit                             0x08007fb5   Thumb Code   288  bspsound.o(.text)
    BSPSoundPlay                             0x08008155   Thumb Code   118  bspsound.o(.text)
    BSPSoundStop                             0x080081cb   Thumb Code    46  bspsound.o(.text)
    TIM2_IRQHandler                          0x080081f9   Thumb Code    74  bspsound.o(.text)
    BSPEEPROMInit                            0x0800826d   Thumb Code    78  bspeeprom.o(.text)
    BSPEEPROMRead                            0x08008385   Thumb Code    52  bspeeprom.o(.text)
    BSPEEPROMReadBytes                       0x080083b9   Thumb Code    34  bspeeprom.o(.text)
    BSPEEPROMWrite                           0x080083db   Thumb Code   280  bspeeprom.o(.text)
    BSPEEPROMFormat                          0x080084f3   Thumb Code    68  bspeeprom.o(.text)
    BSPEEPROMDelete                          0x08008537   Thumb Code   164  bspeeprom.o(.text)
    IsTestOver                               0x0800863b   Thumb Code    44  main.o(.text)
    IsRequestMatch                           0x08008667   Thumb Code    44  main.o(.text)
    IsDataCorrect                            0x08008693   Thumb Code    54  main.o(.text)
    RequestMatch                             0x080086f1   Thumb Code    76  main.o(.text)
    test                                     0x0800873d   Thumb Code   232  main.o(.text)
    xxxxxtest                                0x08008825   Thumb Code    50  main.o(.text)
    main                                     0x08008979   Thumb Code   234  main.o(.text)
    NMI_Handler                              0x08008a6d   Thumb Code     2  mm32f10x_it.o(.text)
    HardFault_Handler                        0x08008a6f   Thumb Code     4  mm32f10x_it.o(.text)
    MemManage_Handler                        0x08008a73   Thumb Code     4  mm32f10x_it.o(.text)
    BusFault_Handler                         0x08008a77   Thumb Code     4  mm32f10x_it.o(.text)
    UsageFault_Handler                       0x08008a7b   Thumb Code     4  mm32f10x_it.o(.text)
    SVC_Handler                              0x08008a7f   Thumb Code     2  mm32f10x_it.o(.text)
    DebugMon_Handler                         0x08008a81   Thumb Code     2  mm32f10x_it.o(.text)
    PendSV_Handler                           0x08008a83   Thumb Code     2  mm32f10x_it.o(.text)
    __aeabi_memcpy                           0x08008a85   Thumb Code    36  memcpya.o(.text)
    __aeabi_memcpy4                          0x08008a85   Thumb Code     0  memcpya.o(.text)
    __aeabi_memcpy8                          0x08008a85   Thumb Code     0  memcpya.o(.text)
    __aeabi_memset                           0x08008aa9   Thumb Code    14  memseta.o(.text)
    __aeabi_memset4                          0x08008aa9   Thumb Code     0  memseta.o(.text)
    __aeabi_memset8                          0x08008aa9   Thumb Code     0  memseta.o(.text)
    __aeabi_memclr                           0x08008ab7   Thumb Code     4  memseta.o(.text)
    __aeabi_memclr4                          0x08008ab7   Thumb Code     0  memseta.o(.text)
    __aeabi_memclr8                          0x08008ab7   Thumb Code     0  memseta.o(.text)
    _memset$wrapper                          0x08008abb   Thumb Code    18  memseta.o(.text)
    strlen                                   0x08008acd   Thumb Code    14  strlen.o(.text)
    memcmp                                   0x08008adb   Thumb Code    26  memcmp.o(.text)
    __aeabi_ddiv                             0x08008af5   Thumb Code   222  ddiv.o(.text)
    __aeabi_ui2d                             0x08008bd3   Thumb Code    26  dfltui.o(.text)
    __aeabi_d2uiz                            0x08008bed   Thumb Code    50  dfixui.o(.text)
    __aeabi_llsr                             0x08008c1f   Thumb Code    32  llushr.o(.text)
    _ll_ushift_r                             0x08008c1f   Thumb Code     0  llushr.o(.text)
    __I$use$fp                               0x08008c3f   Thumb Code     0  iusefp.o(.text)
    _double_round                            0x08008c3f   Thumb Code    30  depilogue.o(.text)
    _double_epilogue                         0x08008c5d   Thumb Code   156  depilogue.o(.text)
    __scatterload                            0x08008cf9   Thumb Code    28  init.o(.text)
    __scatterload_rt2                        0x08008cf9   Thumb Code     0  init.o(.text)
    __aeabi_llsl                             0x08008d1d   Thumb Code    30  llshl.o(.text)
    _ll_shift_l                              0x08008d1d   Thumb Code     0  llshl.o(.text)
    __decompress                             0x08008d3b   Thumb Code     0  __dczerorl2.o(.text)
    __decompress1                            0x08008d3b   Thumb Code    86  __dczerorl2.o(.text)
    FIFOCallbackWrite                        0x08008d91   Thumb Code    24  fifo.o(i.FIFOCallbackWrite)
    FIFOClear                                0x08008da9   Thumb Code    34  fifo.o(i.FIFOClear)
    FIFOCount                                0x08008dcb   Thumb Code    26  fifo.o(i.FIFOCount)
    FIFOCreate                               0x08008de5   Thumb Code    80  fifo.o(i.FIFOCreate)
    FIFOPop                                  0x08008e35   Thumb Code    68  fifo.o(i.FIFOPop)
    FIFOPush                                 0x08008e79   Thumb Code    68  fifo.o(i.FIFOPush)
    __0sprintf$2                             0x08008ebd   Thumb Code    34  printf2.o(i.__0sprintf$2)
    __1sprintf$2                             0x08008ebd   Thumb Code     0  printf2.o(i.__0sprintf$2)
    __2sprintf                               0x08008ebd   Thumb Code     0  printf2.o(i.__0sprintf$2)
    __scatterload_copy                       0x08008ee5   Thumb Code    14  handlers.o(i.__scatterload_copy)
    __scatterload_null                       0x08008ef3   Thumb Code     2  handlers.o(i.__scatterload_null)
    __scatterload_zeroinit                   0x08008ef5   Thumb Code    14  handlers.o(i.__scatterload_zeroinit)
    free                                     0x08008fe5   Thumb Code    76  malloc.o(i.free)
    malloc                                   0x08009035   Thumb Code    92  malloc.o(i.malloc)
    CustomHID_DeviceDescriptor               0x080090a0   Data          18  usb_desc.o(.constdata)
    CustomHID_ReportKDescriptor              0x080090b2   Data          65  usb_desc.o(.constdata)
    CustomHID_ReportCDescriptor              0x080090f3   Data          33  usb_desc.o(.constdata)
    CustomHID_StringLangID                   0x08009114   Data           4  usb_desc.o(.constdata)
    CustomHID_StringVendor                   0x08009118   Data          32  usb_desc.o(.constdata)
    CustomHID_StringProduct                  0x08009138   Data          38  usb_desc.o(.constdata)
    Virtual_Com_Port_DeviceDescriptor        0x0800915e   Data          18  usb_desc.o(.constdata)
    Virtual_Com_Port_ConfigDescriptor        0x08009170   Data          67  usb_desc.o(.constdata)
    Virtual_Com_Port_StringLangID            0x080091b3   Data           4  usb_desc.o(.constdata)
    Virtual_Com_Port_StringVendor            0x080091b7   Data          32  usb_desc.o(.constdata)
    Virtual_Com_Port_StringProduct           0x080091d7   Data          42  usb_desc.o(.constdata)
    one_key_pair                             0x08009202   Data           8  rf_cmd.o(.constdata)
    user_id_set                              0x0800920a   Data           8  rf_cmd.o(.constdata)
    user_id_on                               0x08009212   Data           8  rf_cmd.o(.constdata)
    user_id_off                              0x0800921a   Data           8  rf_cmd.o(.constdata)
    set_para_x                               0x08009222   Data           7  rf_cmd.o(.constdata)
    set_para_0                               0x08009229   Data           8  rf_cmd.o(.constdata)
    set_para_1                               0x08009231   Data           8  rf_cmd.o(.constdata)
    set_para_2                               0x08009239   Data           8  rf_cmd.o(.constdata)
    set_para_3                               0x08009241   Data           8  rf_cmd.o(.constdata)
    set_para_4                               0x08009249   Data           8  rf_cmd.o(.constdata)
    set_para_5                               0x08009251   Data           8  rf_cmd.o(.constdata)
    set_para_6                               0x08009259   Data           8  rf_cmd.o(.constdata)
    set_para_7                               0x08009261   Data           8  rf_cmd.o(.constdata)
    set_para_8                               0x08009269   Data           8  rf_cmd.o(.constdata)
    set_para_9                               0x08009271   Data           8  rf_cmd.o(.constdata)
    sleep_tim_set                            0x08009279   Data          11  rf_cmd.o(.constdata)
    sleep_tim_dis                            0x08009284   Data          11  rf_cmd.o(.constdata)
    sleep_tim_0x                             0x0800928f   Data           9  rf_cmd.o(.constdata)
    sleep_tim_00                             0x08009298   Data          10  rf_cmd.o(.constdata)
    sleep_tim_01                             0x080092a2   Data          10  rf_cmd.o(.constdata)
    sleep_tim_02                             0x080092ac   Data          10  rf_cmd.o(.constdata)
    sleep_tim_03                             0x080092b6   Data          10  rf_cmd.o(.constdata)
    sleep_tim_04                             0x080092c0   Data          10  rf_cmd.o(.constdata)
    sleep_tim_05                             0x080092ca   Data          10  rf_cmd.o(.constdata)
    sleep_tim_06                             0x080092d4   Data          10  rf_cmd.o(.constdata)
    normal_mode                              0x080092de   Data          11  rf_cmd.o(.constdata)
    store_mode                               0x080092e9   Data          12  rf_cmd.o(.constdata)
    unlost_mode                              0x080092f5   Data          12  rf_cmd.o(.constdata)
    upload_data                              0x08009301   Data          11  rf_cmd.o(.constdata)
    total_count                              0x0800930c   Data          11  rf_cmd.o(.constdata)
    clear_data                               0x08009317   Data          11  rf_cmd.o(.constdata)
    language_en                              0x08009322   Data           4  rf_cmd.o(.constdata)
    language_ge                              0x08009326   Data           4  rf_cmd.o(.constdata)
    language_fr                              0x0800932a   Data           4  rf_cmd.o(.constdata)
    language_it                              0x0800932e   Data           4  rf_cmd.o(.constdata)
    language_fi                              0x08009332   Data           4  rf_cmd.o(.constdata)
    language_es                              0x08009336   Data           4  rf_cmd.o(.constdata)
    language_pt                              0x0800933a   Data           4  rf_cmd.o(.constdata)
    language_nw                              0x0800933e   Data           4  rf_cmd.o(.constdata)
    language_ru                              0x08009342   Data           4  rf_cmd.o(.constdata)
    language_tk                              0x08009346   Data           4  rf_cmd.o(.constdata)
    buzzer_open1                             0x0800934a   Data           9  rf_cmd.o(.constdata)
    buzzer_close1                            0x08009353   Data          10  rf_cmd.o(.constdata)
    buzzer_open2                             0x0800935d   Data           9  rf_cmd.o(.constdata)
    buzzer_close2                            0x08009366   Data          10  rf_cmd.o(.constdata)
    bat_volume                               0x08009370   Data           6  rf_cmd.o(.constdata)
    power_off                                0x08009376   Data          10  rf_cmd.o(.constdata)
    software_ver                             0x08009380   Data           9  rf_cmd.o(.constdata)
    hardware_ver                             0x08009389   Data          11  rf_cmd.o(.constdata)
    factory_rst                              0x08009394   Data           9  rf_cmd.o(.constdata)
    ticket_off                               0x0800939d   Data           9  rf_cmd.o(.constdata)
    ticket_on                                0x080093a6   Data           9  rf_cmd.o(.constdata)
    sleep_tbl                                0x080093b0   Data          16  rf_cmd.o(.constdata)
    rf_ack                                   0x080093c0   Data          16  rf_hal.o(.constdata)
    rf_ch_list                               0x080093d0   Data          78  rf_hal.o(.constdata)
    rf_def_para                              0x0800941e   Data           5  xn297l.o(.constdata)
    xn297l_init_seq                          0x08009423   Data          80  xn297l.o(.constdata)
    Region$$Table$$Base                      0x0800978c   Number         0  anon$$obj.o(Region$$Table)
    Region$$Table$$Limit                     0x080097ac   Number         0  anon$$obj.o(Region$$Table)
    SystemCoreClock                          0x20000000   Data           4  system_mm32f103.o(.data)
    AHBPrescTable                            0x20000004   Data          16  system_mm32f103.o(.data)
    StatusInfo                               0x20000028   Data           2  usb_core.o(.data)
    Data_Mul_MaxPacketSize                   0x2000002a   Data           1  usb_core.o(.data)
    EPindex                                  0x2000002c   Data           1  usb_init.o(.data)
    dev_type                                 0x2000002d   Data           1  usb_init.o(.data)
    pInformation                             0x20000030   Data           4  usb_init.o(.data)
    pProperty                                0x20000034   Data           4  usb_init.o(.data)
    SaveState                                0x20000038   Data           2  usb_init.o(.data)
    wInterrupt_Mask                          0x2000003a   Data           2  usb_init.o(.data)
    pUser_Standard_Requests                  0x2000003c   Data           4  usb_init.o(.data)
    CustomHID_ConfigDescriptor               0x20000040   Data          66  usb_desc.o(.data)
    CustomHID_StringSerial                   0x20000082   Data          34  usb_desc.o(.data)
    Virtual_Com_Port_StringSerial            0x200000a4   Data          34  usb_desc.o(.data)
    PrevEp1XferComplete                      0x200000c6   Data           1  usb_endp.o(.data)
    PrevEp2XferComplete                      0x200000c7   Data           1  usb_endp.o(.data)
    wIstr                                    0x200000c8   Data           2  usb_istr.o(.data)
    bIntPackSOF                              0x200000ca   Data           1  usb_istr.o(.data)
    pEpInt_IN                                0x200000cc   Data          28  usb_istr.o(.data)
    pEpInt_OUT                               0x200000e8   Data          28  usb_istr.o(.data)
    ProtocolValue                            0x20000104   Data           4  usb_prop.o(.data)
    Report_Ptr                               0x20000108   Data           2  usb_prop.o(.data)
    IdleRate                                 0x2000010a   Data           2  usb_prop.o(.data)
    Request                                  0x2000010c   Data           1  usb_prop.o(.data)
    linecoding                               0x20000110   Data           8  usb_prop.o(.data)
    Device_Table                             0x20000118   Data           4  usb_prop.o(.data)
    Device_Property                          0x2000011c   Data          96  usb_prop.o(.data)
    User_Standard_Requests                   0x2000017c   Data          72  usb_prop.o(.data)
    Device_Descriptor                        0x200001c4   Data          16  usb_prop.o(.data)
    Config_Descriptor                        0x200001d4   Data          16  usb_prop.o(.data)
    CustomHID_Report_Descriptor              0x200001e4   Data          16  usb_prop.o(.data)
    CustomHID_Hid_Descriptor                 0x200001f4   Data          16  usb_prop.o(.data)
    String_Descriptor                        0x20000204   Data          64  usb_prop.o(.data)
    bDeviceState                             0x20000244   Data           4  usb_pwr.o(.data)
    fSuspendEnabled                          0x20000248   Data           1  usb_pwr.o(.data)
    ResumeS                                  0x20000249   Data           2  usb_pwr.o(.data)
    SW_VERSION                               0x200002a0   Data           4  rf_cmd.o(.data)
    set                                      0x200002a4   Data           9  rf_cmd.o(.data)
    pid_mask                                 0x200002b4   Data           1  rf_main.o(.data)
    xn297l                                   0x200002b7   Data           8  xn297l.o(.data)
    delay_tick                               0x200002bf   Data           1  xn297l.o(.data)
    bt_mac                                   0x200002c0   Data          12  bluetooth.o(.data)
    bt_mac_get                               0x200002cc   Data           4  bluetooth.o(.data)
    bt_name_get                              0x200002d0   Data           4  bluetooth.o(.data)
    bt_name_resp                             0x200002d4   Data           4  bluetooth.o(.data)
    bt_name_set                              0x200002d8   Data           4  bluetooth.o(.data)
    bt_mode_get                              0x200002dc   Data           4  bluetooth.o(.data)
    bt_mode_resp1                            0x200002e0   Data           4  bluetooth.o(.data)
    bt_mode_set1                             0x200002e4   Data           4  bluetooth.o(.data)
    bt_mode_resp2                            0x200002e8   Data           4  bluetooth.o(.data)
    bt_mode_set2                             0x200002ec   Data           4  bluetooth.o(.data)
    bt_piocfg_get                            0x200002f0   Data           4  bluetooth.o(.data)
    bt_piocfg_resp                           0x200002f4   Data           4  bluetooth.o(.data)
    bt_piocfg_set                            0x200002f8   Data           4  bluetooth.o(.data)
    bt_hiddly_get                            0x200002fc   Data           4  bluetooth.o(.data)
    bt_hiddly_resp                           0x20000300   Data           4  bluetooth.o(.data)
    bt_hiddly_set                            0x20000304   Data           4  bluetooth.o(.data)
    bt_tp_get                                0x20000308   Data           4  bluetooth.o(.data)
    bt_tp_resp                               0x2000030c   Data           4  bluetooth.o(.data)
    bt_tp_set                                0x20000310   Data           4  bluetooth.o(.data)
    bt_disc_cmd                              0x20000314   Data           4  bluetooth.o(.data)
    bt_resp_ok                               0x20000318   Data           4  bluetooth.o(.data)
    bt_send_ok                               0x2000031c   Data           4  bluetooth.o(.data)
    bt_hid_send                              0x20000320   Data           4  bluetooth.o(.data)
    bt_pair_clr                              0x20000324   Data           4  bluetooth.o(.data)
    bt_hid_rec                               0x20000328   Data           4  bluetooth.o(.data)
    bt_hid_conn                              0x2000032c   Data          26  bluetooth.o(.data)
    bt_spp_rec                               0x20000348   Data           4  bluetooth.o(.data)
    bt_spp_conn                              0x2000034c   Data          26  bluetooth.o(.data)
    bt_uart_test                             0x20000368   Data           4  bluetooth.o(.data)
    bt_hsm_set                               0x2000036c   Data           4  bluetooth.o(.data)
    bt_baud_set                              0x20000370   Data           4  bluetooth.o(.data)
    bt_restore                               0x20000374   Data           4  bluetooth.o(.data)
    pktCmdUpload                             0x20000461   Data           4  bspwireless.o(.data)
    TestString                               0x20000466   Data          33  bspwireless.o(.data)
    xxx                                      0x200004b4   Data          63  main.o(.data)
    __microlib_freelist                      0x200004f8   Data           4  mvars.o(.data)
    __microlib_freelist_initialised          0x200004fc   Data           4  mvars.o(.data)
    Device_Info                              0x20000500   Data          28  usb_init.o(.bss)
    usb_report                               0x2000051c   Data          12  usb_iap.o(.bss)
    Report_Buf                               0x20000528   Data         256  usb_prop.o(.bss)
    uart                                     0x20000628   Data        2126  rf_main.o(.bss)
    rf_host                                  0x20000e78   Data        1168  rf_main.o(.bss)
    uart_ring                                0x20001308   Data          12  rf_main.o(.bss)
    uart_buffer                              0x20001314   Data        1024  rf_main.o(.bss)
    bt                                       0x20001714   Data         138  bluetooth.o(.bss)
    __heap_base                              0x20001a70   Data           0  startup_mm32f103.o(HEAP)
    __heap_limit                             0x20002a70   Data           0  startup_mm32f103.o(HEAP)
    __initial_sp                             0x20002e70   Data           0  startup_mm32f103.o(STACK)



==============================================================================

Memory Map of the image

  Image Entry point : 0x080000ed

  Load Region LR_IROM1 (Base: 0x08000000, Size: 0x00009cac, Max: 0x00010000, ABSOLUTE, COMPRESSED[0x000099e0])

    Execution Region ER_IROM1 (Base: 0x08000000, Size: 0x000097ac, Max: 0x00010000, ABSOLUTE)

    Base Addr    Size         Type   Attr      Idx    E Section Name        Object

    0x08000000   0x000000ec   Data   RO            3    RESET               startup_mm32f103.o
    0x080000ec   0x00000000   Code   RO         2372  * .ARM.Collect$$$$00000000  mc_w.l(entry.o)
    0x080000ec   0x00000004   Code   RO         2684    .ARM.Collect$$$$00000001  mc_w.l(entry2.o)
    0x080000f0   0x00000004   Code   RO         2687    .ARM.Collect$$$$00000004  mc_w.l(entry5.o)
    0x080000f4   0x00000000   Code   RO         2689    .ARM.Collect$$$$00000008  mc_w.l(entry7b.o)
    0x080000f4   0x00000000   Code   RO         2691    .ARM.Collect$$$$0000000A  mc_w.l(entry8b.o)
    0x080000f4   0x00000008   Code   RO         2692    .ARM.Collect$$$$0000000B  mc_w.l(entry9a.o)
    0x080000fc   0x00000000   Code   RO         2694    .ARM.Collect$$$$0000000D  mc_w.l(entry10a.o)
    0x080000fc   0x00000000   Code   RO         2696    .ARM.Collect$$$$0000000F  mc_w.l(entry11a.o)
    0x080000fc   0x00000004   Code   RO         2685    .ARM.Collect$$$$00002712  mc_w.l(entry2.o)
    0x08000100   0x00000024   Code   RO            4    .text               startup_mm32f103.o
    0x08000124   0x00000174   Code   RO           13    .text               system_mm32f103.o
    0x08000298   0x0000015c   Code   RO          226    .text               hal_dac.o
    0x080003f4   0x00000538   Code   RO          298    .text               hal_flash.o
    0x0800092c   0x000002d0   Code   RO          322    .text               hal_gpio.o
    0x08000bfc   0x00000040   Code   RO          373    .text               hal_iwdg.o
    0x08000c3c   0x000000e8   Code   RO          397    .text               hal_misc.o
    0x08000d24   0x00000548   Code   RO          445    .text               hal_rcc.o
    0x0800126c   0x00000288   Code   RO          495    .text               hal_spi.o
    0x080014f4   0x00000b30   Code   RO          519    .text               hal_tim.o
    0x08002024   0x0000015c   Code   RO          543    .text               hal_uart.o
    0x08002180   0x00000990   Code   RO          591    .text               usb_core.o
    0x08002b10   0x00000060   Code   RO          648    .text               usb_init.o
    0x08002b70   0x000000ec   Code   RO          683    .text               usb_int.o
    0x08002c5c   0x00000058   Code   RO          708    .text               usb_mem.o
    0x08002cb4   0x000003c8   Code   RO          756    .text               w25q16.o
    0x0800307c   0x00000150   Code   RO          852    .text               hw_config.o
    0x080031cc   0x00000064   Code   RO          923    .text               usb_endp.o
    0x08003230   0x000000a4   Code   RO          954    .text               usb_iap.o
    0x080032d4   0x00000090   Code   RO          988    .text               usb_istr.o
    0x08003364   0x00000530   Code   RO         1021    .text               usb_prop.o
    0x08003894   0x00000178   Code   RO         1060    .text               usb_pwr.o
    0x08003a0c   0x000000a4   Code   RO         1090    .text               3800b.o
    0x08003ab0   0x000002c8   Code   RO         1120    .text               uart1.o
    0x08003d78   0x0000002a   Code   RO         1149    .text               ascii.o
    0x08003da2   0x00000096   Code   RO         1170    .text               ces_gbk.o
    0x08003e38   0x000002b4   Code   RO         1233    .text               cp936.o
    0x080040ec   0x00000150   Code   RO         1272    .text               cp936ext.o
    0x0800423c   0x00000084   Code   RO         1296    .text               encodedataextract.o
    0x080042c0   0x0000021c   Code   RO         1321    .text               gb2312.o
    0x080044dc   0x00000204   Code   RO         1348    .text               gbk.o
    0x080046e0   0x000001cc   Code   RO         1372    .text               gbkext_inv.o
    0x080048ac   0x00000082   Code   RO         1396    .text               gbkext1.o
    0x0800492e   0x00000088   Code   RO         1420    .text               gbkext2.o
    0x080049b6   0x000002ce   Code   RO         1441    .text               utf8.o
    0x08004c84   0x000001ec   Code   RO         1486    .text               drv_spi.o
    0x08004e70   0x000001f0   Code   RO         1510    .text               drv_uart.o
    0x08005060   0x0000012a   Code   RO         1541    .text               ring_buffer.o
    0x0800518a   0x00000002   PAD
    0x0800518c   0x00000334   Code   RO         1559    .text               w25qxx.o
    0x080054c0   0x000003ec   Code   RO         1583    .text               rf_cmd.o
    0x080058ac   0x00000150   Code   RO         1688    .text               rf_hal.o
    0x080059fc   0x0000082c   Code   RO         1729    .text               rf_main.o
    0x08006228   0x000004d8   Code   RO         1760    .text               xn297l.o
    0x08006700   0x00000a54   Code   RO         1791    .text               bluetooth.o
    0x08007154   0x000002c4   Code   RO         1823    .text               uart2.o
    0x08007418   0x0000000c   Code   RO         1849    .text               bsp.o
    0x08007424   0x000002b8   Code   RO         1873    .text               bsptimer.o
    0x080076dc   0x00000074   Code   RO         1903    .text               bspsystem.o
    0x08007750   0x00000044   Code   RO         1931    .text               bsppower.o
    0x08007794   0x000001f4   Code   RO         1955    .text               bspkey.o
    0x08007988   0x000000ec   Code   RO         1981    .text               bspled.o
    0x08007a74   0x00000068   Code   RO         2007    .text               bspflash.o
    0x08007adc   0x00000238   Code   RO         2031    .text               bsphid.o
    0x08007d14   0x00000040   Code   RO         2057    .text               bspcodescanner.o
    0x08007d54   0x000001a4   Code   RO         2084    .text               bspwireless.o
    0x08007ef8   0x000000bc   Code   RO         2135    .text               bspwatchdog.o
    0x08007fb4   0x000002b8   Code   RO         2159    .text               bspsound.o
    0x0800826c   0x00000380   Code   RO         2185    .text               bspeeprom.o
    0x080085ec   0x00000480   Code   RO         2253    .text               main.o
    0x08008a6c   0x00000018   Code   RO         2302    .text               mm32f10x_it.o
    0x08008a84   0x00000024   Code   RO         2377    .text               mc_w.l(memcpya.o)
    0x08008aa8   0x00000024   Code   RO         2379    .text               mc_w.l(memseta.o)
    0x08008acc   0x0000000e   Code   RO         2381    .text               mc_w.l(strlen.o)
    0x08008ada   0x0000001a   Code   RO         2383    .text               mc_w.l(memcmp.o)
    0x08008af4   0x000000de   Code   RO         2678    .text               mf_w.l(ddiv.o)
    0x08008bd2   0x0000001a   Code   RO         2680    .text               mf_w.l(dfltui.o)
    0x08008bec   0x00000032   Code   RO         2682    .text               mf_w.l(dfixui.o)
    0x08008c1e   0x00000020   Code   RO         2705    .text               mc_w.l(llushr.o)
    0x08008c3e   0x00000000   Code   RO         2709    .text               mc_w.l(iusefp.o)
    0x08008c3e   0x000000ba   Code   RO         2710    .text               mf_w.l(depilogue.o)
    0x08008cf8   0x00000024   Code   RO         2720    .text               mc_w.l(init.o)
    0x08008d1c   0x0000001e   Code   RO         2723    .text               mc_w.l(llshl.o)
    0x08008d3a   0x00000056   Code   RO         2736    .text               mc_w.l(__dczerorl2.o)
    0x08008d90   0x00000018   Code   RO         2354    i.FIFOCallbackWrite  FIFO.lib(fifo.o)
    0x08008da8   0x00000022   Code   RO         2355    i.FIFOClear         FIFO.lib(fifo.o)
    0x08008dca   0x0000001a   Code   RO         2356    i.FIFOCount         FIFO.lib(fifo.o)
    0x08008de4   0x00000050   Code   RO         2357    i.FIFOCreate        FIFO.lib(fifo.o)
    0x08008e34   0x00000044   Code   RO         2360    i.FIFOPop           FIFO.lib(fifo.o)
    0x08008e78   0x00000044   Code   RO         2361    i.FIFOPush          FIFO.lib(fifo.o)
    0x08008ebc   0x00000028   Code   RO         2458    i.__0sprintf$2      mc_w.l(printf2.o)
    0x08008ee4   0x0000000e   Code   RO         2730    i.__scatterload_copy  mc_w.l(handlers.o)
    0x08008ef2   0x00000002   Code   RO         2731    i.__scatterload_null  mc_w.l(handlers.o)
    0x08008ef4   0x0000000e   Code   RO         2732    i.__scatterload_zeroinit  mc_w.l(handlers.o)
    0x08008f02   0x000000d6   Code   RO         2463    i._printf_core      mc_w.l(printf2.o)
    0x08008fd8   0x0000000a   Code   RO         2465    i._sputc            mc_w.l(printf2.o)
    0x08008fe2   0x00000002   PAD
    0x08008fe4   0x00000050   Code   RO         2650    i.free              mc_w.l(malloc.o)
    0x08009034   0x0000006c   Code   RO         2651    i.malloc            mc_w.l(malloc.o)
    0x080090a0   0x00000161   Data   RO          887    .constdata          usb_desc.o
    0x08009201   0x00000001   PAD
    0x08009202   0x000001be   Data   RO         1584    .constdata          rf_cmd.o
    0x080093c0   0x0000005e   Data   RO         1689    .constdata          rf_hal.o
    0x0800941e   0x00000055   Data   RO         1761    .constdata          xn297l.o
    0x08009473   0x00000001   PAD
    0x08009474   0x0000001c   Data   RO         1585    .conststring        rf_cmd.o
    0x08009490   0x000001cc   Data   RO         1793    .conststring        bluetooth.o
    0x0800965c   0x0000012f   Data   RO         2255    .conststring        main.o
    0x0800978b   0x00000001   PAD
    0x0800978c   0x00000020   Data   RO         2728    Region$$Table       anon$$obj.o


    Execution Region RW_IRAM1 (Base: 0x20000000, Size: 0x00002e70, Max: 0x00005000, ABSOLUTE, COMPRESSED[0x00000234])

    Base Addr    Size         Type   Attr      Idx    E Section Name        Object

    0x20000000   0x00000014   Data   RW           14    .data               system_mm32f103.o
    0x20000014   0x00000014   Data   RW          446    .data               hal_rcc.o
    0x20000028   0x00000003   Data   RW          592    .data               usb_core.o
    0x2000002b   0x00000001   PAD
    0x2000002c   0x00000014   Data   RW          650    .data               usb_init.o
    0x20000040   0x00000086   Data   RW          888    .data               usb_desc.o
    0x200000c6   0x00000002   Data   RW          924    .data               usb_endp.o
    0x200000c8   0x0000003c   Data   RW          989    .data               usb_istr.o
    0x20000104   0x00000140   Data   RW         1023    .data               usb_prop.o
    0x20000244   0x00000007   Data   RW         1061    .data               usb_pwr.o
    0x2000024b   0x00000001   PAD
    0x2000024c   0x0000004e   Data   RW         1121    .data               uart1.o
    0x2000029a   0x00000004   Data   RW         1297    .data               encodedataextract.o
    0x2000029e   0x00000002   PAD
    0x200002a0   0x0000000d   Data   RW         1586    .data               rf_cmd.o
    0x200002ad   0x00000003   PAD
    0x200002b0   0x00000007   Data   RW         1731    .data               rf_main.o
    0x200002b7   0x00000009   Data   RW         1762    .data               xn297l.o
    0x200002c0   0x000000b8   Data   RW         1794    .data               bluetooth.o
    0x20000378   0x0000004e   Data   RW         1824    .data               uart2.o
    0x200003c6   0x00000002   PAD
    0x200003c8   0x00000078   Data   RW         1874    .data               bsptimer.o
    0x20000440   0x00000015   Data   RW         1956    .data               bspkey.o
    0x20000455   0x00000001   PAD
    0x20000456   0x00000006   Data   RW         1982    .data               bspled.o
    0x2000045c   0x00000005   Data   RW         2032    .data               bsphid.o
    0x20000461   0x00000026   Data   RW         2085    .data               bspwireless.o
    0x20000487   0x00000001   PAD
    0x20000488   0x00000016   Data   RW         2160    .data               bspsound.o
    0x2000049e   0x00000002   PAD
    0x200004a0   0x00000007   Data   RW         2186    .data               bspeeprom.o
    0x200004a7   0x00000001   PAD
    0x200004a8   0x0000004e   Data   RW         2256    .data               main.o
    0x200004f6   0x00000002   PAD
    0x200004f8   0x00000004   Data   RW         2707    .data               mc_w.l(mvars.o)
    0x200004fc   0x00000004   Data   RW         2708    .data               mc_w.l(mvars.o)
    0x20000500   0x0000001c   Zero   RW          649    .bss                usb_init.o
    0x2000051c   0x0000000c   Zero   RW          955    .bss                usb_iap.o
    0x20000528   0x00000100   Zero   RW         1022    .bss                usb_prop.o
    0x20000628   0x000010ec   Zero   RW         1730    .bss                rf_main.o
    0x20001714   0x0000008a   Zero   RW         1792    .bss                bluetooth.o
    0x2000179e   0x000002d2   Zero   RW         2254    .bss                main.o
    0x20001a70   0x00001000   Zero   RW            2    HEAP                startup_mm32f103.o
    0x20002a70   0x00000400   Zero   RW            1    STACK               startup_mm32f103.o


==============================================================================

Image component sizes


      Code (inc. data)   RO Data    RW Data    ZI Data      Debug   Object Name

       164          4          0          0          0       1796   3800b.o
        42          0          0          0          0       3080   ascii.o
      2644        228        460        184        138       7479   bluetooth.o
        12          0          0          0          0        457   bsp.o
        64          0          0          0          0       1476   bspcodescanner.o
       896         18          0          7          0       4772   bspeeprom.o
       104          0          0          0          0       2298   bspflash.o
       568         26          0          5          0       4269   bsphid.o
       500         40          0         21          0       3323   bspkey.o
       236         16          0          6          0       2348   bspled.o
        68          6          0          0          0        738   bsppower.o
       696         42          0         22          0       2065   bspsound.o
       116         12          0          0          0      23213   bspsystem.o
       696         34          0        120          0      25394   bsptimer.o
       188          8          0          0          0        987   bspwatchdog.o
       420         38          0         38          0       5551   bspwireless.o
       150          0          0          0          0       3352   ces_gbk.o
       692          0          0          0          0       2524   cp936.o
       336          4          0          0          0       1942   cp936ext.o
       492         14          0          0          0       1430   drv_spi.o
       496         22          0          0          0       2829   drv_uart.o
       132          6          0          4          0       1568   encodedataextract.o
       540         16          0          0          0       2154   gb2312.o
       516          0          0          0          0       2132   gbk.o
       130          0          0          0          0       1477   gbkext1.o
       136          0          0          0          0       1477   gbkext2.o
       460         16          0          0          0       1640   gbkext_inv.o
       348         10          0          0          0       3810   hal_dac.o
      1336         34          0          0          0       7558   hal_flash.o
       720         14          0          0          0       5427   hal_gpio.o
        64          6          0          0          0       1369   hal_iwdg.o
       232         20          0          0          0       2029   hal_misc.o
      1352         52          0         20          0       9746   hal_rcc.o
       648          6          0          0          0       5354   hal_spi.o
      2864         10          0          0          0      24832   hal_tim.o
       348         10          0          0          0       3764   hal_uart.o
       336         30          0          0          0       2485   hw_config.o
      1152         86        303         78        722       4233   main.o
        24          0          0          0          0       1154   mm32f10x_it.o
      1004        158        474         13          0       8641   rf_cmd.o
       336         18         94          0          0       2760   rf_hal.o
      2092         76          0          7       4332       7913   rf_main.o
       298          0          0          0          0       2780   ring_buffer.o
        36          8        236          0       5120        864   startup_mm32f103.o
       372         26          0         20          0     171901   system_mm32f103.o
       712         40          0         78          0       3690   uart1.o
       708         40          0         78          0       3710   uart2.o
      2448         74          0          3          0      10669   usb_core.o
         0          0        353        134          0       1782   usb_desc.o
       100         18          0          2          0       1806   usb_endp.o
       164          6          0          0         12       3275   usb_iap.o
        96         30          0         20         28       4553   usb_init.o
       236         26          0          0          0        944   usb_int.o
       144         22          0         60          0       1396   usb_istr.o
        88          8          0          0          0       1454   usb_mem.o
      1328         88          0        320        256      13738   usb_prop.o
       376         18          0          7          0       2753   usb_pwr.o
       718          8          0          0          0       1870   utf8.o
       968         14          0          0          0       6584   w25q16.o
       820          6          0          0          0       3538   w25qxx.o
      1240         56         85          9          0       8255   xn297l.o

    ----------------------------------------------------------------------
     35204       1568       2040       1272      10608     448408   Object Totals
         0          0         32          0          0          0   (incl. Generated)
         2          0          3         16          0          0   (incl. Padding)

    ----------------------------------------------------------------------

      Code (inc. data)   RO Data    RW Data    ZI Data      Debug   Library Member Name

       300          0          0          0          0        436   fifo.o
        86          0          0          0          0          0   __dczerorl2.o
         0          0          0          0          0          0   entry.o
         0          0          0          0          0          0   entry10a.o
         0          0          0          0          0          0   entry11a.o
         8          4          0          0          0          0   entry2.o
         4          0          0          0          0          0   entry5.o
         0          0          0          0          0          0   entry7b.o
         0          0          0          0          0          0   entry8b.o
         8          4          0          0          0          0   entry9a.o
        30          0          0          0          0          0   handlers.o
        36          8          0          0          0         68   init.o
         0          0          0          0          0          0   iusefp.o
        30          0          0          0          0         68   llshl.o
        32          0          0          0          0         68   llushr.o
       188         20          0          0          0        160   malloc.o
        26          0          0          0          0         80   memcmp.o
        36          0          0          0          0         68   memcpya.o
        36          0          0          0          0        108   memseta.o
         0          0          0          8          0          0   mvars.o
       264          6          0          0          0        244   printf2.o
        14          0          0          0          0         68   strlen.o
       222          0          0          0          0        100   ddiv.o
       186          0          0          0          0        176   depilogue.o
        50          0          0          0          0         76   dfixui.o
        26          0          0          0          0         76   dfltui.o

    ----------------------------------------------------------------------
      1584         42          0          8          0       1796   Library Totals
         2          0          0          0          0          0   (incl. Padding)

    ----------------------------------------------------------------------

      Code (inc. data)   RO Data    RW Data    ZI Data      Debug   Library Name

       300          0          0          0          0        436   FIFO.lib
       798         42          0          8          0        932   mc_w.l
       484          0          0          0          0        428   mf_w.l

    ----------------------------------------------------------------------
      1584         42          0          8          0       1796   Library Totals

    ----------------------------------------------------------------------

==============================================================================


      Code (inc. data)   RO Data    RW Data    ZI Data      Debug   

     36788       1610       2040       1280      10608     444040   Grand Totals
     36788       1610       2040        564      10608     444040   ELF Image Totals (compressed)
     36788       1610       2040        564          0          0   ROM Totals

==============================================================================

    Total RO  Size (Code + RO Data)                38828 (  37.92kB)
    Total RW  Size (RW Data + ZI Data)             11888 (  11.61kB)
    Total ROM Size (Code + RO Data + RW Data)      39392 (  38.47kB)

==============================================================================

